Archive member included because of file (symbol)

/home/johannes/Ac6/SystemWorkbench/plugins/fr.ac6.mcu.externaltools.arm-none.linux64_1.3.0.201507241112/tools/compiler/bin/../lib/gcc/arm-none-eabi/4.9.3/../../../../arm-none-eabi/lib/armv7e-m/fpu/libc_nano.a(lib_a-exit.o)
                              /home/johannes/Ac6/SystemWorkbench/plugins/fr.ac6.mcu.externaltools.arm-none.linux64_1.3.0.201507241112/tools/compiler/bin/../lib/gcc/arm-none-eabi/4.9.3/../../../../arm-none-eabi/lib/armv7e-m/fpu/crt0.o (exit)
/home/johannes/Ac6/SystemWorkbench/plugins/fr.ac6.mcu.externaltools.arm-none.linux64_1.3.0.201507241112/tools/compiler/bin/../lib/gcc/arm-none-eabi/4.9.3/../../../../arm-none-eabi/lib/armv7e-m/fpu/libc_nano.a(lib_a-impure.o)
                              /home/johannes/Ac6/SystemWorkbench/plugins/fr.ac6.mcu.externaltools.arm-none.linux64_1.3.0.201507241112/tools/compiler/bin/../lib/gcc/arm-none-eabi/4.9.3/../../../../arm-none-eabi/lib/armv7e-m/fpu/libc_nano.a(lib_a-exit.o) (_global_impure_ptr)
/home/johannes/Ac6/SystemWorkbench/plugins/fr.ac6.mcu.externaltools.arm-none.linux64_1.3.0.201507241112/tools/compiler/bin/../lib/gcc/arm-none-eabi/4.9.3/../../../../arm-none-eabi/lib/armv7e-m/fpu/libc_nano.a(lib_a-init.o)
                              /home/johannes/Ac6/SystemWorkbench/plugins/fr.ac6.mcu.externaltools.arm-none.linux64_1.3.0.201507241112/tools/compiler/bin/../lib/gcc/arm-none-eabi/4.9.3/../../../../arm-none-eabi/lib/armv7e-m/fpu/crt0.o (__libc_init_array)
/home/johannes/Ac6/SystemWorkbench/plugins/fr.ac6.mcu.externaltools.arm-none.linux64_1.3.0.201507241112/tools/compiler/bin/../lib/gcc/arm-none-eabi/4.9.3/../../../../arm-none-eabi/lib/armv7e-m/fpu/libc_nano.a(lib_a-memset.o)
                              /home/johannes/Ac6/SystemWorkbench/plugins/fr.ac6.mcu.externaltools.arm-none.linux64_1.3.0.201507241112/tools/compiler/bin/../lib/gcc/arm-none-eabi/4.9.3/../../../../arm-none-eabi/lib/armv7e-m/fpu/crt0.o (memset)
/home/johannes/Ac6/SystemWorkbench/plugins/fr.ac6.mcu.externaltools.arm-none.linux64_1.3.0.201507241112/tools/compiler/bin/../lib/gcc/arm-none-eabi/4.9.3/../../../../arm-none-eabi/lib/armv7e-m/fpu/libnosys.a(_exit.o)
                              /home/johannes/Ac6/SystemWorkbench/plugins/fr.ac6.mcu.externaltools.arm-none.linux64_1.3.0.201507241112/tools/compiler/bin/../lib/gcc/arm-none-eabi/4.9.3/../../../../arm-none-eabi/lib/armv7e-m/fpu/libc_nano.a(lib_a-exit.o) (_exit)

Allocating common symbols
Common symbol       size              file

pFlash              0x20              Drivers/STM32F4xx_HAL_Driver/stm32f4xx_hal_flash.o
I2cHandle           0x3c              Drivers/BSP/STM32F429I-Discovery/stm32f429i_discovery.o

Discarded input sections

 .text          0x00000000        0x0 /home/johannes/Ac6/SystemWorkbench/plugins/fr.ac6.mcu.externaltools.arm-none.linux64_1.3.0.201507241112/tools/compiler/bin/../lib/gcc/arm-none-eabi/4.9.3/armv7e-m/fpu/crti.o
 .data          0x00000000        0x0 /home/johannes/Ac6/SystemWorkbench/plugins/fr.ac6.mcu.externaltools.arm-none.linux64_1.3.0.201507241112/tools/compiler/bin/../lib/gcc/arm-none-eabi/4.9.3/armv7e-m/fpu/crti.o
 .bss           0x00000000        0x0 /home/johannes/Ac6/SystemWorkbench/plugins/fr.ac6.mcu.externaltools.arm-none.linux64_1.3.0.201507241112/tools/compiler/bin/../lib/gcc/arm-none-eabi/4.9.3/armv7e-m/fpu/crti.o
 .data          0x00000000        0x4 /home/johannes/Ac6/SystemWorkbench/plugins/fr.ac6.mcu.externaltools.arm-none.linux64_1.3.0.201507241112/tools/compiler/bin/../lib/gcc/arm-none-eabi/4.9.3/armv7e-m/fpu/crtbegin.o
 .text          0x00000000       0x74 /home/johannes/Ac6/SystemWorkbench/plugins/fr.ac6.mcu.externaltools.arm-none.linux64_1.3.0.201507241112/tools/compiler/bin/../lib/gcc/arm-none-eabi/4.9.3/../../../../arm-none-eabi/lib/armv7e-m/fpu/crt0.o
 .data          0x00000000        0x0 /home/johannes/Ac6/SystemWorkbench/plugins/fr.ac6.mcu.externaltools.arm-none.linux64_1.3.0.201507241112/tools/compiler/bin/../lib/gcc/arm-none-eabi/4.9.3/../../../../arm-none-eabi/lib/armv7e-m/fpu/crt0.o
 .bss           0x00000000        0x0 /home/johannes/Ac6/SystemWorkbench/plugins/fr.ac6.mcu.externaltools.arm-none.linux64_1.3.0.201507241112/tools/compiler/bin/../lib/gcc/arm-none-eabi/4.9.3/../../../../arm-none-eabi/lib/armv7e-m/fpu/crt0.o
 .ARM.extab     0x00000000        0x0 /home/johannes/Ac6/SystemWorkbench/plugins/fr.ac6.mcu.externaltools.arm-none.linux64_1.3.0.201507241112/tools/compiler/bin/../lib/gcc/arm-none-eabi/4.9.3/../../../../arm-none-eabi/lib/armv7e-m/fpu/crt0.o
 .ARM.exidx     0x00000000        0x8 /home/johannes/Ac6/SystemWorkbench/plugins/fr.ac6.mcu.externaltools.arm-none.linux64_1.3.0.201507241112/tools/compiler/bin/../lib/gcc/arm-none-eabi/4.9.3/../../../../arm-none-eabi/lib/armv7e-m/fpu/crt0.o
 .ARM.attributes
[...]
Memory Configuration

Name             Origin             Length             Attributes
FLASH            0x08000000         0x00200000         xr
RAM              0x20000000         0x00030000         xrw
CCMRAM           0x10000000         0x00010000         rw
*default*        0x00000000         0xffffffff

Linker script and memory map

LOAD /home/johannes/Ac6/SystemWorkbench/plugins/fr.ac6.mcu.externaltools.arm-none.linux64_1.3.0.201507241112/tools/compiler/bin/../lib/gcc/arm-none-eabi/4.9.3/armv7e-m/fpu/crti.o
LOAD /home/johannes/Ac6/SystemWorkbench/plugins/fr.ac6.mcu.externaltools.arm-none.linux64_1.3.0.201507241112/tools/compiler/bin/../lib/gcc/arm-none-eabi/4.9.3/armv7e-m/fpu/crtbegin.o
LOAD /home/johannes/Ac6/SystemWorkbench/plugins/fr.ac6.mcu.externaltools.arm-none.linux64_1.3.0.201507241112/tools/compiler/bin/../lib/gcc/arm-none-eabi/4.9.3/../../../../arm-none-eabi/lib/armv7e-m/fpu/crt0.o
LOAD /home/johannes/Ac6/SystemWorkbench/plugins/fr.ac6.mcu.externaltools.arm-none.linux64_1.3.0.201507241112/tools/compiler/bin/../lib/gcc/arm-none-eabi/4.9.3/../../../../arm-none-eabi/lib/armv7e-m/fpu/libm.a
LOAD Example/User/main.o
LOAD Example/User/stm32f4xx_it.o
LOAD Example/SW4STM32/startup_stm32f429xx.o
LOAD Drivers/STM32F4xx_HAL_Driver/stm32f4xx_hal.o
LOAD Drivers/STM32F4xx_HAL_Driver/stm32f4xx_hal_cortex.o
LOAD Drivers/STM32F4xx_HAL_Driver/stm32f4xx_hal_dma.o
LOAD Drivers/STM32F4xx_HAL_Driver/stm32f4xx_hal_flash.o
LOAD Drivers/STM32F4xx_HAL_Driver/stm32f4xx_hal_flash_ex.o
LOAD Drivers/STM32F4xx_HAL_Driver/stm32f4xx_hal_gpio.o
LOAD Drivers/STM32F4xx_HAL_Driver/stm32f4xx_hal_i2c.o
LOAD Drivers/STM32F4xx_HAL_Driver/stm32f4xx_hal_i2c_ex.o
LOAD Drivers/STM32F4xx_HAL_Driver/stm32f4xx_hal_pwr.o
LOAD Drivers/STM32F4xx_HAL_Driver/stm32f4xx_hal_pwr_ex.o
LOAD Drivers/STM32F4xx_HAL_Driver/stm32f4xx_hal_rcc.o
LOAD Drivers/STM32F4xx_HAL_Driver/stm32f4xx_hal_rcc_ex.o
LOAD Drivers/STM32F4xx_HAL_Driver/stm32f4xx_hal_spi.o
LOAD Drivers/CMSIS/system_stm32f4xx.o
LOAD Drivers/BSP/STM32F429I-Discovery/stm32f429i_discovery.o
START GROUP
LOAD /home/johannes/Ac6/SystemWorkbench/plugins/fr.ac6.mcu.externaltools.arm-none.linux64_1.3.0.201507241112/tools/compiler/bin/../lib/gcc/arm-none-eabi/4.9.3/armv7e-m/fpu/libgcc.a
LOAD /home/johannes/Ac6/SystemWorkbench/plugins/fr.ac6.mcu.externaltools.arm-none.linux64_1.3.0.201507241112/tools/compiler/bin/../lib/gcc/arm-none-eabi/4.9.3/../../../../arm-none-eabi/lib/armv7e-m/fpu/libc_nano.a
END GROUP
START GROUP
LOAD /home/johannes/Ac6/SystemWorkbench/plugins/fr.ac6.mcu.externaltools.arm-none.linux64_1.3.0.201507241112/tools/compiler/bin/../lib/gcc/arm-none-eabi/4.9.3/armv7e-m/fpu/libgcc.a
LOAD /home/johannes/Ac6/SystemWorkbench/plugins/fr.ac6.mcu.externaltools.arm-none.linux64_1.3.0.201507241112/tools/compiler/bin/../lib/gcc/arm-none-eabi/4.9.3/../../../../arm-none-eabi/lib/armv7e-m/fpu/libc_nano.a
LOAD /home/johannes/Ac6/SystemWorkbench/plugins/fr.ac6.mcu.externaltools.arm-none.linux64_1.3.0.201507241112/tools/compiler/bin/../lib/gcc/arm-none-eabi/4.9.3/../../../../arm-none-eabi/lib/armv7e-m/fpu/libnosys.a
END GROUP
START GROUP
LOAD /home/johannes/Ac6/SystemWorkbench/plugins/fr.ac6.mcu.externaltools.arm-none.linux64_1.3.0.201507241112/tools/compiler/bin/../lib/gcc/arm-none-eabi/4.9.3/armv7e-m/fpu/libgcc.a
LOAD /home/johannes/Ac6/SystemWorkbench/plugins/fr.ac6.mcu.externaltools.arm-none.linux64_1.3.0.201507241112/tools/compiler/bin/../lib/gcc/arm-none-eabi/4.9.3/../../../../arm-none-eabi/lib/armv7e-m/fpu/libc_nano.a
LOAD /home/johannes/Ac6/SystemWorkbench/plugins/fr.ac6.mcu.externaltools.arm-none.linux64_1.3.0.201507241112/tools/compiler/bin/../lib/gcc/arm-none-eabi/4.9.3/../../../../arm-none-eabi/lib/armv7e-m/fpu/libnosys.a
END GROUP
LOAD /home/johannes/Ac6/SystemWorkbench/plugins/fr.ac6.mcu.externaltools.arm-none.linux64_1.3.0.201507241112/tools/compiler/bin/../lib/gcc/arm-none-eabi/4.9.3/armv7e-m/fpu/crtend.o
LOAD /home/johannes/Ac6/SystemWorkbench/plugins/fr.ac6.mcu.externaltools.arm-none.linux64_1.3.0.201507241112/tools/compiler/bin/../lib/gcc/arm-none-eabi/4.9.3/armv7e-m/fpu/crtn.o
                0x2002ffff                _estack = 0x2002ffff
                0x00000200                _Min_Heap_Size = 0x200
                0x00000400                _Min_Stack_Size = 0x400

.isr_vector     0x08000000      0x1ac
                0x08000000                . = ALIGN (0x4)
 *(.isr_vector)
 .isr_vector    0x08000000      0x1ac Example/SW4STM32/startup_stm32f429xx.o
                0x08000000                g_pfnVectors
                0x080001ac                . = ALIGN (0x4)

.text           0x080001ac      0xd24
                0x080001ac                . = ALIGN (0x4)
 *(.text)
 .text          0x080001ac       0x5c /home/johannes/Ac6/SystemWorkbench/plugins/fr.ac6.mcu.externaltools.arm-none.linux64_1.3.0.201507241112/tools/compiler/bin/../lib/gcc/arm-none-eabi/4.9.3/armv7e-m/fpu/crtbegin.o
 *(.text*)
 .text.startup.main
                0x08000208      0x128 Example/User/main.o
                0x08000208                main
 .text.HAL_GPIO_EXTI_Callback
                0x08000330       0x14 Example/User/main.o
                0x08000330                HAL_GPIO_EXTI_Callback
 .text.NMI_Handler
                0x08000344        0x2 Example/User/stm32f4xx_it.o
                0x08000344                NMI_Handler
 .text.HardFault_Handler
                0x08000346        0x2 Example/User/stm32f4xx_it.o
                0x08000346                HardFault_Handler
 .text.MemManage_Handler
                0x08000348        0x2 Example/User/stm32f4xx_it.o
                0x08000348                MemManage_Handler
 .text.BusFault_Handler
                0x0800034a        0x2 Example/User/stm32f4xx_it.o
                0x0800034a                BusFault_Handler
 .text.UsageFault_Handler
                0x0800034c        0x2 Example/User/stm32f4xx_it.o
                0x0800034c                UsageFault_Handler
 .text.SVC_Handler
                0x0800034e        0x2 Example/User/stm32f4xx_it.o
                0x0800034e                SVC_Handler
 .text.DebugMon_Handler
                0x08000350        0x2 Example/User/stm32f4xx_it.o
                0x08000350                DebugMon_Handler
 .text.PendSV_Handler
                0x08000352        0x2 Example/User/stm32f4xx_it.o
                0x08000352                PendSV_Handler
 .text.SysTick_Handler
                0x08000354        0x4 Example/User/stm32f4xx_it.o
                0x08000354                SysTick_Handler
 .text.EXTI0_IRQHandler
                0x08000358        0x6 Example/User/stm32f4xx_it.o
                0x08000358                EXTI0_IRQHandler
 .text.EXTI2_IRQHandler
                0x0800035e        0x6 Example/User/stm32f4xx_it.o
                0x0800035e                EXTI2_IRQHandler
 .text.Reset_Handler
                0x08000364       0x50 Example/SW4STM32/startup_stm32f429xx.o
                0x08000364                Reset_Handler
 .text.Default_Handler
                0x080003b4        0x2 Example/SW4STM32/startup_stm32f429xx.o
                0x080003b4                RTC_Alarm_IRQHandler
                0x080003b4                HASH_RNG_IRQHandler
                0x080003b4                TIM8_CC_IRQHandler
                0x080003b4                UART8_IRQHandler
                0x080003b4                SPI4_IRQHandler
                0x080003b4                TIM1_CC_IRQHandler
                0x080003b4                DMA2_Stream5_IRQHandler
                0x080003b4                DMA1_Stream5_IRQHandler
                0x080003b4                PVD_IRQHandler
                0x080003b4                SDIO_IRQHandler
                0x080003b4                TAMP_STAMP_IRQHandler
                0x080003b4                CAN2_RX1_IRQHandler
                0x080003b4                EXTI3_IRQHandler
                0x080003b4                TIM8_TRG_COM_TIM14_IRQHandler
                0x080003b4                TIM1_UP_TIM10_IRQHandler
                0x080003b4                TIM8_UP_TIM13_IRQHandler
                0x080003b4                I2C3_ER_IRQHandler
                0x080003b4                I2C2_EV_IRQHandler
                0x080003b4                DMA1_Stream2_IRQHandler
                0x080003b4                CAN1_RX0_IRQHandler
                0x080003b4                FPU_IRQHandler
                0x080003b4                OTG_HS_WKUP_IRQHandler
                0x080003b4                LTDC_ER_IRQHandler
                0x080003b4                CAN2_SCE_IRQHandler
                0x080003b4                DMA2_Stream2_IRQHandler
                0x080003b4                SPI1_IRQHandler
                0x080003b4                TIM6_DAC_IRQHandler
                0x080003b4                TIM1_BRK_TIM9_IRQHandler
                0x080003b4                DCMI_IRQHandler
                0x080003b4                CAN2_RX0_IRQHandler
                0x080003b4                DMA2_Stream3_IRQHandler
                0x080003b4                USART6_IRQHandler
                0x080003b4                USART3_IRQHandler
                0x080003b4                CAN1_RX1_IRQHandler
                0x080003b4                UART5_IRQHandler
                0x080003b4                DMA2_Stream0_IRQHandler
                0x080003b4                TIM4_IRQHandler
                0x080003b4                I2C1_EV_IRQHandler
                0x080003b4                DMA1_Stream6_IRQHandler
                0x080003b4                DMA1_Stream1_IRQHandler
                0x080003b4                UART4_IRQHandler
                0x080003b4                TIM3_IRQHandler
                0x080003b4                RCC_IRQHandler
                0x080003b4                TIM8_BRK_TIM12_IRQHandler
                0x080003b4                Default_Handler
                0x080003b4                EXTI15_10_IRQHandler
                0x080003b4                ADC_IRQHandler
                0x080003b4                DMA1_Stream7_IRQHandler
                0x080003b4                SPI5_IRQHandler
                0x080003b4                TIM7_IRQHandler
                0x080003b4                CAN2_TX_IRQHandler
                0x080003b4                TIM5_IRQHandler
                0x080003b4                DMA2_Stream7_IRQHandler
                0x080003b4                I2C3_EV_IRQHandler
                0x080003b4                EXTI9_5_IRQHandler
                0x080003b4                RTC_WKUP_IRQHandler
                0x080003b4                LTDC_IRQHandler
                0x080003b4                ETH_WKUP_IRQHandler
                0x080003b4                SPI2_IRQHandler
                0x080003b4                OTG_HS_EP1_IN_IRQHandler
                0x080003b4                DMA1_Stream0_IRQHandler
                0x080003b4                CAN1_TX_IRQHandler
                0x080003b4                EXTI4_IRQHandler
                0x080003b4                ETH_IRQHandler
                0x080003b4                OTG_HS_EP1_OUT_IRQHandler
                0x080003b4                WWDG_IRQHandler
                0x080003b4                SPI6_IRQHandler
                0x080003b4                TIM2_IRQHandler
                0x080003b4                OTG_FS_WKUP_IRQHandler
                0x080003b4                TIM1_TRG_COM_TIM11_IRQHandler
                0x080003b4                OTG_HS_IRQHandler
                0x080003b4                DMA2D_IRQHandler
                0x080003b4                EXTI1_IRQHandler
                0x080003b4                UART7_IRQHandler
                0x080003b4                USART2_IRQHandler
                0x080003b4                I2C2_ER_IRQHandler
                0x080003b4                DMA2_Stream1_IRQHandler
                0x080003b4                CAN1_SCE_IRQHandler
                0x080003b4                FLASH_IRQHandler
                0x080003b4                DMA2_Stream4_IRQHandler
                0x080003b4                USART1_IRQHandler
                0x080003b4                OTG_FS_IRQHandler
                0x080003b4                SPI3_IRQHandler
                0x080003b4                DMA1_Stream4_IRQHandler
                0x080003b4                I2C1_ER_IRQHandler
                0x080003b4                FMC_IRQHandler
                0x080003b4                DMA2_Stream6_IRQHandler
                0x080003b4                SAI1_IRQHandler
                0x080003b4                DMA1_Stream3_IRQHandler
 .text.HAL_MspInit
                0x080003b6        0xc Drivers/STM32F4xx_HAL_Driver/stm32f4xx_hal.o
                0x080003b6                HAL_MspInit
 .text.HAL_InitTick
                0x080003c2       0x24 Drivers/STM32F4xx_HAL_Driver/stm32f4xx_hal.o
                0x080003c2                HAL_InitTick
 *fill*         0x080003e6        0x2 
 .text.HAL_Init
                0x080003e8       0x34 Drivers/STM32F4xx_HAL_Driver/stm32f4xx_hal.o
                0x080003e8                HAL_Init
 .text.HAL_IncTick
                0x0800041c       0x10 Drivers/STM32F4xx_HAL_Driver/stm32f4xx_hal.o
                0x0800041c                HAL_IncTick
 .text.HAL_GetTick
                0x0800042c        0xc Drivers/STM32F4xx_HAL_Driver/stm32f4xx_hal.o
                0x0800042c                HAL_GetTick
 .text.HAL_NVIC_SetPriorityGrouping
                0x08000438       0x24 Drivers/STM32F4xx_HAL_Driver/stm32f4xx_hal_cortex.o
                0x08000438                HAL_NVIC_SetPriorityGrouping
 .text.HAL_NVIC_SetPriority
                0x0800045c       0x60 Drivers/STM32F4xx_HAL_Driver/stm32f4xx_hal_cortex.o
                0x0800045c                HAL_NVIC_SetPriority
 .text.HAL_NVIC_EnableIRQ
                0x080004bc       0x18 Drivers/STM32F4xx_HAL_Driver/stm32f4xx_hal_cortex.o
                0x080004bc                HAL_NVIC_EnableIRQ
 .text.HAL_SYSTICK_Config
                0x080004d4       0x2c Drivers/STM32F4xx_HAL_Driver/stm32f4xx_hal_cortex.o
                0x080004d4                HAL_SYSTICK_Config
 .text.HAL_GPIO_Init
                0x08000500      0x1e0 Drivers/STM32F4xx_HAL_Driver/stm32f4xx_hal_gpio.o
                0x08000500                HAL_GPIO_Init
 .text.HAL_GPIO_WritePin
                0x080006e0        0x8 Drivers/STM32F4xx_HAL_Driver/stm32f4xx_hal_gpio.o
                0x080006e0                HAL_GPIO_WritePin
 .text.HAL_GPIO_TogglePin
                0x080006e8        0x8 Drivers/STM32F4xx_HAL_Driver/stm32f4xx_hal_gpio.o
                0x080006e8                HAL_GPIO_TogglePin
 .text.HAL_GPIO_EXTI_IRQHandler
                0x080006f0       0x18 Drivers/STM32F4xx_HAL_Driver/stm32f4xx_hal_gpio.o
                0x080006f0                HAL_GPIO_EXTI_IRQHandler
 .text.HAL_PWREx_EnableOverDrive
                0x08000708       0x98 Drivers/STM32F4xx_HAL_Driver/stm32f4xx_hal_pwr_ex.o
                0x08000708                HAL_PWREx_EnableOverDrive
 .text.HAL_RCC_OscConfig
                0x080007a0      0x314 Drivers/STM32F4xx_HAL_Driver/stm32f4xx_hal_rcc.o
                0x080007a0                HAL_RCC_OscConfig
 .text.HAL_RCC_ClockConfig
                0x08000ab4      0x208 Drivers/STM32F4xx_HAL_Driver/stm32f4xx_hal_rcc.o
                0x08000ab4                HAL_RCC_ClockConfig
 .text.HAL_RCC_GetSysClockFreq
                0x08000cbc       0x80 Drivers/STM32F4xx_HAL_Driver/stm32f4xx_hal_rcc.o
                0x08000cbc                HAL_RCC_GetSysClockFreq
 .text.HAL_RCC_GetHCLKFreq
                0x08000d3c       0x34 Drivers/STM32F4xx_HAL_Driver/stm32f4xx_hal_rcc.o
                0x08000d3c                HAL_RCC_GetHCLKFreq
 .text.SystemInit
                0x08000d70       0x4c Drivers/CMSIS/system_stm32f4xx.o
                0x08000d70                SystemInit
 .text.BSP_LED_Init
                0x08000dbc       0x74 Drivers/BSP/STM32F429I-Discovery/stm32f429i_discovery.o
                0x08000dbc                BSP_LED_Init
 .text.BSP_LED_On
                0x08000e30       0x20 Drivers/BSP/STM32F429I-Discovery/stm32f429i_discovery.o
                0x08000e30                BSP_LED_On
 .text.BSP_LED_Toggle
                0x08000e50       0x1c Drivers/BSP/STM32F429I-Discovery/stm32f429i_discovery.o
                0x08000e50                BSP_LED_Toggle
 .text.__libc_init_array
                0x08000e6c       0x4c /home/johannes/Ac6/SystemWorkbench/plugins/fr.ac6.mcu.externaltools.arm-none.linux64_1.3.0.201507241112/tools/compiler/bin/../lib/gcc/arm-none-eabi/4.9.3/../../../../arm-none-eabi/lib/armv7e-m/fpu/libc_nano.a(lib_a-init.o)
                0x08000e6c                __libc_init_array
 *(.glue_7)
 .glue_7        0x00000000        0x0 linker stubs
 *(.glue_7t)
 .glue_7t       0x00000000        0x0 linker stubs
 *(.eh_frame)
 .eh_frame      0x08000eb8        0x0 /home/johannes/Ac6/SystemWorkbench/plugins/fr.ac6.mcu.externaltools.arm-none.linux64_1.3.0.201507241112/tools/compiler/bin/../lib/gcc/arm-none-eabi/4.9.3/armv7e-m/fpu/crtbegin.o
 *(.init)
 .init          0x08000eb8        0x4 /home/johannes/Ac6/SystemWorkbench/plugins/fr.ac6.mcu.externaltools.arm-none.linux64_1.3.0.201507241112/tools/compiler/bin/../lib/gcc/arm-none-eabi/4.9.3/armv7e-m/fpu/crti.o
                0x08000eb8                _init
 .init          0x08000ebc        0x8 /home/johannes/Ac6/SystemWorkbench/plugins/fr.ac6.mcu.externaltools.arm-none.linux64_1.3.0.201507241112/tools/compiler/bin/../lib/gcc/arm-none-eabi/4.9.3/armv7e-m/fpu/crtn.o
 *(.fini)
 .fini          0x08000ec4        0x4 /home/johannes/Ac6/SystemWorkbench/plugins/fr.ac6.mcu.externaltools.arm-none.linux64_1.3.0.201507241112/tools/compiler/bin/../lib/gcc/arm-none-eabi/4.9.3/armv7e-m/fpu/crti.o
                0x08000ec4                _fini
 .fini          0x08000ec8        0x8 /home/johannes/Ac6/SystemWorkbench/plugins/fr.ac6.mcu.externaltools.arm-none.linux64_1.3.0.201507241112/tools/compiler/bin/../lib/gcc/arm-none-eabi/4.9.3/armv7e-m/fpu/crtn.o
                0x08000ed0                . = ALIGN (0x4)
                0x08000ed0                _etext = .

.vfp11_veneer   0x08000ed0        0x0
 .vfp11_veneer  0x00000000        0x0 linker stubs

.v4_bx          0x08000ed0        0x0
 .v4_bx         0x00000000        0x0 linker stubs

.iplt           0x08000ed0        0x0
 .iplt          0x00000000        0x0 /home/johannes/Ac6/SystemWorkbench/plugins/fr.ac6.mcu.externaltools.arm-none.linux64_1.3.0.201507241112/tools/compiler/bin/../lib/gcc/arm-none-eabi/4.9.3/armv7e-m/fpu/crtbegin.o

.rodata         0x08000ed0       0x18
                0x08000ed0                . = ALIGN (0x4)
 *(.rodata)
 .rodata        0x08000ed0       0x10 Drivers/STM32F4xx_HAL_Driver/stm32f4xx_hal_rcc.o
                0x08000ed0                APBAHBPrescTable
 .rodata        0x08000ee0        0x8 Drivers/BSP/STM32F429I-Discovery/stm32f429i_discovery.o
                0x08000ee0                GPIO_PIN
                0x08000ee4                BUTTON_IRQn
                0x08000ee6                BUTTON_PIN
 *(.rodata*)
                0x08000ee8                . = ALIGN (0x4)

.rel.dyn        0x08000ee8        0x0
 .rel.iplt      0x00000000        0x0 /home/johannes/Ac6/SystemWorkbench/plugins/fr.ac6.mcu.externaltools.arm-none.linux64_1.3.0.201507241112/tools/compiler/bin/../lib/gcc/arm-none-eabi/4.9.3/armv7e-m/fpu/crtbegin.o

.ARM.extab
 *(.ARM.extab* .gnu.linkonce.armextab.*)

.ARM            0x08000ee8        0x0
                0x08000ee8                __exidx_start = .
 *(.ARM.exidx*)
                0x08000ee8                __exidx_end = .

.preinit_array  0x08000ee8        0x0
                0x08000ee8                PROVIDE (__preinit_array_start, .)
 *(.preinit_array*)
                0x08000ee8                PROVIDE (__preinit_array_end, .)

.init_array     0x08000ee8        0x4
                0x08000ee8                PROVIDE (__init_array_start, .)
 *(SORT(.init_array.*))
 *(.init_array*)
 .init_array    0x08000ee8        0x4 /home/johannes/Ac6/SystemWorkbench/plugins/fr.ac6.mcu.externaltools.arm-none.linux64_1.3.0.201507241112/tools/compiler/bin/../lib/gcc/arm-none-eabi/4.9.3/armv7e-m/fpu/crtbegin.o
                0x08000eec                PROVIDE (__init_array_end, .)

.fini_array     0x08000eec        0x4
                0x08000eec                PROVIDE (__fini_array_start, .)
 *(SORT(.fini_array.*))
 *(.fini_array*)
 .fini_array    0x08000eec        0x4 /home/johannes/Ac6/SystemWorkbench/plugins/fr.ac6.mcu.externaltools.arm-none.linux64_1.3.0.201507241112/tools/compiler/bin/../lib/gcc/arm-none-eabi/4.9.3/armv7e-m/fpu/crtbegin.o
                0x08000ef0                PROVIDE (__fini_array_end, .)
                0x08000ef0                _sidata = LOADADDR (.data)

.data           0x20000000       0x28 load address 0x08000ef0
                0x20000000                . = ALIGN (0x4)
                0x20000000                _sdata = .
 *(.data)
 .data          0x20000000       0x14 Drivers/CMSIS/system_stm32f4xx.o
                0x20000000                SystemCoreClock
                0x20000004                AHBPrescTable
 .data          0x20000014       0x14 Drivers/BSP/STM32F429I-Discovery/stm32f429i_discovery.o
                0x20000014                SpixTimeout
                0x20000018                GPIO_PORT
                0x20000020                BUTTON_PORT
                0x20000024                I2cxTimeout
 *(.data*)
                0x20000028                . = ALIGN (0x4)
                0x20000028                _edata = .
                0x08000f18                _siccmram = LOADADDR (.ccmram)

.jcr            0x20000028        0x0 load address 0x08000f18
 .jcr           0x20000028        0x0 /home/johannes/Ac6/SystemWorkbench/plugins/fr.ac6.mcu.externaltools.arm-none.linux64_1.3.0.201507241112/tools/compiler/bin/../lib/gcc/arm-none-eabi/4.9.3/armv7e-m/fpu/crtbegin.o

.igot.plt       0x20000028        0x0 load address 0x08000f18
 .igot.plt      0x00000000        0x0 /home/johannes/Ac6/SystemWorkbench/plugins/fr.ac6.mcu.externaltools.arm-none.linux64_1.3.0.201507241112/tools/compiler/bin/../lib/gcc/arm-none-eabi/4.9.3/armv7e-m/fpu/crtbegin.o

.ccmram         0x10000000        0x0 load address 0x08000f18
                0x10000000                . = ALIGN (0x4)
                0x10000000                _sccmram = .
 *(.ccmram)
 *(.ccmram*)
                0x10000000                . = ALIGN (0x4)
                0x10000000                _eccmram = .
                0x10000000                . = ALIGN (0x4)

.bss            0x20000028       0x20
                0x20000028                _sbss = .
                0x20000028                __bss_start__ = _sbss
 *(.bss)
 .bss           0x20000028       0x1c /home/johannes/Ac6/SystemWorkbench/plugins/fr.ac6.mcu.externaltools.arm-none.linux64_1.3.0.201507241112/tools/compiler/bin/../lib/gcc/arm-none-eabi/4.9.3/armv7e-m/fpu/crtbegin.o
 .bss           0x20000044        0x4 Drivers/STM32F4xx_HAL_Driver/stm32f4xx_hal.o
 *(.bss*)
 *(COMMON)
                0x20000048                . = ALIGN (0x4)
                0x20000048                _ebss = .
                0x20000048                __bss_end__ = _ebss

._user_heap_stack
                0x20000048      0x600
                0x20000048                . = ALIGN (0x4)
                0x20000048                PROVIDE (end, .)
                0x20000048                PROVIDE (_end, .)
                0x20000248                . = (. + _Min_Heap_Size)
 *fill*         0x20000048      0x200 
                0x20000648                . = (. + _Min_Stack_Size)
 *fill*         0x20000248      0x400 
                0x20000648                . = ALIGN (0x4)

/DISCARD/
 libc.a(*)
 libm.a(*)
 libgcc.a(*)

.ARM.attributes
                0x00000000       0x30
 *(.ARM.attributes)
 .ARM.attributes
                0x00000000       0x22 /home/johannes/Ac6/SystemWorkbench/plugins/fr.ac6.mcu.externaltools.arm-none.linux64_1.3.0.201507241112/tools/compiler/bin/../lib/gcc/arm-none-eabi/4.9.3/armv7e-m/fpu/crti.o
 .ARM.attributes
                0x00000022       0x34 /home/johannes/Ac6/SystemWorkbench/plugins/fr.ac6.mcu.externaltools.arm-none.linux64_1.3.0.201507241112/tools/compiler/bin/../lib/gcc/arm-none-eabi/4.9.3/armv7e-m/fpu/crtbegin.o
 .ARM.attributes
                0x00000056       0x39 Example/User/main.o
 .ARM.attributes
                0x0000008f       0x39 Example/User/stm32f4xx_it.o
 .ARM.attributes
                0x000000c8       0x21 Example/SW4STM32/startup_stm32f429xx.o
 .ARM.attributes
                0x000000e9       0x39 Drivers/STM32F4xx_HAL_Driver/stm32f4xx_hal.o
 .ARM.attributes
                0x00000122       0x39 Drivers/STM32F4xx_HAL_Driver/stm32f4xx_hal_cortex.o
 .ARM.attributes
                0x0000015b       0x39 Drivers/STM32F4xx_HAL_Driver/stm32f4xx_hal_gpio.o
 .ARM.attributes
                0x00000194       0x39 Drivers/STM32F4xx_HAL_Driver/stm32f4xx_hal_pwr_ex.o
 .ARM.attributes
                0x000001cd       0x39 Drivers/STM32F4xx_HAL_Driver/stm32f4xx_hal_rcc.o
 .ARM.attributes
                0x00000206       0x39 Drivers/CMSIS/system_stm32f4xx.o
 .ARM.attributes
                0x0000023f       0x39 Drivers/BSP/STM32F429I-Discovery/stm32f429i_discovery.o
 .ARM.attributes
                0x00000278       0x34 /home/johannes/Ac6/SystemWorkbench/plugins/fr.ac6.mcu.externaltools.arm-none.linux64_1.3.0.201507241112/tools/compiler/bin/../lib/gcc/arm-none-eabi/4.9.3/../../../../arm-none-eabi/lib/armv7e-m/fpu/libc_nano.a(lib_a-init.o)
 .ARM.attributes
                0x000002ac       0x22 /home/johannes/Ac6/SystemWorkbench/plugins/fr.ac6.mcu.externaltools.arm-none.linux64_1.3.0.201507241112/tools/compiler/bin/../lib/gcc/arm-none-eabi/4.9.3/armv7e-m/fpu/crtn.o
OUTPUT(STM32F429I-Discovery.elf elf32-littlearm)

.debug_info     0x00000000     0x6be0
 .debug_info    0x00000000      0xb57 Example/User/main.o
 .debug_info    0x00000b57      0x1c1 Example/User/stm32f4xx_it.o
 .debug_info    0x00000d18      0x14d Example/SW4STM32/startup_stm32f429xx.o
 .debug_info    0x00000e65      0xa23 Drivers/STM32F4xx_HAL_Driver/stm32f4xx_hal.o
 .debug_info    0x00001888      0xebd Drivers/STM32F4xx_HAL_Driver/stm32f4xx_hal_cortex.o
 .debug_info    0x00002745      0x73b Drivers/STM32F4xx_HAL_Driver/stm32f4xx_hal_gpio.o
 .debug_info    0x00002e80      0x93e Drivers/STM32F4xx_HAL_Driver/stm32f4xx_hal_pwr_ex.o
 .debug_info    0x000037be      0xd63 Drivers/STM32F4xx_HAL_Driver/stm32f4xx_hal_rcc.o
 .debug_info    0x00004521      0x4c8 Drivers/CMSIS/system_stm32f4xx.o
 .debug_info    0x000049e9     0x21f7 Drivers/BSP/STM32F429I-Discovery/stm32f429i_discovery.o

.debug_abbrev   0x00000000     0x1499
 .debug_abbrev  0x00000000      0x23e Example/User/main.o
 .debug_abbrev  0x0000023e       0xd5 Example/User/stm32f4xx_it.o
 .debug_abbrev  0x00000313       0x12 Example/SW4STM32/startup_stm32f429xx.o
 .debug_abbrev  0x00000325      0x266 Drivers/STM32F4xx_HAL_Driver/stm32f4xx_hal.o
 .debug_abbrev  0x0000058b      0x304 Drivers/STM32F4xx_HAL_Driver/stm32f4xx_hal_cortex.o
 .debug_abbrev  0x0000088f      0x1cb Drivers/STM32F4xx_HAL_Driver/stm32f4xx_hal_gpio.o
 .debug_abbrev  0x00000a5a      0x23c Drivers/STM32F4xx_HAL_Driver/stm32f4xx_hal_pwr_ex.o
 .debug_abbrev  0x00000c96      0x340 Drivers/STM32F4xx_HAL_Driver/stm32f4xx_hal_rcc.o
 .debug_abbrev  0x00000fd6      0x104 Drivers/CMSIS/system_stm32f4xx.o
 .debug_abbrev  0x000010da      0x3bf Drivers/BSP/STM32F429I-Discovery/stm32f429i_discovery.o

.debug_loc      0x00000000     0x17df
 .debug_loc     0x00000000       0x45 Example/User/main.o
 .debug_loc     0x00000045       0xa8 Drivers/STM32F4xx_HAL_Driver/stm32f4xx_hal.o
 .debug_loc     0x000000ed      0x31e Drivers/STM32F4xx_HAL_Driver/stm32f4xx_hal_cortex.o
 .debug_loc     0x0000040b      0x3ec Drivers/STM32F4xx_HAL_Driver/stm32f4xx_hal_gpio.o
 .debug_loc     0x000007f7      0x275 Drivers/STM32F4xx_HAL_Driver/stm32f4xx_hal_pwr_ex.o
 .debug_loc     0x00000a6c      0x622 Drivers/STM32F4xx_HAL_Driver/stm32f4xx_hal_rcc.o
 .debug_loc     0x0000108e       0xc8 Drivers/CMSIS/system_stm32f4xx.o
 .debug_loc     0x00001156      0x689 Drivers/BSP/STM32F429I-Discovery/stm32f429i_discovery.o

.debug_aranges  0x00000000      0x480
 .debug_aranges
                0x00000000       0x28 Example/User/main.o
 .debug_aranges
                0x00000028       0x70 Example/User/stm32f4xx_it.o
 .debug_aranges
                0x00000098       0x28 Example/SW4STM32/startup_stm32f429xx.o
 .debug_aranges
                0x000000c0       0xd0 Drivers/STM32F4xx_HAL_Driver/stm32f4xx_hal.o
 .debug_aranges
                0x00000190       0x98 Drivers/STM32F4xx_HAL_Driver/stm32f4xx_hal_cortex.o
 .debug_aranges
                0x00000228       0x58 Drivers/STM32F4xx_HAL_Driver/stm32f4xx_hal_gpio.o
 .debug_aranges
                0x00000280       0x60 Drivers/STM32F4xx_HAL_Driver/stm32f4xx_hal_pwr_ex.o
 .debug_aranges
                0x000002e0       0x88 Drivers/STM32F4xx_HAL_Driver/stm32f4xx_hal_rcc.o
 .debug_aranges
                0x00000368       0x28 Drivers/CMSIS/system_stm32f4xx.o
 .debug_aranges
                0x00000390       0xf0 Drivers/BSP/STM32F429I-Discovery/stm32f429i_discovery.o

.debug_ranges   0x00000000      0x748
 .debug_ranges  0x00000000       0x50 Example/User/main.o
 .debug_ranges  0x00000050       0x60 Example/User/stm32f4xx_it.o
 .debug_ranges  0x000000b0       0x20 Example/SW4STM32/startup_stm32f429xx.o
 .debug_ranges  0x000000d0       0xc0 Drivers/STM32F4xx_HAL_Driver/stm32f4xx_hal.o
 .debug_ranges  0x00000190      0x120 Drivers/STM32F4xx_HAL_Driver/stm32f4xx_hal_cortex.o
 .debug_ranges  0x000002b0       0x48 Drivers/STM32F4xx_HAL_Driver/stm32f4xx_hal_gpio.o
 .debug_ranges  0x000002f8       0x50 Drivers/STM32F4xx_HAL_Driver/stm32f4xx_hal_pwr_ex.o
 .debug_ranges  0x00000348      0x158 Drivers/STM32F4xx_HAL_Driver/stm32f4xx_hal_rcc.o
 .debug_ranges  0x000004a0       0x18 Drivers/CMSIS/system_stm32f4xx.o
 .debug_ranges  0x000004b8      0x290 Drivers/BSP/STM32F429I-Discovery/stm32f429i_discovery.o

.debug_macro    0x00000000    0x1430c
 .debug_macro   0x00000000      0x292 Example/User/main.o
 .debug_macro   0x00000292      0x880 Example/User/main.o
 .debug_macro   0x00000b12      0x1a8 Example/User/main.o
 .debug_macro   0x00000cba       0x2e Example/User/main.o
 .debug_macro   0x00000ce8       0x28 Example/User/main.o
 .debug_macro   0x00000d10       0x22 Example/User/main.o
 .debug_macro   0x00000d32       0x44 Example/User/main.o
 .debug_macro   0x00000d76       0x1c Example/User/main.o
 .debug_macro   0x00000d92      0x1f7 Example/User/main.o
 .debug_macro   0x00000f89       0x35 Example/User/main.o
 .debug_macro   0x00000fbe       0x50 Example/User/main.o
 .debug_macro   0x0000100e      0xe66 Example/User/main.o
 .debug_macro   0x00001e74     0xa15f Example/User/main.o
 .debug_macro   0x0000bfd3       0x43 Example/User/main.o
 .debug_macro   0x0000c016     0x32ff Example/User/main.o
 .debug_macro   0x0000f315       0x58 Example/User/main.o
 .debug_macro   0x0000f36d       0x35 Example/User/main.o
 .debug_macro   0x0000f3a2       0x9c Example/User/main.o
 .debug_macro   0x0000f43e       0x16 Example/User/main.o
 .debug_macro   0x0000f454       0x97 Example/User/main.o
 .debug_macro   0x0000f4eb      0x29d Example/User/main.o
 .debug_macro   0x0000f788       0xef Example/User/main.o
 .debug_macro   0x0000f877       0x10 Example/User/main.o
 .debug_macro   0x0000f887       0x52 Example/User/main.o
 .debug_macro   0x0000f8d9       0x16 Example/User/main.o
 .debug_macro   0x0000f8ef       0x43 Example/User/main.o
 .debug_macro   0x0000f932      0x180 Example/User/main.o
 .debug_macro   0x0000fab2       0x10 Example/User/main.o
 .debug_macro   0x0000fac2       0x22 Example/User/main.o
 .debug_macro   0x0000fae4       0xbd Example/User/main.o
 .debug_macro   0x0000fba1       0x16 Example/User/main.o
 .debug_macro   0x0000fbb7      0x196 Example/User/main.o
 .debug_macro   0x0000fd4d       0x57 Example/User/main.o
 .debug_macro   0x0000fda4      0xc9e Example/User/main.o
 .debug_macro   0x00010a42      0x9d4 Example/User/main.o
 .debug_macro   0x00011416      0x11e Example/User/main.o
 .debug_macro   0x00011534      0x161 Example/User/main.o
 .debug_macro   0x00011695       0x27 Example/User/main.o
 .debug_macro   0x000116bc      0x272 Example/User/main.o
 .debug_macro   0x0001192e       0x5f Example/User/main.o
 .debug_macro   0x0001198d      0x23a Example/User/main.o
 .debug_macro   0x00011bc7      0x13a Example/User/main.o
 .debug_macro   0x00011d01      0x41d Example/User/main.o
 .debug_macro   0x0001211e       0x2e Example/User/main.o
 .debug_macro   0x0001214c      0x17d Example/User/main.o
 .debug_macro   0x000122c9       0x22 Example/User/main.o
 .debug_macro   0x000122eb       0x9e Example/User/main.o
 .debug_macro   0x00012389      0x11e Example/User/main.o
 .debug_macro   0x000124a7       0xe2 Example/User/main.o
 .debug_macro   0x00012589       0x89 Example/User/main.o
 .debug_macro   0x00012612      0x202 Example/User/main.o
 .debug_macro   0x00012814      0x12c Example/User/main.o
 .debug_macro   0x00012940      0x25f Example/User/main.o
 .debug_macro   0x00012b9f      0x2a0 Example/User/stm32f4xx_it.o
 .debug_macro   0x00012e3f      0x2cd Drivers/STM32F4xx_HAL_Driver/stm32f4xx_hal.o
 .debug_macro   0x0001310c      0x27f Drivers/STM32F4xx_HAL_Driver/stm32f4xx_hal_cortex.o
 .debug_macro   0x0001338b      0x2b7 Drivers/STM32F4xx_HAL_Driver/stm32f4xx_hal_gpio.o
 .debug_macro   0x00013642      0x297 Drivers/STM32F4xx_HAL_Driver/stm32f4xx_hal_pwr_ex.o
 .debug_macro   0x000138d9      0x2a9 Drivers/STM32F4xx_HAL_Driver/stm32f4xx_hal_rcc.o
 .debug_macro   0x00013b82      0x285 Drivers/CMSIS/system_stm32f4xx.o
 .debug_macro   0x00013e07      0x2ac Drivers/BSP/STM32F429I-Discovery/stm32f429i_discovery.o
 .debug_macro   0x000140b3      0x259 Drivers/BSP/STM32F429I-Discovery/stm32f429i_discovery.o

.debug_line     0x00000000     0x5a7b
 .debug_line    0x00000000      0x927 Example/User/main.o
 .debug_line    0x00000927      0x992 Example/User/stm32f4xx_it.o
 .debug_line    0x000012b9       0xf0 Example/SW4STM32/startup_stm32f429xx.o
 .debug_line    0x000013a9      0x9ee Drivers/STM32F4xx_HAL_Driver/stm32f4xx_hal.o
 .debug_line    0x00001d97      0xa12 Drivers/STM32F4xx_HAL_Driver/stm32f4xx_hal_cortex.o
 .debug_line    0x000027a9      0x9fb Drivers/STM32F4xx_HAL_Driver/stm32f4xx_hal_gpio.o
 .debug_line    0x000031a4      0x972 Drivers/STM32F4xx_HAL_Driver/stm32f4xx_hal_pwr_ex.o
 .debug_line    0x00003b16      0xb54 Drivers/STM32F4xx_HAL_Driver/stm32f4xx_hal_rcc.o
 .debug_line    0x0000466a      0x878 Drivers/CMSIS/system_stm32f4xx.o
 .debug_line    0x00004ee2      0xb99 Drivers/BSP/STM32F429I-Discovery/stm32f429i_discovery.o

.debug_str      0x00000000    0x7efa5
 .debug_str     0x00000000    0x7d2c6 Example/User/main.o
                              0x7d5ea (size before relaxing)
 .debug_str     0x0007d2c6      0x16f Example/User/stm32f4xx_it.o
                              0x7cd5d (size before relaxing)
 .debug_str     0x0007d435      0x52e Drivers/STM32F4xx_HAL_Driver/stm32f4xx_hal.o
                              0x7c9e3 (size before relaxing)
 .debug_str     0x0007d963      0x39b Drivers/STM32F4xx_HAL_Driver/stm32f4xx_hal_cortex.o
                              0x7c7ef (size before relaxing)
 .debug_str     0x0007dcfe      0x273 Drivers/STM32F4xx_HAL_Driver/stm32f4xx_hal_gpio.o
                              0x7c1b9 (size before relaxing)
 .debug_str     0x0007df71      0x177 Drivers/STM32F4xx_HAL_Driver/stm32f4xx_hal_pwr_ex.o
                              0x7c12d (size before relaxing)
 .debug_str     0x0007e0e8      0x297 Drivers/STM32F4xx_HAL_Driver/stm32f4xx_hal_rcc.o
                              0x7c35e (size before relaxing)
 .debug_str     0x0007e37f       0xca Drivers/CMSIS/system_stm32f4xx.o
                              0x7bf71 (size before relaxing)
 .debug_str     0x0007e449      0xb5c Drivers/BSP/STM32F429I-Discovery/stm32f429i_discovery.o
                              0x7dfe3 (size before relaxing)

.comment        0x00000000       0x70
 .comment       0x00000000       0x70 Example/User/main.o
                                 0x71 (size before relaxing)
 .comment       0x00000000       0x71 Example/User/stm32f4xx_it.o
 .comment       0x00000000       0x71 Drivers/STM32F4xx_HAL_Driver/stm32f4xx_hal.o
 .comment       0x00000000       0x71 Drivers/STM32F4xx_HAL_Driver/stm32f4xx_hal_cortex.o
 .comment       0x00000000       0x71 Drivers/STM32F4xx_HAL_Driver/stm32f4xx_hal_gpio.o
 .comment       0x00000000       0x71 Drivers/STM32F4xx_HAL_Driver/stm32f4xx_hal_pwr_ex.o
 .comment       0x00000000       0x71 Drivers/STM32F4xx_HAL_Driver/stm32f4xx_hal_rcc.o
 .comment       0x00000000       0x71 Drivers/CMSIS/system_stm32f4xx.o
 .comment       0x00000000       0x71 Drivers/BSP/STM32F429I-Discovery/stm32f429i_discovery.o

.debug_frame    0x00000000      0xa64
 .debug_frame   0x00000000       0x3c Example/User/main.o
 .debug_frame   0x0000003c       0xc0 Example/User/stm32f4xx_it.o
 .debug_frame   0x000000fc      0x1b4 Drivers/STM32F4xx_HAL_Driver/stm32f4xx_hal.o
 .debug_frame   0x000002b0      0x13c Drivers/STM32F4xx_HAL_Driver/stm32f4xx_hal_cortex.o
 .debug_frame   0x000003ec       0xcc Drivers/STM32F4xx_HAL_Driver/stm32f4xx_hal_gpio.o
 .debug_frame   0x000004b8       0xe8 Drivers/STM32F4xx_HAL_Driver/stm32f4xx_hal_pwr_ex.o
 .debug_frame   0x000005a0      0x15c Drivers/STM32F4xx_HAL_Driver/stm32f4xx_hal_rcc.o
 .debug_frame   0x000006fc       0x30 Drivers/CMSIS/system_stm32f4xx.o
 .debug_frame   0x0000072c      0x30c Drivers/BSP/STM32F429I-Discovery/stm32f429i_discovery.o
 .debug_frame   0x00000a38       0x2c /home/johannes/Ac6/SystemWorkbench/plugins/fr.ac6.mcu.externaltools.arm-none.linux64_1.3.0.201507241112/tools/compiler/bin/../lib/gcc/arm-none-eabi/4.9.3/../../../../arm-none-eabi/lib/armv7e-m/fpu/libc_nano.a(lib_a-init.o)
