Archive member included because of file (symbol)

/home/johannes/Ac6/SystemWorkbench/plugins/fr.ac6.mcu.externaltools.arm-none.linux64_1.3.0.201507241112/tools/compiler/bin/../lib/gcc/arm-none-eabi/4.9.3/../../../../arm-none-eabi/lib/armv7e-m/fpu/libc_nano.a(lib_a-exit.o)
                              /home/johannes/Ac6/SystemWorkbench/plugins/fr.ac6.mcu.externaltools.arm-none.linux64_1.3.0.201507241112/tools/compiler/bin/../lib/gcc/arm-none-eabi/4.9.3/../../../../arm-none-eabi/lib/armv7e-m/fpu/crt0.o (exit)
/home/johannes/Ac6/SystemWorkbench/plugins/fr.ac6.mcu.externaltools.arm-none.linux64_1.3.0.201507241112/tools/compiler/bin/../lib/gcc/arm-none-eabi/4.9.3/../../../../arm-none-eabi/lib/armv7e-m/fpu/libc_nano.a(lib_a-impure.o)
                              /home/johannes/Ac6/SystemWorkbench/plugins/fr.ac6.mcu.externaltools.arm-none.linux64_1.3.0.201507241112/tools/compiler/bin/../lib/gcc/arm-none-eabi/4.9.3/../../../../arm-none-eabi/lib/armv7e-m/fpu/libc_nano.a(lib_a-exit.o) (_global_impure_ptr)
/home/johannes/Ac6/SystemWorkbench/plugins/fr.ac6.mcu.externaltools.arm-none.linux64_1.3.0.201507241112/tools/compiler/bin/../lib/gcc/arm-none-eabi/4.9.3/../../../../arm-none-eabi/lib/armv7e-m/fpu/libc_nano.a(lib_a-init.o)
                              /home/johannes/Ac6/SystemWorkbench/plugins/fr.ac6.mcu.externaltools.arm-none.linux64_1.3.0.201507241112/tools/compiler/bin/../lib/gcc/arm-none-eabi/4.9.3/../../../../arm-none-eabi/lib/armv7e-m/fpu/crt0.o (__libc_init_array)
/home/johannes/Ac6/SystemWorkbench/plugins/fr.ac6.mcu.externaltools.arm-none.linux64_1.3.0.201507241112/tools/compiler/bin/../lib/gcc/arm-none-eabi/4.9.3/../../../../arm-none-eabi/lib/armv7e-m/fpu/libc_nano.a(lib_a-memset.o)
                              /home/johannes/Ac6/SystemWorkbench/plugins/fr.ac6.mcu.externaltools.arm-none.linux64_1.3.0.201507241112/tools/compiler/bin/../lib/gcc/arm-none-eabi/4.9.3/../../../../arm-none-eabi/lib/armv7e-m/fpu/crt0.o (memset)
/home/johannes/Ac6/SystemWorkbench/plugins/fr.ac6.mcu.externaltools.arm-none.linux64_1.3.0.201507241112/tools/compiler/bin/../lib/gcc/arm-none-eabi/4.9.3/../../../../arm-none-eabi/lib/armv7e-m/fpu/libnosys.a(_exit.o)
                              /home/johannes/Ac6/SystemWorkbench/plugins/fr.ac6.mcu.externaltools.arm-none.linux64_1.3.0.201507241112/tools/compiler/bin/../lib/gcc/arm-none-eabi/4.9.3/../../../../arm-none-eabi/lib/armv7e-m/fpu/libc_nano.a(lib_a-exit.o) (_exit)

Allocating common symbols
Common symbol       size              file

pFlash              0x20              Drivers/STM32F4xx_HAL_Driver/stm32f4xx_hal_flash.o
TimHandle           0x3c              Example/User/main.o

Discarded input sections

 .text          0x00000000        0x0 /home/johannes/Ac6/SystemWorkbench/plugins/fr.ac6.mcu.externaltools.arm-none.linux64_1.3.0.201507241112/tools/compiler/bin/../lib/gcc/arm-none-eabi/4.9.3/armv7e-m/fpu/crti.o
 .data          0x00000000        0x0 /home/johannes/Ac6/SystemWorkbench/plugins/fr.ac6.mcu.externaltools.arm-none.linux64_1.3.0.201507241112/tools/compiler/bin/../lib/gcc/arm-none-eabi/4.9.3/armv7e-m/fpu/crti.o
 .bss           0x00000000        0x0 /home/johannes/Ac6/SystemWorkbench/plugins/fr.ac6.mcu.externaltools.arm-none.linux64_1.3.0.201507241112/tools/compiler/bin/../lib/gcc/arm-none-eabi/4.9.3/armv7e-m/fpu/crti.o
 .data          0x00000000        0x4 /home/johannes/Ac6/SystemWorkbench/plugins/fr.ac6.mcu.externaltools.arm-none.linux64_1.3.0.201507241112/tools/compiler/bin/../lib/gcc/arm-none-eabi/4.9.3/armv7e-m/fpu/crtbegin.o
 .text          0x00000000       0x74 /home/johannes/Ac6/SystemWorkbench/plugins/fr.ac6.mcu.externaltools.arm-none.linux64_1.3.0.201507241112/tools/compiler/bin/../lib/gcc/arm-none-eabi/4.9.3/../../../../arm-none-eabi/lib/armv7e-m/fpu/crt0.o
 .data          0x00000000        0x0 /home/johannes/Ac6/SystemWorkbench/plugins/fr.ac6.mcu.externaltools.arm-none.linux64_1.3.0.201507241112/tools/compiler/bin/../lib/gcc/arm-none-eabi/4.9.3/../../../../arm-none-eabi/lib/armv7e-m/fpu/crt0.o
 .bss           0x00000000        0x0 /home/johannes/Ac6/SystemWorkbench/plugins/fr.ac6.mcu.externaltools.arm-none.linux64_1.3.0.201507241112/tools/compiler/bin/../lib/gcc/arm-none-eabi/4.9.3/../../../../arm-none-eabi/lib/armv7e-m/fpu/crt0.o
 .ARM.extab     0x00000000        0x0 /home/johannes/Ac6/SystemWorkbench/plugins/fr.ac6.mcu.externaltools.arm-none.linux64_1.3.0.201507241112/tools/compiler/bin/../lib/gcc/arm-none-eabi/4.9.3/../../../../arm-none-eabi/lib/armv7e-m/fpu/crt0.o
 .ARM.exidx     0x00000000        0x8 /home/johannes/Ac6/SystemWorkbench/plugins/fr.ac6.mcu.externaltools.arm-none.linux64_1.3.0.201507241112/tools/compiler/bin/../lib/gcc/arm-none-eabi/4.9.3/../../../../arm-none-eabi/lib/armv7e-m/fpu/crt0.o
 .ARM.attributes
[...]
Memory Configuration

Name             Origin             Length             Attributes
FLASH            0x08000000         0x00100000         xr
RAM              0x20000000         0x00020000         xrw
CCMRAM           0x10000000         0x00010000         rw
*default*        0x00000000         0xffffffff

Linker script and memory map

LOAD /home/johannes/Ac6/SystemWorkbench/plugins/fr.ac6.mcu.externaltools.arm-none.linux64_1.3.0.201507241112/tools/compiler/bin/../lib/gcc/arm-none-eabi/4.9.3/armv7e-m/fpu/crti.o
LOAD /home/johannes/Ac6/SystemWorkbench/plugins/fr.ac6.mcu.externaltools.arm-none.linux64_1.3.0.201507241112/tools/compiler/bin/../lib/gcc/arm-none-eabi/4.9.3/armv7e-m/fpu/crtbegin.o
LOAD /home/johannes/Ac6/SystemWorkbench/plugins/fr.ac6.mcu.externaltools.arm-none.linux64_1.3.0.201507241112/tools/compiler/bin/../lib/gcc/arm-none-eabi/4.9.3/../../../../arm-none-eabi/lib/armv7e-m/fpu/crt0.o
LOAD /home/johannes/Ac6/SystemWorkbench/plugins/fr.ac6.mcu.externaltools.arm-none.linux64_1.3.0.201507241112/tools/compiler/bin/../lib/gcc/arm-none-eabi/4.9.3/../../../../arm-none-eabi/lib/armv7e-m/fpu/libm.a
LOAD Example/User/main.o
LOAD Example/User/stm32f4xx_hal_msp.o
LOAD Example/User/stm32f4xx_it.o
LOAD Example/SW4STM32/startup_stm32f407xx.o
LOAD Drivers/STM32F4xx_HAL_Driver/stm32f4xx_hal.o
LOAD Drivers/STM32F4xx_HAL_Driver/stm32f4xx_hal_cortex.o
LOAD Drivers/STM32F4xx_HAL_Driver/stm32f4xx_hal_dma.o
LOAD Drivers/STM32F4xx_HAL_Driver/stm32f4xx_hal_flash.o
LOAD Drivers/STM32F4xx_HAL_Driver/stm32f4xx_hal_flash_ex.o
LOAD Drivers/STM32F4xx_HAL_Driver/stm32f4xx_hal_gpio.o
LOAD Drivers/STM32F4xx_HAL_Driver/stm32f4xx_hal_i2c.o
LOAD Drivers/STM32F4xx_HAL_Driver/stm32f4xx_hal_i2c_ex.o
LOAD Drivers/STM32F4xx_HAL_Driver/stm32f4xx_hal_pwr.o
LOAD Drivers/STM32F4xx_HAL_Driver/stm32f4xx_hal_pwr_ex.o
LOAD Drivers/STM32F4xx_HAL_Driver/stm32f4xx_hal_rcc.o
LOAD Drivers/STM32F4xx_HAL_Driver/stm32f4xx_hal_rcc_ex.o
LOAD Drivers/STM32F4xx_HAL_Driver/stm32f4xx_hal_rtc.o
LOAD Drivers/STM32F4xx_HAL_Driver/stm32f4xx_hal_spi.o
LOAD Drivers/STM32F4xx_HAL_Driver/stm32f4xx_hal_tim.o
LOAD Drivers/STM32F4xx_HAL_Driver/stm32f4xx_hal_tim_ex.o
LOAD Drivers/CMSIS/system_stm32f4xx.o
LOAD Drivers/BSP/STM32F4-Discovery/stm32f4_discovery.o
START GROUP
LOAD /home/johannes/Ac6/SystemWorkbench/plugins/fr.ac6.mcu.externaltools.arm-none.linux64_1.3.0.201507241112/tools/compiler/bin/../lib/gcc/arm-none-eabi/4.9.3/armv7e-m/fpu/libgcc.a
LOAD /home/johannes/Ac6/SystemWorkbench/plugins/fr.ac6.mcu.externaltools.arm-none.linux64_1.3.0.201507241112/tools/compiler/bin/../lib/gcc/arm-none-eabi/4.9.3/../../../../arm-none-eabi/lib/armv7e-m/fpu/libc_nano.a
END GROUP
START GROUP
LOAD /home/johannes/Ac6/SystemWorkbench/plugins/fr.ac6.mcu.externaltools.arm-none.linux64_1.3.0.201507241112/tools/compiler/bin/../lib/gcc/arm-none-eabi/4.9.3/armv7e-m/fpu/libgcc.a
LOAD /home/johannes/Ac6/SystemWorkbench/plugins/fr.ac6.mcu.externaltools.arm-none.linux64_1.3.0.201507241112/tools/compiler/bin/../lib/gcc/arm-none-eabi/4.9.3/../../../../arm-none-eabi/lib/armv7e-m/fpu/libc_nano.a
LOAD /home/johannes/Ac6/SystemWorkbench/plugins/fr.ac6.mcu.externaltools.arm-none.linux64_1.3.0.201507241112/tools/compiler/bin/../lib/gcc/arm-none-eabi/4.9.3/../../../../arm-none-eabi/lib/armv7e-m/fpu/libnosys.a
END GROUP
START GROUP
LOAD /home/johannes/Ac6/SystemWorkbench/plugins/fr.ac6.mcu.externaltools.arm-none.linux64_1.3.0.201507241112/tools/compiler/bin/../lib/gcc/arm-none-eabi/4.9.3/armv7e-m/fpu/libgcc.a
LOAD /home/johannes/Ac6/SystemWorkbench/plugins/fr.ac6.mcu.externaltools.arm-none.linux64_1.3.0.201507241112/tools/compiler/bin/../lib/gcc/arm-none-eabi/4.9.3/../../../../arm-none-eabi/lib/armv7e-m/fpu/libc_nano.a
LOAD /home/johannes/Ac6/SystemWorkbench/plugins/fr.ac6.mcu.externaltools.arm-none.linux64_1.3.0.201507241112/tools/compiler/bin/../lib/gcc/arm-none-eabi/4.9.3/../../../../arm-none-eabi/lib/armv7e-m/fpu/libnosys.a
END GROUP
LOAD /home/johannes/Ac6/SystemWorkbench/plugins/fr.ac6.mcu.externaltools.arm-none.linux64_1.3.0.201507241112/tools/compiler/bin/../lib/gcc/arm-none-eabi/4.9.3/armv7e-m/fpu/crtend.o
LOAD /home/johannes/Ac6/SystemWorkbench/plugins/fr.ac6.mcu.externaltools.arm-none.linux64_1.3.0.201507241112/tools/compiler/bin/../lib/gcc/arm-none-eabi/4.9.3/armv7e-m/fpu/crtn.o
                0x2001ffff                _estack = 0x2001ffff
                0x00000200                _Min_Heap_Size = 0x200
                0x00000400                _Min_Stack_Size = 0x400

.isr_vector     0x08000000      0x188
                0x08000000                . = ALIGN (0x4)
 *(.isr_vector)
 .isr_vector    0x08000000      0x188 Example/SW4STM32/startup_stm32f407xx.o
                0x08000000                g_pfnVectors
                0x08000188                . = ALIGN (0x4)

.text           0x08000188      0xf64
                0x08000188                . = ALIGN (0x4)
 *(.text)
 .text          0x08000188       0x5c /home/johannes/Ac6/SystemWorkbench/plugins/fr.ac6.mcu.externaltools.arm-none.linux64_1.3.0.201507241112/tools/compiler/bin/../lib/gcc/arm-none-eabi/4.9.3/armv7e-m/fpu/crtbegin.o
 *(.text*)
 .text.startup.main
                0x080001e4      0x148 Example/User/main.o
                0x080001e4                main
 .text.HAL_TIM_PeriodElapsedCallback
                0x0800032c       0x18 Example/User/main.o
                0x0800032c                HAL_TIM_PeriodElapsedCallback
 .text.HAL_TIM_Base_MspInit
                0x08000344       0x34 Example/User/stm32f4xx_hal_msp.o
                0x08000344                HAL_TIM_Base_MspInit
 .text.NMI_Handler
                0x08000378        0x2 Example/User/stm32f4xx_it.o
                0x08000378                NMI_Handler
 .text.HardFault_Handler
                0x0800037a        0x2 Example/User/stm32f4xx_it.o
                0x0800037a                HardFault_Handler
 .text.MemManage_Handler
                0x0800037c        0x2 Example/User/stm32f4xx_it.o
                0x0800037c                MemManage_Handler
 .text.BusFault_Handler
                0x0800037e        0x2 Example/User/stm32f4xx_it.o
                0x0800037e                BusFault_Handler
 .text.UsageFault_Handler
                0x08000380        0x2 Example/User/stm32f4xx_it.o
                0x08000380                UsageFault_Handler
 .text.SVC_Handler
                0x08000382        0x2 Example/User/stm32f4xx_it.o
                0x08000382                SVC_Handler
 .text.DebugMon_Handler
                0x08000384        0x2 Example/User/stm32f4xx_it.o
                0x08000384                DebugMon_Handler
 .text.PendSV_Handler
                0x08000386        0x2 Example/User/stm32f4xx_it.o
                0x08000386                PendSV_Handler
 .text.SysTick_Handler
                0x08000388        0x4 Example/User/stm32f4xx_it.o
                0x08000388                SysTick_Handler
 .text.TIM3_IRQHandler
                0x0800038c        0xc Example/User/stm32f4xx_it.o
                0x0800038c                TIM3_IRQHandler
 .text.Reset_Handler
                0x08000398       0x50 Example/SW4STM32/startup_stm32f407xx.o
                0x08000398                Reset_Handler
 .text.Default_Handler
                0x080003e8        0x2 Example/SW4STM32/startup_stm32f407xx.o
                0x080003e8                RTC_Alarm_IRQHandler
                0x080003e8                HASH_RNG_IRQHandler
                0x080003e8                EXTI2_IRQHandler
                0x080003e8                TIM8_CC_IRQHandler
                0x080003e8                TIM1_CC_IRQHandler
                0x080003e8                DMA2_Stream5_IRQHandler
                0x080003e8                DMA1_Stream5_IRQHandler
                0x080003e8                PVD_IRQHandler
                0x080003e8                SDIO_IRQHandler
                0x080003e8                TAMP_STAMP_IRQHandler
                0x080003e8                CAN2_RX1_IRQHandler
                0x080003e8                EXTI3_IRQHandler
                0x080003e8                TIM8_TRG_COM_TIM14_IRQHandler
                0x080003e8                TIM1_UP_TIM10_IRQHandler
                0x080003e8                TIM8_UP_TIM13_IRQHandler
                0x080003e8                I2C3_ER_IRQHandler
                0x080003e8                EXTI0_IRQHandler
                0x080003e8                I2C2_EV_IRQHandler
                0x080003e8                DMA1_Stream2_IRQHandler
                0x080003e8                CAN1_RX0_IRQHandler
                0x080003e8                FPU_IRQHandler
                0x080003e8                OTG_HS_WKUP_IRQHandler
                0x080003e8                CAN2_SCE_IRQHandler
                0x080003e8                DMA2_Stream2_IRQHandler
                0x080003e8                SPI1_IRQHandler
                0x080003e8                TIM6_DAC_IRQHandler
                0x080003e8                TIM1_BRK_TIM9_IRQHandler
                0x080003e8                DCMI_IRQHandler
                0x080003e8                CAN2_RX0_IRQHandler
                0x080003e8                DMA2_Stream3_IRQHandler
                0x080003e8                USART6_IRQHandler
                0x080003e8                USART3_IRQHandler
                0x080003e8                CAN1_RX1_IRQHandler
                0x080003e8                UART5_IRQHandler
                0x080003e8                DMA2_Stream0_IRQHandler
                0x080003e8                TIM4_IRQHandler
                0x080003e8                I2C1_EV_IRQHandler
                0x080003e8                DMA1_Stream6_IRQHandler
                0x080003e8                DMA1_Stream1_IRQHandler
                0x080003e8                UART4_IRQHandler
                0x080003e8                RCC_IRQHandler
                0x080003e8                TIM8_BRK_TIM12_IRQHandler
                0x080003e8                Default_Handler
                0x080003e8                EXTI15_10_IRQHandler
                0x080003e8                ADC_IRQHandler
                0x080003e8                DMA1_Stream7_IRQHandler
                0x080003e8                TIM7_IRQHandler
                0x080003e8                CAN2_TX_IRQHandler
                0x080003e8                TIM5_IRQHandler
                0x080003e8                DMA2_Stream7_IRQHandler
                0x080003e8                I2C3_EV_IRQHandler
                0x080003e8                EXTI9_5_IRQHandler
                0x080003e8                RTC_WKUP_IRQHandler
                0x080003e8                ETH_WKUP_IRQHandler
                0x080003e8                SPI2_IRQHandler
                0x080003e8                OTG_HS_EP1_IN_IRQHandler
                0x080003e8                DMA1_Stream0_IRQHandler
                0x080003e8                CAN1_TX_IRQHandler
                0x080003e8                EXTI4_IRQHandler
                0x080003e8                FSMC_IRQHandler
                0x080003e8                ETH_IRQHandler
                0x080003e8                OTG_HS_EP1_OUT_IRQHandler
                0x080003e8                WWDG_IRQHandler
                0x080003e8                TIM2_IRQHandler
                0x080003e8                OTG_FS_WKUP_IRQHandler
                0x080003e8                TIM1_TRG_COM_TIM11_IRQHandler
                0x080003e8                OTG_HS_IRQHandler
                0x080003e8                EXTI1_IRQHandler
                0x080003e8                USART2_IRQHandler
                0x080003e8                I2C2_ER_IRQHandler
                0x080003e8                DMA2_Stream1_IRQHandler
                0x080003e8                CAN1_SCE_IRQHandler
                0x080003e8                FLASH_IRQHandler
                0x080003e8                DMA2_Stream4_IRQHandler
                0x080003e8                USART1_IRQHandler
                0x080003e8                OTG_FS_IRQHandler
                0x080003e8                SPI3_IRQHandler
                0x080003e8                DMA1_Stream4_IRQHandler
                0x080003e8                I2C1_ER_IRQHandler
                0x080003e8                DMA2_Stream6_IRQHandler
                0x080003e8                DMA1_Stream3_IRQHandler
 .text.HAL_MspInit
                0x080003ea        0xc Drivers/STM32F4xx_HAL_Driver/stm32f4xx_hal.o
                0x080003ea                HAL_MspInit
 .text.HAL_InitTick
                0x080003f6       0x24 Drivers/STM32F4xx_HAL_Driver/stm32f4xx_hal.o
                0x080003f6                HAL_InitTick
 *fill*         0x0800041a        0x2 
 .text.HAL_Init
                0x0800041c       0x2c Drivers/STM32F4xx_HAL_Driver/stm32f4xx_hal.o
                0x0800041c                HAL_Init
 .text.HAL_IncTick
                0x08000448       0x10 Drivers/STM32F4xx_HAL_Driver/stm32f4xx_hal.o
                0x08000448                HAL_IncTick
 .text.HAL_GetTick
                0x08000458        0xc Drivers/STM32F4xx_HAL_Driver/stm32f4xx_hal.o
                0x08000458                HAL_GetTick
 .text.HAL_GetREVID
                0x08000464        0xc Drivers/STM32F4xx_HAL_Driver/stm32f4xx_hal.o
                0x08000464                HAL_GetREVID
 .text.HAL_NVIC_SetPriorityGrouping
                0x08000470       0x24 Drivers/STM32F4xx_HAL_Driver/stm32f4xx_hal_cortex.o
                0x08000470                HAL_NVIC_SetPriorityGrouping
 .text.HAL_NVIC_SetPriority
                0x08000494       0x60 Drivers/STM32F4xx_HAL_Driver/stm32f4xx_hal_cortex.o
                0x08000494                HAL_NVIC_SetPriority
 .text.HAL_NVIC_EnableIRQ
                0x080004f4       0x18 Drivers/STM32F4xx_HAL_Driver/stm32f4xx_hal_cortex.o
                0x080004f4                HAL_NVIC_EnableIRQ
 .text.HAL_SYSTICK_Config
                0x0800050c       0x2c Drivers/STM32F4xx_HAL_Driver/stm32f4xx_hal_cortex.o
                0x0800050c                HAL_SYSTICK_Config
 .text.HAL_GPIO_Init
                0x08000538      0x1d4 Drivers/STM32F4xx_HAL_Driver/stm32f4xx_hal_gpio.o
                0x08000538                HAL_GPIO_Init
 .text.HAL_GPIO_WritePin
                0x0800070c        0x8 Drivers/STM32F4xx_HAL_Driver/stm32f4xx_hal_gpio.o
                0x0800070c                HAL_GPIO_WritePin
 .text.HAL_GPIO_TogglePin
                0x08000714        0x8 Drivers/STM32F4xx_HAL_Driver/stm32f4xx_hal_gpio.o
                0x08000714                HAL_GPIO_TogglePin
 .text.HAL_RCC_OscConfig
                0x0800071c      0x314 Drivers/STM32F4xx_HAL_Driver/stm32f4xx_hal_rcc.o
                0x0800071c                HAL_RCC_OscConfig
 .text.HAL_RCC_ClockConfig
                0x08000a30      0x208 Drivers/STM32F4xx_HAL_Driver/stm32f4xx_hal_rcc.o
                0x08000a30                HAL_RCC_ClockConfig
 .text.HAL_RCC_GetSysClockFreq
                0x08000c38       0x80 Drivers/STM32F4xx_HAL_Driver/stm32f4xx_hal_rcc.o
                0x08000c38                HAL_RCC_GetSysClockFreq
 .text.HAL_RCC_GetHCLKFreq
                0x08000cb8       0x34 Drivers/STM32F4xx_HAL_Driver/stm32f4xx_hal_rcc.o
                0x08000cb8                HAL_RCC_GetHCLKFreq
 .text.HAL_TIM_Base_Start_IT
                0x08000cec       0x16 Drivers/STM32F4xx_HAL_Driver/stm32f4xx_hal_tim.o
                0x08000cec                HAL_TIM_Base_Start_IT
 .text.HAL_TIM_OC_DelayElapsedCallback
                0x08000d02        0x2 Drivers/STM32F4xx_HAL_Driver/stm32f4xx_hal_tim.o
                0x08000d02                HAL_TIM_OC_DelayElapsedCallback
 .text.HAL_TIM_IC_CaptureCallback
                0x08000d04        0x2 Drivers/STM32F4xx_HAL_Driver/stm32f4xx_hal_tim.o
                0x08000d04                HAL_TIM_IC_CaptureCallback
 .text.HAL_TIM_PWM_PulseFinishedCallback
                0x08000d06        0x2 Drivers/STM32F4xx_HAL_Driver/stm32f4xx_hal_tim.o
                0x08000d06                HAL_TIM_PWM_PulseFinishedCallback
 .text.HAL_TIM_TriggerCallback
                0x08000d08        0x2 Drivers/STM32F4xx_HAL_Driver/stm32f4xx_hal_tim.o
                0x08000d08                HAL_TIM_TriggerCallback
 .text.HAL_TIM_IRQHandler
                0x08000d0a      0x144 Drivers/STM32F4xx_HAL_Driver/stm32f4xx_hal_tim.o
                0x08000d0a                HAL_TIM_IRQHandler
 *fill*         0x08000e4e        0x2 
 .text.TIM_Base_SetConfig
                0x08000e50       0xc8 Drivers/STM32F4xx_HAL_Driver/stm32f4xx_hal_tim.o
                0x08000e50                TIM_Base_SetConfig
 .text.HAL_TIM_Base_Init
                0x08000f18       0x34 Drivers/STM32F4xx_HAL_Driver/stm32f4xx_hal_tim.o
                0x08000f18                HAL_TIM_Base_Init
 .text.HAL_TIMEx_CommutationCallback
                0x08000f4c        0x2 Drivers/STM32F4xx_HAL_Driver/stm32f4xx_hal_tim_ex.o
                0x08000f4c                HAL_TIMEx_CommutationCallback
 .text.HAL_TIMEx_BreakCallback
                0x08000f4e        0x2 Drivers/STM32F4xx_HAL_Driver/stm32f4xx_hal_tim_ex.o
                0x08000f4e                HAL_TIMEx_BreakCallback
 .text.SystemInit
                0x08000f50       0x4c Drivers/CMSIS/system_stm32f4xx.o
                0x08000f50                SystemInit
 .text.BSP_LED_Init
                0x08000f9c       0xb0 Drivers/BSP/STM32F4-Discovery/stm32f4_discovery.o
                0x08000f9c                BSP_LED_Init
 .text.BSP_LED_On
                0x0800104c       0x20 Drivers/BSP/STM32F4-Discovery/stm32f4_discovery.o
                0x0800104c                BSP_LED_On
 .text.BSP_LED_Toggle
                0x0800106c       0x1c Drivers/BSP/STM32F4-Discovery/stm32f4_discovery.o
                0x0800106c                BSP_LED_Toggle
 .text.__libc_init_array
                0x08001088       0x4c /home/johannes/Ac6/SystemWorkbench/plugins/fr.ac6.mcu.externaltools.arm-none.linux64_1.3.0.201507241112/tools/compiler/bin/../lib/gcc/arm-none-eabi/4.9.3/../../../../arm-none-eabi/lib/armv7e-m/fpu/libc_nano.a(lib_a-init.o)
                0x08001088                __libc_init_array
 *(.glue_7)
 .glue_7        0x00000000        0x0 linker stubs
 *(.glue_7t)
 .glue_7t       0x00000000        0x0 linker stubs
 *(.eh_frame)
 .eh_frame      0x080010d4        0x0 /home/johannes/Ac6/SystemWorkbench/plugins/fr.ac6.mcu.externaltools.arm-none.linux64_1.3.0.201507241112/tools/compiler/bin/../lib/gcc/arm-none-eabi/4.9.3/armv7e-m/fpu/crtbegin.o
 *(.init)
 .init          0x080010d4        0x4 /home/johannes/Ac6/SystemWorkbench/plugins/fr.ac6.mcu.externaltools.arm-none.linux64_1.3.0.201507241112/tools/compiler/bin/../lib/gcc/arm-none-eabi/4.9.3/armv7e-m/fpu/crti.o
                0x080010d4                _init
 .init          0x080010d8        0x8 /home/johannes/Ac6/SystemWorkbench/plugins/fr.ac6.mcu.externaltools.arm-none.linux64_1.3.0.201507241112/tools/compiler/bin/../lib/gcc/arm-none-eabi/4.9.3/armv7e-m/fpu/crtn.o
 *(.fini)
 .fini          0x080010e0        0x4 /home/johannes/Ac6/SystemWorkbench/plugins/fr.ac6.mcu.externaltools.arm-none.linux64_1.3.0.201507241112/tools/compiler/bin/../lib/gcc/arm-none-eabi/4.9.3/armv7e-m/fpu/crti.o
                0x080010e0                _fini
 .fini          0x080010e4        0x8 /home/johannes/Ac6/SystemWorkbench/plugins/fr.ac6.mcu.externaltools.arm-none.linux64_1.3.0.201507241112/tools/compiler/bin/../lib/gcc/arm-none-eabi/4.9.3/armv7e-m/fpu/crtn.o
                0x080010ec                . = ALIGN (0x4)
                0x080010ec                _etext = .

.vfp11_veneer   0x080010ec        0x0
 .vfp11_veneer  0x00000000        0x0 linker stubs

.v4_bx          0x080010ec        0x0
 .v4_bx         0x00000000        0x0 linker stubs

.iplt           0x080010ec        0x0
 .iplt          0x00000000        0x0 /home/johannes/Ac6/SystemWorkbench/plugins/fr.ac6.mcu.externaltools.arm-none.linux64_1.3.0.201507241112/tools/compiler/bin/../lib/gcc/arm-none-eabi/4.9.3/armv7e-m/fpu/crtbegin.o

.rodata         0x080010ec       0x1c
                0x080010ec                . = ALIGN (0x4)
 *(.rodata)
 .rodata        0x080010ec       0x10 Drivers/STM32F4xx_HAL_Driver/stm32f4xx_hal_rcc.o
                0x080010ec                APBAHBPrescTable
 .rodata        0x080010fc        0xc Drivers/BSP/STM32F4-Discovery/stm32f4_discovery.o
                0x080010fc                GPIO_PIN
                0x08001104                BUTTON_IRQn
                0x08001106                BUTTON_PIN
 *(.rodata*)
                0x08001108                . = ALIGN (0x4)

.rel.dyn        0x08001108        0x0
 .rel.iplt      0x00000000        0x0 /home/johannes/Ac6/SystemWorkbench/plugins/fr.ac6.mcu.externaltools.arm-none.linux64_1.3.0.201507241112/tools/compiler/bin/../lib/gcc/arm-none-eabi/4.9.3/armv7e-m/fpu/crtbegin.o

.ARM.extab
 *(.ARM.extab* .gnu.linkonce.armextab.*)

.ARM            0x08001108        0x0
                0x08001108                __exidx_start = .
 *(.ARM.exidx*)
                0x08001108                __exidx_end = .

.preinit_array  0x08001108        0x0
                0x08001108                PROVIDE (__preinit_array_start, .)
 *(.preinit_array*)
                0x08001108                PROVIDE (__preinit_array_end, .)

.init_array     0x08001108        0x4
                0x08001108                PROVIDE (__init_array_start, .)
 *(SORT(.init_array.*))
 *(.init_array*)
 .init_array    0x08001108        0x4 /home/johannes/Ac6/SystemWorkbench/plugins/fr.ac6.mcu.externaltools.arm-none.linux64_1.3.0.201507241112/tools/compiler/bin/../lib/gcc/arm-none-eabi/4.9.3/armv7e-m/fpu/crtbegin.o
                0x0800110c                PROVIDE (__init_array_end, .)

.fini_array     0x0800110c        0x4
                0x0800110c                PROVIDE (__fini_array_start, .)
 *(SORT(.fini_array.*))
 *(.fini_array*)
 .fini_array    0x0800110c        0x4 /home/johannes/Ac6/SystemWorkbench/plugins/fr.ac6.mcu.externaltools.arm-none.linux64_1.3.0.201507241112/tools/compiler/bin/../lib/gcc/arm-none-eabi/4.9.3/armv7e-m/fpu/crtbegin.o
                0x08001110                PROVIDE (__fini_array_end, .)
                0x08001110                _sidata = LOADADDR (.data)

.data           0x20000000       0x30 load address 0x08001110
                0x20000000                . = ALIGN (0x4)
                0x20000000                _sdata = .
 *(.data)
 .data          0x20000000       0x14 Drivers/CMSIS/system_stm32f4xx.o
                0x20000000                SystemCoreClock
                0x20000004                AHBPrescTable
 .data          0x20000014       0x1c Drivers/BSP/STM32F4-Discovery/stm32f4_discovery.o
                0x20000014                SpixTimeout
                0x20000018                GPIO_PORT
                0x20000028                BUTTON_PORT
                0x2000002c                I2cxTimeout
 *(.data*)
                0x20000030                . = ALIGN (0x4)
                0x20000030                _edata = .
                0x08001140                _siccmram = LOADADDR (.ccmram)

.jcr            0x20000030        0x0 load address 0x08001140
 .jcr           0x20000030        0x0 /home/johannes/Ac6/SystemWorkbench/plugins/fr.ac6.mcu.externaltools.arm-none.linux64_1.3.0.201507241112/tools/compiler/bin/../lib/gcc/arm-none-eabi/4.9.3/armv7e-m/fpu/crtbegin.o

.igot.plt       0x20000030        0x0 load address 0x08001140
 .igot.plt      0x00000000        0x0 /home/johannes/Ac6/SystemWorkbench/plugins/fr.ac6.mcu.externaltools.arm-none.linux64_1.3.0.201507241112/tools/compiler/bin/../lib/gcc/arm-none-eabi/4.9.3/armv7e-m/fpu/crtbegin.o

.ccmram         0x10000000        0x0 load address 0x08001140
                0x10000000                . = ALIGN (0x4)
                0x10000000                _sccmram = .
 *(.ccmram)
 *(.ccmram*)
                0x10000000                . = ALIGN (0x4)
                0x10000000                _eccmram = .
                0x10000000                . = ALIGN (0x4)

.bss            0x20000030       0x60
                0x20000030                _sbss = .
                0x20000030                __bss_start__ = _sbss
 *(.bss)
 .bss           0x20000030       0x1c /home/johannes/Ac6/SystemWorkbench/plugins/fr.ac6.mcu.externaltools.arm-none.linux64_1.3.0.201507241112/tools/compiler/bin/../lib/gcc/arm-none-eabi/4.9.3/armv7e-m/fpu/crtbegin.o
 .bss           0x2000004c        0x4 Example/User/main.o
                0x2000004c                uwPrescalerValue
 .bss           0x20000050        0x4 Drivers/STM32F4xx_HAL_Driver/stm32f4xx_hal.o
 *(.bss*)
 *(COMMON)
 COMMON         0x20000054       0x3c Example/User/main.o
                0x20000054                TimHandle
                0x20000090                . = ALIGN (0x4)
                0x20000090                _ebss = .
                0x20000090                __bss_end__ = _ebss

._user_heap_stack
                0x20000090      0x600
                0x20000090                . = ALIGN (0x4)
                0x20000090                PROVIDE (end, .)
                0x20000090                PROVIDE (_end, .)
                0x20000290                . = (. + _Min_Heap_Size)
 *fill*         0x20000090      0x200 
                0x20000690                . = (. + _Min_Stack_Size)
 *fill*         0x20000290      0x400 
                0x20000690                . = ALIGN (0x4)

/DISCARD/
 libc.a(*)
 libm.a(*)
 libgcc.a(*)

.ARM.attributes
                0x00000000       0x30
 *(.ARM.attributes)
 .ARM.attributes
                0x00000000       0x22 /home/johannes/Ac6/SystemWorkbench/plugins/fr.ac6.mcu.externaltools.arm-none.linux64_1.3.0.201507241112/tools/compiler/bin/../lib/gcc/arm-none-eabi/4.9.3/armv7e-m/fpu/crti.o
 .ARM.attributes
                0x00000022       0x34 /home/johannes/Ac6/SystemWorkbench/plugins/fr.ac6.mcu.externaltools.arm-none.linux64_1.3.0.201507241112/tools/compiler/bin/../lib/gcc/arm-none-eabi/4.9.3/armv7e-m/fpu/crtbegin.o
 .ARM.attributes
                0x00000056       0x39 Example/User/main.o
 .ARM.attributes
                0x0000008f       0x39 Example/User/stm32f4xx_hal_msp.o
 .ARM.attributes
                0x000000c8       0x39 Example/User/stm32f4xx_it.o
 .ARM.attributes
                0x00000101       0x21 Example/SW4STM32/startup_stm32f407xx.o
 .ARM.attributes
                0x00000122       0x39 Drivers/STM32F4xx_HAL_Driver/stm32f4xx_hal.o
 .ARM.attributes
                0x0000015b       0x39 Drivers/STM32F4xx_HAL_Driver/stm32f4xx_hal_cortex.o
 .ARM.attributes
                0x00000194       0x39 Drivers/STM32F4xx_HAL_Driver/stm32f4xx_hal_gpio.o
 .ARM.attributes
                0x000001cd       0x39 Drivers/STM32F4xx_HAL_Driver/stm32f4xx_hal_rcc.o
 .ARM.attributes
                0x00000206       0x39 Drivers/STM32F4xx_HAL_Driver/stm32f4xx_hal_tim.o
 .ARM.attributes
                0x0000023f       0x39 Drivers/STM32F4xx_HAL_Driver/stm32f4xx_hal_tim_ex.o
 .ARM.attributes
                0x00000278       0x39 Drivers/CMSIS/system_stm32f4xx.o
 .ARM.attributes
                0x000002b1       0x39 Drivers/BSP/STM32F4-Discovery/stm32f4_discovery.o
 .ARM.attributes
                0x000002ea       0x34 /home/johannes/Ac6/SystemWorkbench/plugins/fr.ac6.mcu.externaltools.arm-none.linux64_1.3.0.201507241112/tools/compiler/bin/../lib/gcc/arm-none-eabi/4.9.3/../../../../arm-none-eabi/lib/armv7e-m/fpu/libc_nano.a(lib_a-init.o)
 .ARM.attributes
                0x0000031e       0x22 /home/johannes/Ac6/SystemWorkbench/plugins/fr.ac6.mcu.externaltools.arm-none.linux64_1.3.0.201507241112/tools/compiler/bin/../lib/gcc/arm-none-eabi/4.9.3/armv7e-m/fpu/crtn.o
OUTPUT(STM32F4-Discovery.elf elf32-littlearm)

.debug_info     0x00000000     0xb16a
 .debug_info    0x00000000      0xdf1 Example/User/main.o
 .debug_info    0x00000df1      0x9eb Example/User/stm32f4xx_hal_msp.o
 .debug_info    0x000017dc      0x65c Example/User/stm32f4xx_it.o
 .debug_info    0x00001e38      0x148 Example/SW4STM32/startup_stm32f407xx.o
 .debug_info    0x00001f80      0x946 Drivers/STM32F4xx_HAL_Driver/stm32f4xx_hal.o
 .debug_info    0x000028c6      0xe7e Drivers/STM32F4xx_HAL_Driver/stm32f4xx_hal_cortex.o
 .debug_info    0x00003744      0x721 Drivers/STM32F4xx_HAL_Driver/stm32f4xx_hal_gpio.o
 .debug_info    0x00003e65      0xd49 Drivers/STM32F4xx_HAL_Driver/stm32f4xx_hal_rcc.o
 .debug_info    0x00004bae     0x3419 Drivers/STM32F4xx_HAL_Driver/stm32f4xx_hal_tim.o
 .debug_info    0x00007fc7     0x1281 Drivers/STM32F4xx_HAL_Driver/stm32f4xx_hal_tim_ex.o
 .debug_info    0x00009248      0x4ae Drivers/CMSIS/system_stm32f4xx.o
 .debug_info    0x000096f6     0x1a74 Drivers/BSP/STM32F4-Discovery/stm32f4_discovery.o

.debug_abbrev   0x00000000     0x1a1b
 .debug_abbrev  0x00000000      0x29b Example/User/main.o
 .debug_abbrev  0x0000029b      0x193 Example/User/stm32f4xx_hal_msp.o
 .debug_abbrev  0x0000042e      0x17f Example/User/stm32f4xx_it.o
 .debug_abbrev  0x000005ad       0x12 Example/SW4STM32/startup_stm32f407xx.o
 .debug_abbrev  0x000005bf      0x25d Drivers/STM32F4xx_HAL_Driver/stm32f4xx_hal.o
 .debug_abbrev  0x0000081c      0x304 Drivers/STM32F4xx_HAL_Driver/stm32f4xx_hal_cortex.o
 .debug_abbrev  0x00000b20      0x1cb Drivers/STM32F4xx_HAL_Driver/stm32f4xx_hal_gpio.o
 .debug_abbrev  0x00000ceb      0x340 Drivers/STM32F4xx_HAL_Driver/stm32f4xx_hal_rcc.o
 .debug_abbrev  0x0000102b      0x318 Drivers/STM32F4xx_HAL_Driver/stm32f4xx_hal_tim.o
 .debug_abbrev  0x00001343      0x22c Drivers/STM32F4xx_HAL_Driver/stm32f4xx_hal_tim_ex.o
 .debug_abbrev  0x0000156f      0x104 Drivers/CMSIS/system_stm32f4xx.o
 .debug_abbrev  0x00001673      0x3a8 Drivers/BSP/STM32F4-Discovery/stm32f4_discovery.o

.debug_loc      0x00000000     0x4f3b
 .debug_loc     0x00000000       0x21 Example/User/main.o
 .debug_loc     0x00000021       0x21 Example/User/stm32f4xx_hal_msp.o
 .debug_loc     0x00000042       0x82 Drivers/STM32F4xx_HAL_Driver/stm32f4xx_hal.o
 .debug_loc     0x000000c4      0x31e Drivers/STM32F4xx_HAL_Driver/stm32f4xx_hal_cortex.o
 .debug_loc     0x000003e2      0x3ec Drivers/STM32F4xx_HAL_Driver/stm32f4xx_hal_gpio.o
 .debug_loc     0x000007ce      0x622 Drivers/STM32F4xx_HAL_Driver/stm32f4xx_hal_rcc.o
 .debug_loc     0x00000df0     0x32b8 Drivers/STM32F4xx_HAL_Driver/stm32f4xx_hal_tim.o
 .debug_loc     0x000040a8      0xa3d Drivers/STM32F4xx_HAL_Driver/stm32f4xx_hal_tim_ex.o
 .debug_loc     0x00004ae5       0xc8 Drivers/CMSIS/system_stm32f4xx.o
 .debug_loc     0x00004bad      0x38e Drivers/BSP/STM32F4-Discovery/stm32f4_discovery.o

.debug_aranges  0x00000000      0x850
 .debug_aranges
                0x00000000       0x28 Example/User/main.o
 .debug_aranges
                0x00000028       0x20 Example/User/stm32f4xx_hal_msp.o
 .debug_aranges
                0x00000048       0x68 Example/User/stm32f4xx_it.o
 .debug_aranges
                0x000000b0       0x28 Example/SW4STM32/startup_stm32f407xx.o
 .debug_aranges
                0x000000d8       0xc0 Drivers/STM32F4xx_HAL_Driver/stm32f4xx_hal.o
 .debug_aranges
                0x00000198       0x98 Drivers/STM32F4xx_HAL_Driver/stm32f4xx_hal_cortex.o
 .debug_aranges
                0x00000230       0x58 Drivers/STM32F4xx_HAL_Driver/stm32f4xx_hal_gpio.o
 .debug_aranges
                0x00000288       0x88 Drivers/STM32F4xx_HAL_Driver/stm32f4xx_hal_rcc.o
 .debug_aranges
                0x00000310      0x330 Drivers/STM32F4xx_HAL_Driver/stm32f4xx_hal_tim.o
 .debug_aranges
                0x00000640      0x140 Drivers/STM32F4xx_HAL_Driver/stm32f4xx_hal_tim_ex.o
 .debug_aranges
                0x00000780       0x28 Drivers/CMSIS/system_stm32f4xx.o
 .debug_aranges
                0x000007a8       0xa8 Drivers/BSP/STM32F4-Discovery/stm32f4_discovery.o

.debug_ranges   0x00000000      0xb00
 .debug_ranges  0x00000000       0x40 Example/User/main.o
 .debug_ranges  0x00000040       0x28 Example/User/stm32f4xx_hal_msp.o
 .debug_ranges  0x00000068       0x58 Example/User/stm32f4xx_it.o
 .debug_ranges  0x000000c0       0x20 Example/SW4STM32/startup_stm32f407xx.o
 .debug_ranges  0x000000e0       0xb0 Drivers/STM32F4xx_HAL_Driver/stm32f4xx_hal.o
 .debug_ranges  0x00000190      0x120 Drivers/STM32F4xx_HAL_Driver/stm32f4xx_hal_cortex.o
 .debug_ranges  0x000002b0       0x48 Drivers/STM32F4xx_HAL_Driver/stm32f4xx_hal_gpio.o
 .debug_ranges  0x000002f8      0x158 Drivers/STM32F4xx_HAL_Driver/stm32f4xx_hal_rcc.o
 .debug_ranges  0x00000450      0x3c8 Drivers/STM32F4xx_HAL_Driver/stm32f4xx_hal_tim.o
 .debug_ranges  0x00000818      0x130 Drivers/STM32F4xx_HAL_Driver/stm32f4xx_hal_tim_ex.o
 .debug_ranges  0x00000948       0x18 Drivers/CMSIS/system_stm32f4xx.o
 .debug_ranges  0x00000960      0x1a0 Drivers/BSP/STM32F4-Discovery/stm32f4_discovery.o

.debug_macro    0x00000000    0x13c2e
 .debug_macro   0x00000000      0x2b1 Example/User/main.o
 .debug_macro   0x000002b1      0x880 Example/User/main.o
 .debug_macro   0x00000b31      0x1ae Example/User/main.o
 .debug_macro   0x00000cdf       0x2e Example/User/main.o
 .debug_macro   0x00000d0d       0x28 Example/User/main.o
 .debug_macro   0x00000d35       0x22 Example/User/main.o
 .debug_macro   0x00000d57       0x44 Example/User/main.o
 .debug_macro   0x00000d9b       0x1c Example/User/main.o
 .debug_macro   0x00000db7      0x1f7 Example/User/main.o
 .debug_macro   0x00000fae       0x35 Example/User/main.o
 .debug_macro   0x00000fe3       0x50 Example/User/main.o
 .debug_macro   0x00001033      0xe66 Example/User/main.o
 .debug_macro   0x00001e99     0x929b Example/User/main.o
 .debug_macro   0x0000b134       0x43 Example/User/main.o
 .debug_macro   0x0000b177     0x32ff Example/User/main.o
 .debug_macro   0x0000e476       0x58 Example/User/main.o
 .debug_macro   0x0000e4ce       0x35 Example/User/main.o
 .debug_macro   0x0000e503       0x9c Example/User/main.o
 .debug_macro   0x0000e59f       0x16 Example/User/main.o
 .debug_macro   0x0000e5b5       0x97 Example/User/main.o
 .debug_macro   0x0000e64c      0x29d Example/User/main.o
 .debug_macro   0x0000e8e9       0xef Example/User/main.o
 .debug_macro   0x0000e9d8       0x10 Example/User/main.o
 .debug_macro   0x0000e9e8       0x52 Example/User/main.o
 .debug_macro   0x0000ea3a       0x16 Example/User/main.o
 .debug_macro   0x0000ea50       0x43 Example/User/main.o
 .debug_macro   0x0000ea93      0x180 Example/User/main.o
 .debug_macro   0x0000ec13       0x10 Example/User/main.o
 .debug_macro   0x0000ec23       0x22 Example/User/main.o
 .debug_macro   0x0000ec45       0xbd Example/User/main.o
 .debug_macro   0x0000ed02       0x16 Example/User/main.o
 .debug_macro   0x0000ed18      0x196 Example/User/main.o
 .debug_macro   0x0000eeae       0x57 Example/User/main.o
 .debug_macro   0x0000ef05      0x964 Example/User/main.o
 .debug_macro   0x0000f869      0x9d4 Example/User/main.o
 .debug_macro   0x0001023d      0x11e Example/User/main.o
 .debug_macro   0x0001035b      0x13e Example/User/main.o
 .debug_macro   0x00010499       0x27 Example/User/main.o
 .debug_macro   0x000104c0      0x272 Example/User/main.o
 .debug_macro   0x00010732       0x5f Example/User/main.o
 .debug_macro   0x00010791      0x23a Example/User/main.o
 .debug_macro   0x000109cb      0x13a Example/User/main.o
 .debug_macro   0x00010b05      0x21e Example/User/main.o
 .debug_macro   0x00010d23       0x2e Example/User/main.o
 .debug_macro   0x00010d51      0x17d Example/User/main.o
 .debug_macro   0x00010ece       0x9e Example/User/main.o
 .debug_macro   0x00010f6c      0x11e Example/User/main.o
 .debug_macro   0x0001108a       0x7f Example/User/main.o
 .debug_macro   0x00011109       0x89 Example/User/main.o
 .debug_macro   0x00011192      0x202 Example/User/main.o
 .debug_macro   0x00011394      0x6d9 Example/User/main.o
 .debug_macro   0x00011a6d       0x59 Example/User/main.o
 .debug_macro   0x00011ac6      0x14d Example/User/main.o
 .debug_macro   0x00011c13      0x125 Example/User/main.o
 .debug_macro   0x00011d38      0x1e2 Example/User/main.o
 .debug_macro   0x00011f1a       0x1c Example/User/main.o
 .debug_macro   0x00011f36      0x2b1 Example/User/stm32f4xx_hal_msp.o
 .debug_macro   0x000121e7      0x2bf Example/User/stm32f4xx_it.o
 .debug_macro   0x000124a6      0x2e7 Drivers/STM32F4xx_HAL_Driver/stm32f4xx_hal.o
 .debug_macro   0x0001278d      0x299 Drivers/STM32F4xx_HAL_Driver/stm32f4xx_hal_cortex.o
 .debug_macro   0x00012a26      0x2d1 Drivers/STM32F4xx_HAL_Driver/stm32f4xx_hal_gpio.o
 .debug_macro   0x00012cf7      0x2c3 Drivers/STM32F4xx_HAL_Driver/stm32f4xx_hal_rcc.o
 .debug_macro   0x00012fba      0x29a Drivers/STM32F4xx_HAL_Driver/stm32f4xx_hal_tim.o
 .debug_macro   0x00013254      0x299 Drivers/STM32F4xx_HAL_Driver/stm32f4xx_hal_tim_ex.o
 .debug_macro   0x000134ed      0x29f Drivers/CMSIS/system_stm32f4xx.o
 .debug_macro   0x0001378c      0x2c6 Drivers/BSP/STM32F4-Discovery/stm32f4_discovery.o
 .debug_macro   0x00013a52      0x1dc Drivers/BSP/STM32F4-Discovery/stm32f4_discovery.o

.debug_line     0x00000000     0x8162
 .debug_line    0x00000000      0x95b Example/User/main.o
 .debug_line    0x0000095b      0x8fd Example/User/stm32f4xx_hal_msp.o
 .debug_line    0x00001258      0x9aa Example/User/stm32f4xx_it.o
 .debug_line    0x00001c02       0xef Example/SW4STM32/startup_stm32f407xx.o
 .debug_line    0x00001cf1      0x9e9 Drivers/STM32F4xx_HAL_Driver/stm32f4xx_hal.o
 .debug_line    0x000026da      0xa42 Drivers/STM32F4xx_HAL_Driver/stm32f4xx_hal_cortex.o
 .debug_line    0x0000311c      0xa21 Drivers/STM32F4xx_HAL_Driver/stm32f4xx_hal_gpio.o
 .debug_line    0x00003b3d      0xb84 Drivers/STM32F4xx_HAL_Driver/stm32f4xx_hal_rcc.o
 .debug_line    0x000046c1     0x191a Drivers/STM32F4xx_HAL_Driver/stm32f4xx_hal_tim.o
 .debug_line    0x00005fdb      0xe16 Drivers/STM32F4xx_HAL_Driver/stm32f4xx_hal_tim_ex.o
 .debug_line    0x00006df1      0x8a7 Drivers/CMSIS/system_stm32f4xx.o
 .debug_line    0x00007698      0xaca Drivers/BSP/STM32F4-Discovery/stm32f4_discovery.o

.debug_str      0x00000000    0x7c550
 .debug_str     0x00000000    0x796ab Example/User/main.o
                              0x799d3 (size before relaxing)
 .debug_str     0x000796ab      0x576 Example/User/stm32f4xx_hal_msp.o
                              0x79b9b (size before relaxing)
 .debug_str     0x00079c21      0x146 Example/User/stm32f4xx_it.o
                              0x7962f (size before relaxing)
 .debug_str     0x00079d67      0x4c3 Drivers/STM32F4xx_HAL_Driver/stm32f4xx_hal.o
                              0x78fec (size before relaxing)
 .debug_str     0x0007a22a      0x39b Drivers/STM32F4xx_HAL_Driver/stm32f4xx_hal_cortex.o
                              0x78e46 (size before relaxing)
 .debug_str     0x0007a5c5      0x25d Drivers/STM32F4xx_HAL_Driver/stm32f4xx_hal_gpio.o
                              0x7885c (size before relaxing)
 .debug_str     0x0007a822      0x277 Drivers/STM32F4xx_HAL_Driver/stm32f4xx_hal_rcc.o
                              0x78a01 (size before relaxing)
 .debug_str     0x0007aa99      0xceb Drivers/STM32F4xx_HAL_Driver/stm32f4xx_hal_tim.o
                              0x7965b (size before relaxing)
 .debug_str     0x0007b784      0x526 Drivers/STM32F4xx_HAL_Driver/stm32f4xx_hal_tim_ex.o
                              0x78f13 (size before relaxing)
 .debug_str     0x0007bcaa       0xc9 Drivers/CMSIS/system_stm32f4xx.o
                              0x78613 (size before relaxing)
 .debug_str     0x0007bd73      0x7dd Drivers/BSP/STM32F4-Discovery/stm32f4_discovery.o
                              0x7a26b (size before relaxing)

.comment        0x00000000       0x70
 .comment       0x00000000       0x70 Example/User/main.o
                                 0x71 (size before relaxing)
 .comment       0x00000000       0x71 Example/User/stm32f4xx_hal_msp.o
 .comment       0x00000000       0x71 Example/User/stm32f4xx_it.o
 .comment       0x00000000       0x71 Drivers/STM32F4xx_HAL_Driver/stm32f4xx_hal.o
 .comment       0x00000000       0x71 Drivers/STM32F4xx_HAL_Driver/stm32f4xx_hal_cortex.o
 .comment       0x00000000       0x71 Drivers/STM32F4xx_HAL_Driver/stm32f4xx_hal_gpio.o
 .comment       0x00000000       0x71 Drivers/STM32F4xx_HAL_Driver/stm32f4xx_hal_rcc.o
 .comment       0x00000000       0x71 Drivers/STM32F4xx_HAL_Driver/stm32f4xx_hal_tim.o
 .comment       0x00000000       0x71 Drivers/STM32F4xx_HAL_Driver/stm32f4xx_hal_tim_ex.o
 .comment       0x00000000       0x71 Drivers/CMSIS/system_stm32f4xx.o
 .comment       0x00000000       0x71 Drivers/BSP/STM32F4-Discovery/stm32f4_discovery.o

.debug_frame    0x00000000     0x1478
 .debug_frame   0x00000000       0x4c Example/User/main.o
 .debug_frame   0x0000004c       0x28 Example/User/stm32f4xx_hal_msp.o
 .debug_frame   0x00000074       0xb0 Example/User/stm32f4xx_it.o
 .debug_frame   0x00000124      0x194 Drivers/STM32F4xx_HAL_Driver/stm32f4xx_hal.o
 .debug_frame   0x000002b8      0x13c Drivers/STM32F4xx_HAL_Driver/stm32f4xx_hal_cortex.o
 .debug_frame   0x000003f4       0xcc Drivers/STM32F4xx_HAL_Driver/stm32f4xx_hal_gpio.o
 .debug_frame   0x000004c0      0x15c Drivers/STM32F4xx_HAL_Driver/stm32f4xx_hal_rcc.o
 .debug_frame   0x0000061c      0x88c Drivers/STM32F4xx_HAL_Driver/stm32f4xx_hal_tim.o
 .debug_frame   0x00000ea8      0x370 Drivers/STM32F4xx_HAL_Driver/stm32f4xx_hal_tim_ex.o
 .debug_frame   0x00001218       0x30 Drivers/CMSIS/system_stm32f4xx.o
 .debug_frame   0x00001248      0x204 Drivers/BSP/STM32F4-Discovery/stm32f4_discovery.o
 .debug_frame   0x0000144c       0x2c /home/johannes/Ac6/SystemWorkbench/plugins/fr.ac6.mcu.externaltools.arm-none.linux64_1.3.0.201507241112/tools/compiler/bin/../lib/gcc/arm-none-eabi/4.9.3/../../../../arm-none-eabi/lib/armv7e-m/fpu/libc_nano.a(lib_a-init.o)
