Component: ARM Compiler 5.06 update 1 (build 61) Tool: armlink [4d35a8]

==============================================================================

Section Cross References

    stm32f429i_discovery_io.o(i.BSP_IO_ConfigPin) refers to stm32f429i_discovery_io.o(.data) for .data
    stm32f429i_discovery_io.o(i.BSP_IO_ITClear) refers to stm32f429i_discovery_io.o(.data) for .data
    stm32f429i_discovery_io.o(i.BSP_IO_ITGetStatus) refers to stm32f429i_discovery_io.o(.data) for .data
    stm32f429i_discovery_io.o(i.BSP_IO_Init) refers to stmpe811.o(.data) for stmpe811_io_drv
    stm32f429i_discovery_io.o(i.BSP_IO_Init) refers to stm32f429i_discovery_io.o(.data) for .data
    stm32f429i_discovery_io.o(i.BSP_IO_ReadPin) refers to stm32f429i_discovery_io.o(.data) for .data
    stm32f429i_discovery_io.o(i.BSP_IO_TogglePin) refers to stm32f429i_discovery_io.o(.data) for .data
    stm32f429i_discovery_io.o(i.BSP_IO_WritePin) refers to stm32f429i_discovery_io.o(.data) for .data
    stm32f429i_discovery.o(i.BSP_LED_Init) refers to stm32f4xx_hal_gpio.o(i.HAL_GPIO_Init) for HAL_GPIO_Init
    stm32f429i_discovery.o(i.BSP_LED_Init) refers to stm32f4xx_hal_gpio.o(i.HAL_GPIO_WritePin) for HAL_GPIO_WritePin
    stm32f429i_discovery.o(i.BSP_LED_Init) refers to stm32f429i_discovery.o(.constdata) for .constdata
    stm32f429i_discovery.o(i.BSP_LED_Init) refers to stm32f429i_discovery.o(.data) for .data
    stm32f429i_discovery.o(i.BSP_LED_Off) refers to stm32f4xx_hal_gpio.o(i.HAL_GPIO_WritePin) for HAL_GPIO_WritePin
    stm32f429i_discovery.o(i.BSP_LED_Off) refers to stm32f429i_discovery.o(.constdata) for .constdata
    stm32f429i_discovery.o(i.BSP_LED_Off) refers to stm32f429i_discovery.o(.data) for .data
    stm32f429i_discovery.o(i.BSP_LED_On) refers to stm32f4xx_hal_gpio.o(i.HAL_GPIO_WritePin) for HAL_GPIO_WritePin
    stm32f429i_discovery.o(i.BSP_LED_On) refers to stm32f429i_discovery.o(.constdata) for .constdata
    stm32f429i_discovery.o(i.BSP_LED_On) refers to stm32f429i_discovery.o(.data) for .data
    stm32f429i_discovery.o(i.BSP_LED_Toggle) refers to stm32f4xx_hal_gpio.o(i.HAL_GPIO_TogglePin) for HAL_GPIO_TogglePin
    stm32f429i_discovery.o(i.BSP_LED_Toggle) refers to stm32f429i_discovery.o(.constdata) for .constdata
    stm32f429i_discovery.o(i.BSP_LED_Toggle) refers to stm32f429i_discovery.o(.data) for .data
    stm32f429i_discovery.o(i.BSP_PB_GetState) refers to stm32f4xx_hal_gpio.o(i.HAL_GPIO_ReadPin) for HAL_GPIO_ReadPin
    stm32f429i_discovery.o(i.BSP_PB_GetState) refers to stm32f429i_discovery.o(.constdata) for .constdata
    stm32f429i_discovery.o(i.BSP_PB_GetState) refers to stm32f429i_discovery.o(.data) for .data
    stm32f429i_discovery.o(i.BSP_PB_Init) refers to stm32f4xx_hal_gpio.o(i.HAL_GPIO_Init) for HAL_GPIO_Init
    stm32f429i_discovery.o(i.BSP_PB_Init) refers to stm32f4xx_hal_cortex.o(i.HAL_NVIC_SetPriority) for HAL_NVIC_SetPriority
    stm32f429i_discovery.o(i.BSP_PB_Init) refers to stm32f4xx_hal_cortex.o(i.HAL_NVIC_EnableIRQ) for HAL_NVIC_EnableIRQ
    stm32f429i_discovery.o(i.BSP_PB_Init) refers to stm32f429i_discovery.o(.constdata) for .constdata
    stm32f429i_discovery.o(i.BSP_PB_Init) refers to stm32f429i_discovery.o(.data) for .data
    stm32f429i_discovery.o(i.GYRO_IO_Init) refers to stm32f4xx_hal_gpio.o(i.HAL_GPIO_Init) for HAL_GPIO_Init
    stm32f429i_discovery.o(i.GYRO_IO_Init) refers to stm32f4xx_hal_gpio.o(i.HAL_GPIO_WritePin) for HAL_GPIO_WritePin
    stm32f429i_discovery.o(i.GYRO_IO_Init) refers to stm32f429i_discovery.o(i.SPIx_Init) for SPIx_Init
    stm32f429i_discovery.o(i.GYRO_IO_Read) refers to stm32f4xx_hal_gpio.o(i.HAL_GPIO_WritePin) for HAL_GPIO_WritePin
    stm32f429i_discovery.o(i.GYRO_IO_Read) refers to stm32f429i_discovery.o(i.SPIx_WriteRead) for SPIx_WriteRead
    stm32f429i_discovery.o(i.GYRO_IO_Write) refers to stm32f4xx_hal_gpio.o(i.HAL_GPIO_WritePin) for HAL_GPIO_WritePin
    stm32f429i_discovery.o(i.GYRO_IO_Write) refers to stm32f429i_discovery.o(i.SPIx_WriteRead) for SPIx_WriteRead
    stm32f429i_discovery.o(i.I2Cx_Error) refers to stm32f4xx_hal_i2c.o(i.HAL_I2C_DeInit) for HAL_I2C_DeInit
    stm32f429i_discovery.o(i.I2Cx_Error) refers to stm32f429i_discovery.o(i.I2Cx_Init) for I2Cx_Init
    stm32f429i_discovery.o(i.I2Cx_Error) refers to stm32f429i_discovery.o(.bss) for .bss
    stm32f429i_discovery.o(i.I2Cx_Init) refers to stm32f4xx_hal_i2c.o(i.HAL_I2C_GetState) for HAL_I2C_GetState
    stm32f429i_discovery.o(i.I2Cx_Init) refers to stm32f429i_discovery.o(i.I2Cx_MspInit) for I2Cx_MspInit
    stm32f429i_discovery.o(i.I2Cx_Init) refers to stm32f4xx_hal_i2c.o(i.HAL_I2C_Init) for HAL_I2C_Init
    stm32f429i_discovery.o(i.I2Cx_Init) refers to stm32f429i_discovery.o(.bss) for .bss
    stm32f429i_discovery.o(i.I2Cx_MspInit) refers to stm32f4xx_hal_gpio.o(i.HAL_GPIO_Init) for HAL_GPIO_Init
    stm32f429i_discovery.o(i.I2Cx_MspInit) refers to stm32f4xx_hal_cortex.o(i.HAL_NVIC_SetPriority) for HAL_NVIC_SetPriority
[...]
    WM__ModalLayer                           0x2000020c   Data           4  wm_touch.o(.data)
    I2cHandle                                0x20000218   Data          60  stm32f429i_discovery.o(.bss)
    hltdc                                    0x20000794   Data         168  lcdconf_stm32f429i_disco_mb1075.o(.bss)
    TimHandle                                0x20028d98   Data          60  main.o(.bss)
    GUI_ALLOC__Context                       0x20028dd4   Data         192  gui_alloc.o(.bss)
    WM__aCHWinModal                          0x20028fec   Data          16  wm_touch.o(.bss)
    WM__aCHWinLast                           0x20028ffc   Data          16  wm_touch.o(.bss)
    WM__aCHWinMouseOver                      0x2002900c   Data          16  wm_touch.o(.bss)
    __initial_sp                             0x2002a060   Data           0  startup_stm32f429xx.o(STACK)



==============================================================================

Memory Map of the image

  Image Entry point : 0x080001ad

  Load Region LR_IROM1 (Base: 0x08000000, Size: 0x0000d120, Max: 0x00200000, ABSOLUTE, COMPRESSED[0x0000cf80])

    Execution Region ER_IROM1 (Base: 0x08000000, Size: 0x0000cf08, Max: 0x00200000, ABSOLUTE)

    Base Addr    Size         Type   Attr      Idx    E Section Name        Object

    0x08000000   0x000001ac   Data   RO          834    RESET               startup_stm32f429xx.o
    0x080001ac   0x00000000   Code   RO         6953  * .ARM.Collect$$$$00000000  mc_w.l(entry.o)
    0x080001ac   0x00000004   Code   RO         6968    .ARM.Collect$$$$00000001  mc_w.l(entry2.o)
    0x080001b0   0x00000004   Code   RO         6971    .ARM.Collect$$$$00000004  mc_w.l(entry5.o)
    0x080001b4   0x00000000   Code   RO         6973    .ARM.Collect$$$$00000008  mc_w.l(entry7b.o)
    0x080001b4   0x00000000   Code   RO         6975    .ARM.Collect$$$$0000000A  mc_w.l(entry8b.o)
    0x080001b4   0x00000008   Code   RO         6976    .ARM.Collect$$$$0000000B  mc_w.l(entry9a.o)
    0x080001bc   0x00000000   Code   RO         6978    .ARM.Collect$$$$0000000D  mc_w.l(entry10a.o)
    0x080001bc   0x00000000   Code   RO         6980    .ARM.Collect$$$$0000000F  mc_w.l(entry11a.o)
    0x080001bc   0x00000004   Code   RO         6969    .ARM.Collect$$$$00002712  mc_w.l(entry2.o)
    0x080001c0   0x00000024   Code   RO          835    .text               startup_stm32f429xx.o
    0x080001e4   0x00000040   Code   RO         6958    .text               mc_w.l(memmovea.o)
    0x08000224   0x0000001a   Code   RO         6962    .text               mc_w.l(memcmp.o)
    0x0800023e   0x00000002   PAD
    0x08000240   0x00000024   Code   RO         6982    .text               mc_w.l(init.o)
    0x08000264   0x00000056   Code   RO         6992    .text               mc_w.l(__dczerorl2.o)
    0x080002ba   0x00000002   PAD
    0x080002bc   0x00000024   Code   RO         1569    i.BSP_Background    main.o
    0x080002e0   0x0000005c   Code   RO         1196    i.BSP_LCD_DrawBitmap16bpp  lcdconf_stm32f429i_disco_mb1075.o
    0x0800033c   0x0000007c   Code   RO         1197    i.BSP_LCD_DrawBitmap8bpp  lcdconf_stm32f429i_disco_mb1075.o
    0x080003b8   0x0000005c   Code   RO          209    i.BSP_LED_Init      stm32f429i_discovery.o
    0x08000414   0x00000018   Code   RO          212    i.BSP_LED_Toggle    stm32f429i_discovery.o
    0x0800042c   0x00000070   Code   RO         1570    i.BSP_Pointer_Update  main.o
    0x0800049c   0x00000064   Code   RO          763    i.BSP_SDRAM_Init    stm32f429i_discovery_sdram.o
    0x08000500   0x00000088   Code   RO          764    i.BSP_SDRAM_Initialization_sequence  stm32f429i_discovery_sdram.o
    0x08000588   0x000000b0   Code   RO          709    i.BSP_TS_GetState   stm32f429i_discovery_ts.o
    0x08000638   0x00000038   Code   RO          713    i.BSP_TS_Init       stm32f429i_discovery_ts.o
    0x08000670   0x00000002   Code   RO         1493    i.BusFault_Handler  stm32f4xx_it.o
    0x08000672   0x00000002   PAD
    0x08000674   0x0000003c   Code   RO         1198    i.CUSTOM_CopyBuffer  lcdconf_stm32f429i_disco_mb1075.o
    0x080006b0   0x00000040   Code   RO         1199    i.CUSTOM_CopyRect   lcdconf_stm32f429i_disco_mb1075.o
    0x080006f0   0x000000b0   Code   RO         1200    i.CUSTOM_FillRect   lcdconf_stm32f429i_disco_mb1075.o
    0x080007a0   0x0000000c   Code   RO         1201    i.Color2IndexBulk_M1555IDMA2D  lcdconf_stm32f429i_disco_mb1075.o
    0x080007ac   0x0000000c   Code   RO         1202    i.Color2IndexBulk_M4444IDMA2D  lcdconf_stm32f429i_disco_mb1075.o
    0x080007b8   0x0000000c   Code   RO         1203    i.Color2IndexBulk_M565DMA2D  lcdconf_stm32f429i_disco_mb1075.o
    0x080007c4   0x0000000c   Code   RO         1204    i.Color2IndexBulk_M8888IDMA2D  lcdconf_stm32f429i_disco_mb1075.o
    0x080007d0   0x0000000c   Code   RO         1205    i.Color2IndexBulk_M888DMA2D  lcdconf_stm32f429i_disco_mb1075.o
    0x080007dc   0x00000074   Code   RO         1206    i.DMA2D_AlphaBlending  lcdconf_stm32f429i_disco_mb1075.o
    0x08000850   0x00000024   Code   RO         1207    i.DMA2D_Color2IndexBulk  lcdconf_stm32f429i_disco_mb1075.o
    0x08000874   0x00000038   Code   RO         1208    i.DMA2D_ConvertColor  lcdconf_stm32f429i_disco_mb1075.o
    0x080008ac   0x00000048   Code   RO         1209    i.DMA2D_CopyBuffer  lcdconf_stm32f429i_disco_mb1075.o
    0x080008f4   0x00000024   Code   RO         1210    i.DMA2D_Index2ColorBulk  lcdconf_stm32f429i_disco_mb1075.o
    0x08000918   0x00000064   Code   RO         1211    i.DMA2D_MixColors   lcdconf_stm32f429i_disco_mb1075.o
    0x0800097c   0x00000028   Code   RO         5188    i.DMA_CalcBaseAndBitshift  stm32f4xx_hal_dma.o
    0x080009a4   0x00000002   Code   RO         1494    i.DebugMon_Handler  stm32f4xx_it.o
    0x080009a6   0x0000004c   Code   RO         3315    i.FMC_SDRAM_Init    stm32f4xx_ll_fmc.o
    0x080009f2   0x0000000c   Code   RO         3316    i.FMC_SDRAM_ProgramRefreshRate  stm32f4xx_ll_fmc.o
    0x080009fe   0x00000048   Code   RO         3317    i.FMC_SDRAM_SendCommand  stm32f4xx_ll_fmc.o
    0x08000a46   0x0000007c   Code   RO         3319    i.FMC_SDRAM_Timing_Init  stm32f4xx_ll_fmc.o
    0x08000ac2   0x00000002   PAD
    0x08000ac4   0x0000000c   Code   RO         5297    i.GUICC_M1555I_SetCustColorConv  STemWin528_CM4_Keil.lib(guicc_m1555i.o)
    0x08000ad0   0x0000000c   Code   RO         5311    i.GUICC_M4444I_SetCustColorConv  STemWin528_CM4_Keil.lib(guicc_m4444i.o)
    0x08000adc   0x0000000c   Code   RO         5547    i.GUICC_M565_SetCustColorConv  STemWin528_CM4_Keil.lib(guicc_m565.o)
    0x08000ae8   0x0000000c   Code   RO         5325    i.GUICC_M8888I_SetCustColorConv  STemWin528_CM4_Keil.lib(guicc_m8888i.o)
    0x08000af4   0x0000000c   Code   RO         5561    i.GUICC_M888_SetCustColorConv  STemWin528_CM4_Keil.lib(guicc_m888.o)
    0x08000b00   0x00000134   Code   RO         5951    i.GUIMONO_DispChar  STemWin528_CM4_Keil.lib(gui_charm.o)
    0x08000c34   0x00000018   Code   RO         5952    i.GUIMONO_GetCharDistX  STemWin528_CM4_Keil.lib(gui_charm.o)
    0x08000c4c   0x00000006   Code   RO         5953    i.GUIMONO_GetFontInfo  STemWin528_CM4_Keil.lib(gui_charm.o)
    0x08000c52   0x00000038   Code   RO         5954    i.GUIMONO_IsInFont  STemWin528_CM4_Keil.lib(gui_charm.o)
    0x08000c8a   0x00000002   PAD
    0x08000c8c   0x000000cc   Code   RO         5959    i.GUIPROP_DispChar  STemWin528_CM4_Keil.lib(gui_charp.o)
    0x08000d58   0x00000044   Code   RO         5960    i.GUIPROP_GetCharDistX  STemWin528_CM4_Keil.lib(gui_charp.o)
    0x08000d9c   0x00000006   Code   RO         5961    i.GUIPROP_GetFontInfo  STemWin528_CM4_Keil.lib(gui_charp.o)
    0x08000da2   0x00000010   Code   RO         5962    i.GUIPROP_IsInFont  STemWin528_CM4_Keil.lib(gui_charp.o)
    0x08000db2   0x00000016   Code   RO         5963    i.GUIPROP__FindChar  STemWin528_CM4_Keil.lib(gui_charp.o)
    0x08000dc8   0x0000000a   Code   RO         5360    i.GUI_ALLOC_AllocNoInit  STemWin528_CM4_Keil.lib(gui_alloc.o)
    0x08000dd2   0x00000024   Code   RO         6308    i.GUI_ALLOC_AllocZero  STemWin528_CM4_Keil.lib(gui_alloc_alloczero.o)
    0x08000df6   0x00000002   PAD
    0x08000df8   0x00000010   Code   RO         5361    i.GUI_ALLOC_AssignMemory  STemWin528_CM4_Keil.lib(gui_alloc.o)
    0x08000e08   0x00000038   Code   RO         5362    i.GUI_ALLOC_Free    STemWin528_CM4_Keil.lib(gui_alloc.o)
    0x08000e40   0x00000018   Code   RO         5363    i.GUI_ALLOC_FreeFixedBlock  STemWin528_CM4_Keil.lib(gui_alloc.o)
    0x08000e58   0x000000b0   Code   RO         5366    i.GUI_ALLOC_GetFixedBlock  STemWin528_CM4_Keil.lib(gui_alloc.o)
    0x08000f08   0x00000040   Code   RO         5367    i.GUI_ALLOC_GetMaxSize  STemWin528_CM4_Keil.lib(gui_alloc.o)
    0x08000f48   0x0000001c   Code   RO         5376    i.GUI_ALLOC_LockH   STemWin528_CM4_Keil.lib(gui_alloc.o)
    0x08000f64   0x00000030   Code   RO         5382    i.GUI_ALLOC_UnlockH  STemWin528_CM4_Keil.lib(gui_alloc.o)
    0x08000f94   0x00000018   Code   RO         5383    i.GUI_ALLOC_h2p     STemWin528_CM4_Keil.lib(gui_alloc.o)
    0x08000fac   0x00000070   Code   RO         6538    i.GUI_CURSOR_SetPositionEx  STemWin528_CM4_Keil.lib(gui_curs1.o)
    0x0800101c   0x0000003c   Code   RO         6310    i.GUI_CalcColorDist  STemWin528_CM4_Keil.lib(gui_calccolordist.o)
    0x08001058   0x0000001c   Code   RO         5436    i.GUI_Clear         STemWin528_CM4_Keil.lib(gui_core.o)
    0x08001074   0x00000060   Code   RO         5437    i.GUI_ClearRect     STemWin528_CM4_Keil.lib(gui_core.o)
    0x080010d4   0x00000050   Code   RO         5471    i.GUI_DEVICE_Create  STemWin528_CM4_Keil.lib(gui_device.o)
    0x08001124   0x00000028   Code   RO         5472    i.GUI_DEVICE_CreateAndLink  STemWin528_CM4_Keil.lib(gui_device.o)
    0x0800114c   0x00000004   Code   RO         5473    i.GUI_DEVICE_Delete  STemWin528_CM4_Keil.lib(gui_device.o)
    0x08001150   0x00000088   Code   RO         5474    i.GUI_DEVICE_Link   STemWin528_CM4_Keil.lib(gui_device.o)
    0x080011d8   0x00000004   Code   RO         5476    i.GUI_DEVICE_Unlink  STemWin528_CM4_Keil.lib(gui_device.o)
    0x080011dc   0x00000024   Code   RO         5479    i.GUI_DEVICE__GetpDriver  STemWin528_CM4_Keil.lib(gui_device.o)
    0x08001200   0x00000100   Code   RO         5969    i.GUI_DispString    STemWin528_CM4_Keil.lib(gui_dispstring.o)
    0x08001300   0x00000010   Code   RO         5492    i.GUI_DispStringAt  STemWin528_CM4_Keil.lib(gui_dispstringat.o)
    0x08001310   0x00000016   Code   RO         6931    i.GUI_GetBitmapPixelIndex  STemWin528_CM4_Keil.lib(gui_getbitmappixelindex.o)
    0x08001326   0x0000008a   Code   RO         6932    i.GUI_GetBitmapPixelIndexEx  STemWin528_CM4_Keil.lib(gui_getbitmappixelindex.o)
    0x080013b0   0x00000014   Code   RO         5626    i.GUI_GetBitsPerPixelEx  STemWin528_CM4_Keil.lib(lcd_getex.o)
    0x080013c4   0x0000000e   Code   RO         6337    i.GUI_GetBkColor    STemWin528_CM4_Keil.lib(gui_getcolor.o)
    0x080013d2   0x00000002   PAD
    0x080013d4   0x00000010   Code   RO         6314    i.GUI_GetCharDistX  STemWin528_CM4_Keil.lib(gui_char.o)
    0x080013e4   0x00000010   Code   RO         6315    i.GUI_GetCharDistXEx  STemWin528_CM4_Keil.lib(gui_char.o)
    0x080013f4   0x0000000e   Code   RO         6339    i.GUI_GetColor      STemWin528_CM4_Keil.lib(gui_getcolor.o)
    0x08001402   0x00000002   PAD
    0x08001404   0x00000014   Code   RO         5522    i.GUI_GetCursorLayer  STemWin528_CM4_Keil.lib(gui_selectlayer.o)
    0x08001418   0x0000000c   Code   RO         5494    i.GUI_GetDrawMode   STemWin528_CM4_Keil.lib(gui_getdrawmode.o)
    0x08001424   0x00000010   Code   RO         6316    i.GUI_GetFontDistY  STemWin528_CM4_Keil.lib(gui_char.o)
    0x08001434   0x00000016   Code   RO         5523    i.GUI_GetLayerPosEx  STemWin528_CM4_Keil.lib(gui_selectlayer.o)
    0x0800144a   0x00000002   PAD
    0x0800144c   0x00000030   Code   RO         6317    i.GUI_GetYAdjust    STemWin528_CM4_Keil.lib(gui_char.o)
    0x0800147c   0x00000010   Code   RO         5628    i.GUI_GetpfIndex2ColorEx  STemWin528_CM4_Keil.lib(lcd_getex.o)
    0x0800148c   0x00000014   Code   RO         5972    i.GUI_GotoXY        STemWin528_CM4_Keil.lib(gui_goto.o)
    0x080014a0   0x00000064   Code   RO         5439    i.GUI_Init          STemWin528_CM4_Keil.lib(gui_core.o)
    0x08001504   0x00000040   Code   RO         6422    i.GUI_MEMDEV_Delete  STemWin528_CM4_Keil.lib(guidev.o)
    0x08001544   0x0000001a   Code   RO         6711    i.GUI_MEMDEV_GetDataPtr  STemWin528_CM4_Keil.lib(guidev_getdataptr.o)
    0x0800155e   0x00000002   PAD
    0x08001560   0x00000044   Code   RO         6425    i.GUI_MEMDEV_Select  STemWin528_CM4_Keil.lib(guidev.o)
    0x080015a4   0x00000190   Code   RO         6470    i.GUI_MEMDEV__WriteToActiveAlpha  STemWin528_CM4_Keil.lib(guidev_writetoactivealpha.o)
    0x08001734   0x0000002c   Code   RO         5501    i.GUI_MULTIBUF_ConfirmEx  STemWin528_CM4_Keil.lib(gui_multibuf.o)
    0x08001760   0x00000058   Code   RO         6345    i.GUI_MergeRect     STemWin528_CM4_Keil.lib(gui_mergerect.o)
    0x080017b8   0x0000001e   Code   RO         6347    i.GUI_MoveRect      STemWin528_CM4_Keil.lib(gui_moverect.o)
    0x080017d6   0x00000002   PAD
    0x080017d8   0x00000044   Code   RO         5982    i.GUI_PID_GetState  STemWin528_CM4_Keil.lib(gui_pid.o)
    0x0800181c   0x00000018   Code   RO         5983    i.GUI_PID_IsEmpty   STemWin528_CM4_Keil.lib(gui_pid.o)
    0x08001834   0x0000001c   Code   RO         5985    i.GUI_PID_StoreState  STemWin528_CM4_Keil.lib(gui_pid.o)
    0x08001850   0x00000060   Code   RO         6037    i.GUI_ReadRectEx    STemWin528_CM4_Keil.lib(lcd_readrect.o)
    0x080018b0   0x00000038   Code   RO         6371    i.GUI_RectsIntersect  STemWin528_CM4_Keil.lib(gui_rectsintersect.o)
    0x080018e8   0x0000000a   Code   RO         6825    i.GUI_SPRITE_SetPosition  STemWin528_CM4_Keil.lib(gui_sprite.o)
    0x080018f2   0x00000012   Code   RO         6001    i.GUI_SelectLCD     STemWin528_CM4_Keil.lib(gui_selectlcd.o)
    0x08001904   0x00000024   Code   RO         5525    i.GUI_SelectLayer   STemWin528_CM4_Keil.lib(gui_selectlayer.o)
    0x08001928   0x00000004   Code   RO         6377    i.GUI_SetBkColor    STemWin528_CM4_Keil.lib(gui_setcolor.o)
    0x0800192c   0x00000004   Code   RO         6378    i.GUI_SetColor      STemWin528_CM4_Keil.lib(gui_setcolor.o)
    0x08001930   0x0000000c   Code   RO         5440    i.GUI_SetDefaultFont  STemWin528_CM4_Keil.lib(gui_core.o)
    0x0800193c   0x00000014   Code   RO         5540    i.GUI_SetFont       STemWin528_CM4_Keil.lib(gui_setfont.o)
    0x08001950   0x0000000c   Code   RO         5339    i.GUI_SetFuncAlphaBlending  STemWin528_CM4_Keil.lib(gui__alpha.o)
    0x0800195c   0x0000000c   Code   RO         5441    i.GUI_SetFuncGetpPalConvTable  STemWin528_CM4_Keil.lib(gui_core.o)
    0x08001968   0x0000000c   Code   RO         5340    i.GUI_SetFuncMixColors  STemWin528_CM4_Keil.lib(gui__alpha.o)
    0x08001974   0x0000000c   Code   RO         5341    i.GUI_SetFuncMixColorsBulk  STemWin528_CM4_Keil.lib(gui__alpha.o)
    0x08001980   0x00000004   Code   RO         5527    i.GUI_SetLayerPosEx  STemWin528_CM4_Keil.lib(gui_selectlayer.o)
    0x08001984   0x00000038   Code   RO         6003    i.GUI_SetOrg        STemWin528_CM4_Keil.lib(gui_setorg.o)
    0x080019bc   0x00000010   Code   RO         6402    i.GUI_SignalEvent   STemWin528_CM4_Keil.lib(gui_waitevent.o)
    0x080019cc   0x00000010   Code   RO         6355    i.GUI_StoreKey      STemWin528_CM4_Keil.lib(gui_onkey.o)
    0x080019dc   0x0000002c   Code   RO         5543    i.GUI_TOUCH_StoreStateEx  STemWin528_CM4_Keil.lib(gui_touch.o)
    0x08001a08   0x0000002c   Code   RO         6389    i.GUI_UC__GetCharCodeInc  STemWin528_CM4_Keil.lib(gui_uc.o)
    0x08001a34   0x00000028   Code   RO         6391    i.GUI_UC__NumChars2NumBytes  STemWin528_CM4_Keil.lib(gui_uc.o)
    0x08001a5c   0x00000028   Code   RO         6464    i.GUI_USAGE_AddRect  STemWin528_CM4_Keil.lib(guidev_usage.o)
    0x08001a84   0x00000024   Code   RO         6465    i.GUI_USAGE_DecUseCnt  STemWin528_CM4_Keil.lib(guidev_usage.o)
    0x08001aa8   0x00000020   Code   RO         1429    i.GUI_X_Config      guiconf.o
    0x08001ac8   0x00000002   Code   RO         1120    i.GUI_X_ExecIdle    gui_x.o
    0x08001aca   0x00000002   Code   RO         1122    i.GUI_X_Init        gui_x.o
    0x08001acc   0x00000016   Code   RO         5342    i.GUI__AllocAlphaBuffer  STemWin528_CM4_Keil.lib(gui__alpha.o)
    0x08001ae2   0x00000002   PAD
    0x08001ae4   0x00000124   Code   RO         6523    i.GUI__CompactPixelIndices  STemWin528_CM4_Keil.lib(gui__compactpixelindices.o)
    0x08001c08   0x0000000c   Code   RO         6524    i.GUI__CompactPixelIndicesEx  STemWin528_CM4_Keil.lib(gui__compactpixelindices.o)
    0x08001c14   0x00000034   Code   RO         5442    i.GUI__Config       STemWin528_CM4_Keil.lib(gui_core.o)
    0x08001c48   0x00000168   Code   RO         6525    i.GUI__ConvertColor2Index  STemWin528_CM4_Keil.lib(gui__compactpixelindices.o)
    0x08001db0   0x000000b0   Code   RO         6324    i.GUI__DispLine     STemWin528_CM4_Keil.lib(gui_charline.o)
    0x08001e60   0x000001d0   Code   RO         5343    i.GUI__DoAlphaBlending  STemWin528_CM4_Keil.lib(gui__alpha.o)
    0x08002030   0x00000142   Code   RO         5946    i.GUI__ExpandPixelIndicesEx  STemWin528_CM4_Keil.lib(gui__expandpixelindices.o)
    0x08002172   0x00000002   PAD
    0x08002174   0x0000009c   Code   RO         5344    i.GUI__GetAlphaBuffer  STemWin528_CM4_Keil.lib(gui__alpha.o)
    0x08002210   0x00000054   Code   RO         6325    i.GUI__GetLineDistX  STemWin528_CM4_Keil.lib(gui_charline.o)
    0x08002264   0x00000038   Code   RO         6326    i.GUI__GetLineNumChars  STemWin528_CM4_Keil.lib(gui_charline.o)
    0x0800229c   0x00000018   Code   RO         6327    i.GUI__GetOverlap   STemWin528_CM4_Keil.lib(gui_charline.o)
    0x080022b4   0x0000003a   Code   RO         6295    i.GUI__IntersectRect  STemWin528_CM4_Keil.lib(gui__intersectrect.o)
    0x080022ee   0x00000052   Code   RO         6297    i.GUI__IntersectRects  STemWin528_CM4_Keil.lib(gui__intersectrects.o)
    0x08002340   0x00000010   Code   RO         6300    i.GUI__ManageCache  STemWin528_CM4_Keil.lib(gui__managecache.o)
    0x08002350   0x000000c8   Code   RO         6301    i.GUI__ManageCacheEx  STemWin528_CM4_Keil.lib(gui__managecache.o)
    0x08002418   0x00000066   Code   RO         5345    i.GUI__MixColors    STemWin528_CM4_Keil.lib(gui__alpha.o)
    0x0800247e   0x0000004e   Code   RO         5346    i.GUI__MixColorsBulk  STemWin528_CM4_Keil.lib(gui__alpha.o)
    0x080024cc   0x00000010   Code   RO         5443    i.GUI__RegisterExit  STemWin528_CM4_Keil.lib(gui_core.o)
    0x080024dc   0x0000004c   Code   RO         5949    i.GUI__memset       STemWin528_CM4_Keil.lib(gui__memset.o)
    0x08002528   0x0000001c   Code   RO         1212    i.GetBufferSize     lcdconf_stm32f429i_disco_mb1075.o
    0x08002544   0x0000005a   Code   RO         3164    i.HAL_DMA2D_Init    stm32f4xx_hal_dma2d.o
    0x0800259e   0x00000002   PAD
    0x080025a0   0x0000001c   Code   RO         1214    i.HAL_DMA2D_MspInit  lcdconf_stm32f429i_disco_mb1075.o
    0x080025bc   0x00000056   Code   RO         5191    i.HAL_DMA_DeInit    stm32f4xx_hal_dma.o
    0x08002612   0x00000002   PAD
    0x08002614   0x00000078   Code   RO         5195    i.HAL_DMA_Init      stm32f4xx_hal_dma.o
    0x0800268c   0x00000016   Code   RO         1934    i.HAL_Delay         stm32f4xx_hal.o
    0x080026a2   0x00000002   PAD
    0x080026a4   0x000001cc   Code   RO         4133    i.HAL_GPIO_Init     stm32f4xx_hal_gpio.o
    0x08002870   0x00000008   Code   RO         4136    i.HAL_GPIO_TogglePin  stm32f4xx_hal_gpio.o
    0x08002878   0x0000000a   Code   RO         4137    i.HAL_GPIO_WritePin  stm32f4xx_hal_gpio.o
    0x08002882   0x00000002   PAD
    0x08002884   0x0000000c   Code   RO         1942    i.HAL_GetTick       stm32f4xx_hal.o
    0x08002890   0x0000002e   Code   RO         1630    i.HAL_I2C_DeInit    stm32f4xx_hal_i2c.o
    0x080028be   0x00000006   Code   RO         1635    i.HAL_I2C_GetState  stm32f4xx_hal_i2c.o
    0x080028c4   0x00000100   Code   RO         1636    i.HAL_I2C_Init      stm32f4xx_hal_i2c.o
    0x080029c4   0x000001c4   Code   RO         1648    i.HAL_I2C_Mem_Read  stm32f4xx_hal_i2c.o
    0x08002b88   0x000000ec   Code   RO         1651    i.HAL_I2C_Mem_Write  stm32f4xx_hal_i2c.o
    0x08002c74   0x00000002   Code   RO         1654    i.HAL_I2C_MspDeInit  stm32f4xx_hal_i2c.o
    0x08002c76   0x00000002   Code   RO         1655    i.HAL_I2C_MspInit   stm32f4xx_hal_i2c.o
    0x08002c78   0x00000010   Code   RO         1943    i.HAL_IncTick       stm32f4xx_hal.o
    0x08002c88   0x00000034   Code   RO         1944    i.HAL_Init          stm32f4xx_hal.o
    0x08002cbc   0x00000022   Code   RO         1945    i.HAL_InitTick      stm32f4xx_hal.o
    0x08002cde   0x00000002   PAD
    0x08002ce0   0x00000078   Code   RO         3957    i.HAL_LTDC_ConfigCLUT  stm32f4xx_hal_ltdc.o
    0x08002d58   0x00000040   Code   RO         3958    i.HAL_LTDC_ConfigColorKeying  stm32f4xx_hal_ltdc.o
    0x08002d98   0x00000052   Code   RO         3959    i.HAL_LTDC_ConfigLayer  stm32f4xx_hal_ltdc.o
    0x08002dea   0x00000018   Code   RO         3960    i.HAL_LTDC_DeInit   stm32f4xx_hal_ltdc.o
    0x08002e02   0x0000003a   Code   RO         3962    i.HAL_LTDC_DisableColorKeying  stm32f4xx_hal_ltdc.o
    0x08002e3c   0x0000003a   Code   RO         3964    i.HAL_LTDC_EnableCLUT  stm32f4xx_hal_ltdc.o
    0x08002e76   0x0000003a   Code   RO         3965    i.HAL_LTDC_EnableColorKeying  stm32f4xx_hal_ltdc.o
    0x08002eb0   0x00000002   Code   RO         3967    i.HAL_LTDC_ErrorCallback  stm32f4xx_hal_ltdc.o
    0x08002eb2   0x000000a2   Code   RO         3970    i.HAL_LTDC_IRQHandler  stm32f4xx_hal_ltdc.o
    0x08002f54   0x000000fc   Code   RO         3971    i.HAL_LTDC_Init     stm32f4xx_hal_ltdc.o
    0x08003050   0x00000050   Code   RO         1215    i.HAL_LTDC_LineEventCallback  lcdconf_stm32f429i_disco_mb1075.o
    0x080030a0   0x00000018   Code   RO         1216    i.HAL_LTDC_MspDeInit  lcdconf_stm32f429i_disco_mb1075.o
    0x080030b8   0x0000012c   Code   RO         1217    i.HAL_LTDC_MspInit  lcdconf_stm32f429i_disco_mb1075.o
    0x080031e4   0x00000038   Code   RO         3975    i.HAL_LTDC_ProgramLineEvent  stm32f4xx_hal_ltdc.o
    0x0800321c   0x00000044   Code   RO         3976    i.HAL_LTDC_SetAddress  stm32f4xx_hal_ltdc.o
    0x08003260   0x00000044   Code   RO         3977    i.HAL_LTDC_SetAlpha  stm32f4xx_hal_ltdc.o
    0x080032a4   0x00000054   Code   RO         3980    i.HAL_LTDC_SetWindowPosition  stm32f4xx_hal_ltdc.o
    0x080032f8   0x00000008   Code   RO         1947    i.HAL_MspInit       stm32f4xx_hal.o
    0x08003300   0x00000016   Code   RO         4771    i.HAL_NVIC_EnableIRQ  stm32f4xx_hal_cortex.o
    0x08003316   0x00000002   PAD
    0x08003318   0x00000040   Code   RO         4777    i.HAL_NVIC_SetPriority  stm32f4xx_hal_cortex.o
    0x08003358   0x00000024   Code   RO         4778    i.HAL_NVIC_SetPriorityGrouping  stm32f4xx_hal_cortex.o
    0x0800337c   0x0000008c   Code   RO         4702    i.HAL_PWREx_EnableOverDrive  stm32f4xx_hal_pwr_ex.o
    0x08003408   0x000002a8   Code   RO         3117    i.HAL_RCCEx_PeriphCLKConfig  stm32f4xx_hal_rcc_ex.o
    0x080036b0   0x0000020c   Code   RO         4197    i.HAL_RCC_ClockConfig  stm32f4xx_hal_rcc.o
    0x080038bc   0x00000034   Code   RO         4202    i.HAL_RCC_GetHCLKFreq  stm32f4xx_hal_rcc.o
    0x080038f0   0x0000002c   Code   RO         4204    i.HAL_RCC_GetPCLK1Freq  stm32f4xx_hal_rcc.o
    0x0800391c   0x00000070   Code   RO         4206    i.HAL_RCC_GetSysClockFreq  stm32f4xx_hal_rcc.o
    0x0800398c   0x0000033c   Code   RO         4209    i.HAL_RCC_OscConfig  stm32f4xx_hal_rcc.o
    0x08003cc8   0x00000042   Code   RO         4546    i.HAL_SDRAM_Init    stm32f4xx_hal_sdram.o
    0x08003d0a   0x00000002   Code   RO         4548    i.HAL_SDRAM_MspInit  stm32f4xx_hal_sdram.o
    0x08003d0c   0x00000022   Code   RO         4549    i.HAL_SDRAM_ProgramRefreshRate  stm32f4xx_hal_sdram.o
    0x08003d2e   0x00000002   PAD
    0x08003d30   0x00000030   Code   RO         4555    i.HAL_SDRAM_SendCommand  stm32f4xx_hal_sdram.o
    0x08003d60   0x00000028   Code   RO         3598    i.HAL_SPI_DeInit    stm32f4xx_hal_spi.o
    0x08003d88   0x00000006   Code   RO         3601    i.HAL_SPI_GetState  stm32f4xx_hal_spi.o
    0x08003d8e   0x00000084   Code   RO         3603    i.HAL_SPI_Init      stm32f4xx_hal_spi.o
    0x08003e12   0x00000002   Code   RO         3604    i.HAL_SPI_MspDeInit  stm32f4xx_hal_spi.o
    0x08003e14   0x00000002   Code   RO         3605    i.HAL_SPI_MspInit   stm32f4xx_hal_spi.o
    0x08003e16   0x00000144   Code   RO         3611    i.HAL_SPI_Transmit  stm32f4xx_hal_spi.o
    0x08003f5a   0x00000028   Code   RO         4782    i.HAL_SYSTICK_Config  stm32f4xx_hal_cortex.o
    0x08003f82   0x00000002   Code   RO         4301    i.HAL_TIMEx_BreakCallback  stm32f4xx_hal_tim_ex.o
    0x08003f84   0x00000002   Code   RO         4302    i.HAL_TIMEx_CommutationCallback  stm32f4xx_hal_tim_ex.o
    0x08003f86   0x00000036   Code   RO         2087    i.HAL_TIM_Base_Init  stm32f4xx_hal_tim.o
    0x08003fbc   0x0000002c   Code   RO         1571    i.HAL_TIM_Base_MspInit  main.o
    0x08003fe8   0x00000018   Code   RO         2092    i.HAL_TIM_Base_Start_IT  stm32f4xx_hal_tim.o
    0x08004000   0x00000002   Code   RO         2116    i.HAL_TIM_IC_CaptureCallback  stm32f4xx_hal_tim.o
    0x08004002   0x00000166   Code   RO         2129    i.HAL_TIM_IRQHandler  stm32f4xx_hal_tim.o
    0x08004168   0x00000002   Code   RO         2132    i.HAL_TIM_OC_DelayElapsedCallback  stm32f4xx_hal_tim.o
    0x0800416a   0x00000002   Code   RO         2159    i.HAL_TIM_PWM_PulseFinishedCallback  stm32f4xx_hal_tim.o
    0x0800416c   0x00000004   Code   RO         1572    i.HAL_TIM_PeriodElapsedCallback  main.o
    0x08004170   0x00000002   Code   RO         2170    i.HAL_TIM_TriggerCallback  stm32f4xx_hal_tim.o
    0x08004172   0x00000002   Code   RO         1495    i.HardFault_Handler  stm32f4xx_it.o
    0x08004174   0x000000e0   Code   RO         1675    i.I2C_RequestMemoryRead  stm32f4xx_hal_i2c.o
    0x08004254   0x00000090   Code   RO         1676    i.I2C_RequestMemoryWrite  stm32f4xx_hal_i2c.o
    0x080042e4   0x0000008a   Code   RO         1677    i.I2C_WaitOnFlagUntilTimeout  stm32f4xx_hal_i2c.o
    0x0800436e   0x00000002   PAD
    0x08004370   0x00000088   Code   RO         1678    i.I2C_WaitOnMasterAddressFlagUntilTimeout  stm32f4xx_hal_i2c.o
    0x080043f8   0x00000014   Code   RO          218    i.I2Cx_Error        stm32f429i_discovery.o
    0x0800440c   0x00000048   Code   RO          219    i.I2Cx_Init         stm32f429i_discovery.o
    0x08004454   0x000000b8   Code   RO          220    i.I2Cx_MspInit      stm32f429i_discovery.o
    0x0800450c   0x00000004   Code   RO          221    i.IOE_Delay         stm32f429i_discovery.o
    0x08004510   0x00000050   Code   RO          222    i.IOE_ITConfig      stm32f429i_discovery.o
    0x08004560   0x00000004   Code   RO          223    i.IOE_Init          stm32f429i_discovery.o
    0x08004564   0x00000034   Code   RO          224    i.IOE_Read          stm32f429i_discovery.o
    0x08004598   0x00000030   Code   RO          225    i.IOE_ReadMultiple  stm32f429i_discovery.o
    0x080045c8   0x00000030   Code   RO          226    i.IOE_Write         stm32f429i_discovery.o
    0x080045f8   0x0000000c   Code   RO         1218    i.Index2ColorBulk_M1555IDMA2D  lcdconf_stm32f429i_disco_mb1075.o
    0x08004604   0x0000000c   Code   RO         1219    i.Index2ColorBulk_M4444IDMA2D  lcdconf_stm32f429i_disco_mb1075.o
    0x08004610   0x0000000c   Code   RO         1220    i.Index2ColorBulk_M565DMA2D  lcdconf_stm32f429i_disco_mb1075.o
    0x0800461c   0x0000000c   Code   RO         1221    i.Index2ColorBulk_M8888IDMA2D  lcdconf_stm32f429i_disco_mb1075.o
    0x08004628   0x0000000c   Code   RO         1222    i.Index2ColorBulk_M888DMA2D  lcdconf_stm32f429i_disco_mb1075.o
    0x08004634   0x0000000e   Code   RO         1223    i.InvertAlpha       lcdconf_stm32f429i_disco_mb1075.o
    0x08004642   0x00000026   Code   RO         1224    i.InvertAlpha_SwapRB  lcdconf_stm32f429i_disco_mb1075.o
    0x08004668   0x0000001c   Code   RO         5573    i.LCD_Color2Index   STemWin528_CM4_Keil.lib(lcd.o)
    0x08004684   0x00000056   Code   RO         5279    i.LCD_Color2Index_8666  STemWin528_CM4_Keil.lib(guicc_8666.o)
    0x080046da   0x00000004   Code   RO          228    i.LCD_Delay         stm32f429i_discovery.o
    0x080046de   0x00000002   PAD
    0x080046e0   0x00000204   Code   RO         5574    i.LCD_DrawBitmap    STemWin528_CM4_Keil.lib(lcd.o)
    0x080048e4   0x00000058   Code   RO         5575    i.LCD_DrawHLine     STemWin528_CM4_Keil.lib(lcd.o)
    0x0800493c   0x00000068   Code   RO         5576    i.LCD_DrawPixel     STemWin528_CM4_Keil.lib(lcd.o)
    0x080049a4   0x00000058   Code   RO         5578    i.LCD_FillRect      STemWin528_CM4_Keil.lib(lcd.o)
    0x080049fc   0x00000006   Code   RO         5630    i.LCD_GetBitsPerPixelEx  STemWin528_CM4_Keil.lib(lcd_getex.o)
    0x08004a02   0x00000002   PAD
    0x08004a04   0x00000010   Code   RO         6701    i.LCD_GetBkColorIndex  STemWin528_CM4_Keil.lib(lcd_getcolorindex.o)
    0x08004a14   0x00000010   Code   RO         6702    i.LCD_GetColorIndex  STemWin528_CM4_Keil.lib(lcd_getcolorindex.o)
    0x08004a24   0x00000018   Code   RO         5632    i.LCD_GetDevFunc    STemWin528_CM4_Keil.lib(lcd_getex.o)
    0x08004a3c   0x00000006   Code   RO         5634    i.LCD_GetMirrorXEx  STemWin528_CM4_Keil.lib(lcd_getex.o)
    0x08004a42   0x00000006   Code   RO         5636    i.LCD_GetMirrorYEx  STemWin528_CM4_Keil.lib(lcd_getex.o)
    0x08004a48   0x00000010   Code   RO         5637    i.LCD_GetNumColors  STemWin528_CM4_Keil.lib(lcd_getex.o)
    0x08004a58   0x00000006   Code   RO         5638    i.LCD_GetNumColorsEx  STemWin528_CM4_Keil.lib(lcd_getex.o)
    0x08004a5e   0x0000001a   Code   RO         6033    i.LCD_GetNumLayers  STemWin528_CM4_Keil.lib(lcd_getnumdisplays.o)
    0x08004a78   0x00000010   Code   RO         5639    i.LCD_GetPalette    STemWin528_CM4_Keil.lib(lcd_getex.o)
    0x08004a88   0x00000018   Code   RO         5640    i.LCD_GetPaletteEx  STemWin528_CM4_Keil.lib(lcd_getex.o)
    0x08004aa0   0x0000002c   Code   RO         5705    i.LCD_GetPosEx      STemWin528_CM4_Keil.lib(lcd_set.o)
    0x08004acc   0x00000006   Code   RO         5642    i.LCD_GetSwapXYEx   STemWin528_CM4_Keil.lib(lcd_getex.o)
    0x08004ad2   0x00000006   Code   RO         5645    i.LCD_GetVXSizeMax  STemWin528_CM4_Keil.lib(lcd_getex.o)
    0x08004ad8   0x00000010   Code   RO         5651    i.LCD_GetXSize      STemWin528_CM4_Keil.lib(lcd_getex.o)
    0x08004ae8   0x00000006   Code   RO         5652    i.LCD_GetXSizeEx    STemWin528_CM4_Keil.lib(lcd_getex.o)
    0x08004aee   0x00000002   PAD
    0x08004af0   0x00000010   Code   RO         5656    i.LCD_GetYSize      STemWin528_CM4_Keil.lib(lcd_getex.o)
    0x08004b00   0x00000006   Code   RO         5657    i.LCD_GetYSizeEx    STemWin528_CM4_Keil.lib(lcd_getex.o)
    0x08004b06   0x00000004   Code   RO         5611    i.LCD_GetpPalConvTable  STemWin528_CM4_Keil.lib(lcd_color.o)
    0x08004b0a   0x00000004   Code   RO         5612    i.LCD_GetpPalConvTableBM  STemWin528_CM4_Keil.lib(lcd_color.o)
    0x08004b0e   0x00000002   PAD
    0x08004b10   0x00000048   Code   RO         5613    i.LCD_GetpPalConvTableUncached  STemWin528_CM4_Keil.lib(lcd_color.o)
    0x08004b58   0x000000a8   Code   RO          229    i.LCD_IO_Init       stm32f429i_discovery.o
    0x08004c00   0x00000038   Code   RO          231    i.LCD_IO_WriteData  stm32f429i_discovery.o
    0x08004c38   0x00000038   Code   RO          232    i.LCD_IO_WriteReg   stm32f429i_discovery.o
    0x08004c70   0x0000001c   Code   RO         5579    i.LCD_Index2Color   STemWin528_CM4_Keil.lib(lcd.o)
    0x08004c8c   0x00000064   Code   RO         5280    i.LCD_Index2Color_8666  STemWin528_CM4_Keil.lib(guicc_8666.o)
    0x08004cf0   0x00000002   Code   RO         6027    i.LCD_Index2Color_888  STemWin528_CM4_Keil.lib(guicc_888_index2color.o)
    0x08004cf2   0x00000002   Code   RO         6029    i.LCD_Index2Color_8888  STemWin528_CM4_Keil.lib(guicc_8888_index2color.o)
    0x08004cf4   0x0000002c   Code   RO         5548    i.LCD_Index2Color_M565  STemWin528_CM4_Keil.lib(guicc_m565.o)
    0x08004d20   0x00000014   Code   RO         6031    i.LCD_Index2Color_M888  STemWin528_CM4_Keil.lib(guicc_m888_index2color.o)
    0x08004d34   0x00000034   Code   RO         5614    i.LCD_InitColors    STemWin528_CM4_Keil.lib(lcd_color.o)
    0x08004d68   0x0000007c   Code   RO         5615    i.LCD_InitLUT       STemWin528_CM4_Keil.lib(lcd_color.o)
    0x08004de4   0x0000007c   Code   RO         1225    i.LCD_LL_GetPixelformat  lcdconf_stm32f429i_disco_mb1075.o
    0x08004e60   0x000000a4   Code   RO         1226    i.LCD_LL_Init       lcdconf_stm32f429i_disco_mb1075.o
    0x08004f04   0x000000bc   Code   RO         1227    i.LCD_LL_LayerInit  lcdconf_stm32f429i_disco_mb1075.o
    0x08004fc0   0x000000c4   Code   RO         1228    i.LCD_MixColorsBulk  lcdconf_stm32f429i_disco_mb1075.o
    0x08005084   0x00000198   Code   RO         6039    i.LCD_ReadRectEx    STemWin528_CM4_Keil.lib(lcd_readrect.o)
    0x0800521c   0x00000040   Code   RO         6412    i.LCD_SelectLCD     STemWin528_CM4_Keil.lib(lcd_selectlcd.o)
    0x0800525c   0x0000000c   Code   RO         5580    i.LCD_SetBkColor    STemWin528_CM4_Keil.lib(lcd.o)
    0x08005268   0x00000018   Code   RO         5581    i.LCD_SetBkColorIndex  STemWin528_CM4_Keil.lib(lcd.o)
    0x08005280   0x00000030   Code   RO         6414    i.LCD_SetClipRectEx  STemWin528_CM4_Keil.lib(lcd_setcliprectex.o)
    0x080052b0   0x0000001c   Code   RO         5582    i.LCD_SetClipRectMax  STemWin528_CM4_Keil.lib(lcd.o)
    0x080052cc   0x0000000c   Code   RO         5583    i.LCD_SetColor      STemWin528_CM4_Keil.lib(lcd.o)
    0x080052d8   0x00000018   Code   RO         5584    i.LCD_SetColorIndex  STemWin528_CM4_Keil.lib(lcd.o)
    0x080052f0   0x0000002c   Code   RO         5716    i.LCD_SetDevFunc    STemWin528_CM4_Keil.lib(lcd_set.o)
    0x0800531c   0x0000000c   Code   RO         5585    i.LCD_SetDrawMode   STemWin528_CM4_Keil.lib(lcd.o)
    0x08005328   0x0000002c   Code   RO         5718    i.LCD_SetLUTEntryEx  STemWin528_CM4_Keil.lib(lcd_set.o)
    0x08005354   0x0000002c   Code   RO         5720    i.LCD_SetPosEx      STemWin528_CM4_Keil.lib(lcd_set.o)
    0x08005380   0x0000002c   Code   RO         5722    i.LCD_SetSizeEx     STemWin528_CM4_Keil.lib(lcd_set.o)
    0x080053ac   0x00000028   Code   RO         5724    i.LCD_SetVRAMAddrEx  STemWin528_CM4_Keil.lib(lcd_set.o)
    0x080053d4   0x0000002c   Code   RO         5726    i.LCD_SetVSizeEx    STemWin528_CM4_Keil.lib(lcd_set.o)
    0x08005400   0x00000024   Code   RO         6416    i.LCD_UpdateColorIndices  STemWin528_CM4_Keil.lib(lcd_updatecolorindices.o)
    0x08005424   0x00000150   Code   RO         1229    i.LCD_X_Config      lcdconf_stm32f429i_disco_mb1075.o
    0x08005574   0x0000012c   Code   RO         1230    i.LCD_X_DisplayDriver  lcdconf_stm32f429i_disco_mb1075.o
    0x080056a0   0x0000000c   Code   RO         1496    i.LTDC_IRQHandler   stm32f4xx_it.o
    0x080056ac   0x00000162   Code   RO         3982    i.LTDC_SetConfig    stm32f4xx_hal_ltdc.o
    0x0800580e   0x00000002   PAD
    0x08005810   0x00000040   Code   RO         1478    i.MainTask          basic_helloworld.o
    0x08005850   0x00000002   Code   RO         1497    i.MemManage_Handler  stm32f4xx_it.o
    0x08005852   0x00000002   PAD
    0x08005854   0x00000160   Code   RO          770    i.MspInit           stm32f429i_discovery_sdram.o
    0x080059b4   0x00000002   Code   RO         1498    i.NMI_Handler       stm32f4xx_it.o
    0x080059b6   0x00000020   Code   RO         4784    i.NVIC_SetPriority  stm32f4xx_hal_cortex.o
    0x080059d6   0x0000009e   Code   RO         3634    i.SPI_WaitOnFlagUntilTimeout  stm32f4xx_hal_spi.o
    0x08005a74   0x00000014   Code   RO          233    i.SPIx_Error        stm32f429i_discovery.o
    0x08005a88   0x0000009c   Code   RO          234    i.SPIx_Init         stm32f429i_discovery.o
    0x08005b24   0x00000024   Code   RO          235    i.SPIx_Write        stm32f429i_discovery.o
    0x08005b48   0x00000014   Code   RO         1499    i.SysTick_Handler   stm32f4xx_it.o
    0x08005b5c   0x00000078   Code   RO         1573    i.SystemClock_Config  main.o
    0x08005bd4   0x00000054   Code   RO         1446    i.SystemInit        system_stm32f4xx.o
    0x08005c28   0x0000000c   Code   RO         1500    i.TIM3_IRQHandler   stm32f4xx_it.o
    0x08005c34   0x000000c0   Code   RO         2171    i.TIM_Base_SetConfig  stm32f4xx_hal_tim.o
    0x08005cf4   0x00000002   Code   RO         1501    i.UsageFault_Handler  stm32f4xx_it.o
    0x08005cf6   0x00000002   PAD
    0x08005cf8   0x00000010   Code   RO         6179    i.WM_Activate       STemWin528_CM4_Keil.lib(wm.o)
    0x08005d08   0x0000007e   Code   RO         6475    i.WM_BringToBottom  STemWin528_CM4_Keil.lib(wm_bringtobottom.o)
    0x08005d86   0x00000002   PAD
    0x08005d88   0x00000148   Code   RO         6181    i.WM_CreateWindowAsChild  STemWin528_CM4_Keil.lib(wm.o)
    0x08005ed0   0x00000014   Code   RO         6182    i.WM_Deactivate     STemWin528_CM4_Keil.lib(wm.o)
    0x08005ee4   0x00000046   Code   RO         6183    i.WM_DefaultProc    STemWin528_CM4_Keil.lib(wm.o)
    0x08005f2a   0x00000002   PAD
    0x08005f2c   0x00000018   Code   RO         6293    i.WM_GetDesktopWindow  STemWin528_CM4_Keil.lib(wm_getdesktopwindow.o)
    0x08005f44   0x00000014   Code   RO         6924    i.WM_GetDesktopWindowEx  STemWin528_CM4_Keil.lib(wm_getdesktopwindowex.o)
    0x08005f58   0x0000000e   Code   RO         6487    i.WM_GetFirstChild  STemWin528_CM4_Keil.lib(wm_getfirstchild.o)
    0x08005f66   0x0000000e   Code   RO         6773    i.WM_GetParent      STemWin528_CM4_Keil.lib(wm_getparent.o)
    0x08005f74   0x00000370   Code   RO         6507    i.WM_HandlePID      STemWin528_CM4_Keil.lib(wm_touch.o)
    0x080062e4   0x000000d4   Code   RO         6188    i.WM_Init           STemWin528_CM4_Keil.lib(wm.o)
    0x080063b8   0x00000076   Code   RO         6189    i.WM_InvalidateRect  STemWin528_CM4_Keil.lib(wm.o)
    0x0800642e   0x00000006   Code   RO         6190    i.WM_InvalidateWindow  STemWin528_CM4_Keil.lib(wm.o)
    0x08006434   0x0000005e   Code   RO         6191    i.WM_InvalidateWindowAndDescsEx  STemWin528_CM4_Keil.lib(wm.o)
    0x08006492   0x00000004   Code   RO         6779    i.WM_IsWindow       STemWin528_CM4_Keil.lib(wm_iswindow.o)
    0x08006496   0x00000002   PAD
    0x08006498   0x00000018   Code   RO         6784    i.WM_PID__SetPrevState  STemWin528_CM4_Keil.lib(wm_pid__getprevstate.o)
    0x080064b0   0x00000004   Code   RO         6798    i.WM_ReleaseCapture  STemWin528_CM4_Keil.lib(wm_setcapture.o)
    0x080064b4   0x0000000a   Code   RO         6788    i.WM_Screen2hWin    STemWin528_CM4_Keil.lib(wm_screen2win.o)
    0x080064be   0x00000002   PAD
    0x080064c0   0x0000003c   Code   RO         6192    i.WM_SelectWindow   STemWin528_CM4_Keil.lib(wm.o)
    0x080064fc   0x0000001e   Code   RO         6493    i.WM_SendToParent   STemWin528_CM4_Keil.lib(wm_sendtoparent.o)
    0x0800651a   0x00000002   PAD
    0x0800651c   0x00000010   Code   RO         5930    i.WM_SetCreateFlags  STemWin528_CM4_Keil.lib(wm_setcreateflags.o)
    0x0800652c   0x00000048   Code   RO         6195    i.WM__ActivateClipRect  STemWin528_CM4_Keil.lib(wm.o)
    0x08006574   0x00000010   Code   RO         6477    i.WM__AddCriticalHandle  STemWin528_CM4_Keil.lib(wm_criticalhandle.o)
    0x08006584   0x00000010   Code   RO         6196    i.WM__Client2Screen  STemWin528_CM4_Keil.lib(wm.o)
    0x08006594   0x0000004e   Code   RO         6197    i.WM__ClipAtParentBorders  STemWin528_CM4_Keil.lib(wm.o)
    0x080065e2   0x00000020   Code   RO         6483    i.WM__GetClientRectEx  STemWin528_CM4_Keil.lib(wm_getclientrect.o)
    0x08006602   0x00000018   Code   RO         6200    i.WM__GetClientRectWin  STemWin528_CM4_Keil.lib(wm.o)
    0x0800661a   0x00000012   Code   RO         6922    i.WM__GetFirstSibling  STemWin528_CM4_Keil.lib(wm__getfirstsibling.o)
    0x0800662c   0x00000040   Code   RO         6201    i.WM__GetNextIVR    STemWin528_CM4_Keil.lib(wm.o)
    0x0800666c   0x00000024   Code   RO         6753    i.WM__GetPrevSibling  STemWin528_CM4_Keil.lib(wm__getprevsibling.o)
    0x08006690   0x00000018   Code   RO         6202    i.WM__GetTopLevelLayer  STemWin528_CM4_Keil.lib(wm.o)
    0x080066a8   0x000000f0   Code   RO         6203    i.WM__InitIVRSearch  STemWin528_CM4_Keil.lib(wm.o)
    0x08006798   0x000000a4   Code   RO         6204    i.WM__InsertWindowIntoList  STemWin528_CM4_Keil.lib(wm.o)
    0x0800683c   0x00000006   Code   RO         6205    i.WM__Invalidate1Abs  STemWin528_CM4_Keil.lib(wm.o)
    0x08006842   0x00000002   PAD
    0x08006844   0x00000054   Code   RO         6206    i.WM__InvalidateDrawAndDescs  STemWin528_CM4_Keil.lib(wm.o)
    0x08006898   0x00000076   Code   RO         6208    i.WM__InvalidateRect  STemWin528_CM4_Keil.lib(wm.o)
    0x0800690e   0x00000006   Code   RO         6209    i.WM__InvalidateRectEx  STemWin528_CM4_Keil.lib(wm.o)
    0x08006914   0x00000022   Code   RO         6755    i.WM__IsAncestor    STemWin528_CM4_Keil.lib(wm__isancestor.o)
    0x08006936   0x00000016   Code   RO         6759    i.WM__IsEnabled     STemWin528_CM4_Keil.lib(wm__isenabled.o)
    0x0800694c   0x00000068   Code   RO         6508    i.WM__IsInModalArea  STemWin528_CM4_Keil.lib(wm_touch.o)
    0x080069b4   0x00000030   Code   RO         6790    i.WM__IsInWindow    STemWin528_CM4_Keil.lib(wm_screen2win.o)
    0x080069e4   0x00000024   Code   RO         6210    i.WM__IsWindow      STemWin528_CM4_Keil.lib(wm.o)
    0x08006a08   0x00000020   Code   RO         6214    i.WM__RectIsNZ      STemWin528_CM4_Keil.lib(wm.o)
    0x08006a28   0x0000002c   Code   RO         6800    i.WM__ReleaseCapture  STemWin528_CM4_Keil.lib(wm_setcapture.o)
    0x08006a54   0x0000002c   Code   RO         6478    i.WM__RemoveCriticalHandle  STemWin528_CM4_Keil.lib(wm_criticalhandle.o)
    0x08006a80   0x00000014   Code   RO         6216    i.WM__SelectTopLevelLayer  STemWin528_CM4_Keil.lib(wm.o)
    0x08006a94   0x0000003c   Code   RO         6472    i.WM__SendMessage   STemWin528_CM4_Keil.lib(wm__sendmessage.o)
    0x08006ad0   0x0000001c   Code   RO         6761    i.WM__SendMessageIfEnabled  STemWin528_CM4_Keil.lib(wm__sendmessageifenabled.o)
    0x08006aec   0x0000000e   Code   RO         6217    i.WM__SendMsgNoData  STemWin528_CM4_Keil.lib(wm.o)
    0x08006afa   0x0000003e   Code   RO         6509    i.WM__SendPIDMessage  STemWin528_CM4_Keil.lib(wm_touch.o)
    0x08006b38   0x00000036   Code   RO         6510    i.WM__SendTouchMessage  STemWin528_CM4_Keil.lib(wm_touch.o)
    0x08006b6e   0x00000002   PAD
    0x08006b70   0x0000008c   Code   RO         5385    i._AddFreeMemory    STemWin528_CM4_Keil.lib(gui_alloc.o)
    0x08006bfc   0x000000bc   Code   RO         5386    i._Alloc            STemWin528_CM4_Keil.lib(gui_alloc.o)
    0x08006cb8   0x00000004   Code   RO         6006    i._CalcSizeOfChar   STemWin528_CM4_Keil.lib(gui_uc_encodenone.o)
    0x08006cbc   0x0000004c   Code   RO         5549    i._Color2IndexBulk  STemWin528_CM4_Keil.lib(guicc_m565.o)
    0x08006d08   0x00000034   Code   RO         5562    i._Color2IndexBulk  STemWin528_CM4_Keil.lib(guicc_m888.o)
    0x08006d3c   0x00000044   Code   RO         5268    i._Color2IndexBulk_1616I  STemWin528_CM4_Keil.lib(guicc_1616i.o)
    0x08006d80   0x00000038   Code   RO         5286    i._Color2IndexBulk_88666I  STemWin528_CM4_Keil.lib(guicc_88666i.o)
    0x08006db8   0x0000005c   Code   RO         5298    i._Color2IndexBulk_M1555I  STemWin528_CM4_Keil.lib(guicc_m1555i.o)
    0x08006e14   0x00000058   Code   RO         5312    i._Color2IndexBulk_M4444I  STemWin528_CM4_Keil.lib(guicc_m4444i.o)
    0x08006e6c   0x00000044   Code   RO         5326    i._Color2IndexBulk_M8888I  STemWin528_CM4_Keil.lib(guicc_m8888i.o)
    0x08006eb0   0x00000054   Code   RO         6018    i._Color2Index_0    STemWin528_CM4_Keil.lib(guicc_0.o)
    0x08006f04   0x00000072   Code   RO         5932    i._Color2Index_16   STemWin528_CM4_Keil.lib(guicc_16.o)
    0x08006f76   0x00000002   PAD
    0x08006f78   0x00000028   Code   RO         5269    i._Color2Index_1616I  STemWin528_CM4_Keil.lib(guicc_1616i.o)
    0x08006fa0   0x00000020   Code   RO         5287    i._Color2Index_88666I  STemWin528_CM4_Keil.lib(guicc_88666i.o)
    0x08006fc0   0x00000038   Code   RO         5299    i._Color2Index_M1555I  STemWin528_CM4_Keil.lib(guicc_m1555i.o)
    0x08006ff8   0x0000003a   Code   RO         5313    i._Color2Index_M4444I  STemWin528_CM4_Keil.lib(guicc_m4444i.o)
    0x08007032   0x00000002   PAD
    0x08007034   0x0000002c   Code   RO         5550    i._Color2Index_M565  STemWin528_CM4_Keil.lib(guicc_m565.o)
    0x08007060   0x00000014   Code   RO         5563    i._Color2Index_M888  STemWin528_CM4_Keil.lib(guicc_m888.o)
    0x08007074   0x00000020   Code   RO         5327    i._Color2Index_M8888I  STemWin528_CM4_Keil.lib(guicc_m8888i.o)
    0x08007094   0x00000050   Code   RO         5754    i._CopyBuffer       STemWin528_CM4_Keil.lib(guidrv_lin_32.o)
    0x080070e4   0x000000a2   Code   RO         6830    i._CreateBuffer     STemWin528_CM4_Keil.lib(gui_sprite.o)
    0x08007186   0x00000002   PAD
    0x08007188   0x00000014   Code   RO         5987    i._DecPointer       STemWin528_CM4_Keil.lib(gui_pid.o)
    0x0800719c   0x00000020   Code   RO         6219    i._DesktopHandle2Index  STemWin528_CM4_Keil.lib(wm.o)
    0x080071bc   0x00000074   Code   RO         6328    i._DispLine         STemWin528_CM4_Keil.lib(gui_charline.o)
    0x08007230   0x00000104   Code   RO         5755    i._DrawBitLine1BPP  STemWin528_CM4_Keil.lib(guidrv_lin_32.o)
    0x08007334   0x0000011c   Code   RO         6144    i._DrawBitLine1BPP  STemWin528_CM4_Keil.lib(guidev_32.o)
    0x08007450   0x00000094   Code   RO         5756    i._DrawBitLine2BPP  STemWin528_CM4_Keil.lib(guidrv_lin_32.o)
    0x080074e4   0x000000e0   Code   RO         6145    i._DrawBitLine2BPP  STemWin528_CM4_Keil.lib(guidev_32.o)
    0x080075c4   0x00000094   Code   RO         6146    i._DrawBitLine32BPP_DDB  STemWin528_CM4_Keil.lib(guidev_32.o)
    0x08007658   0x0000009c   Code   RO         5757    i._DrawBitLine4BPP  STemWin528_CM4_Keil.lib(guidrv_lin_32.o)
    0x080076f4   0x00000158   Code   RO         6147    i._DrawBitLine4BPP  STemWin528_CM4_Keil.lib(guidev_32.o)
    0x0800784c   0x000000f0   Code   RO         5758    i._DrawBitLine8BPP  STemWin528_CM4_Keil.lib(guidrv_lin_32.o)
    0x0800793c   0x00000188   Code   RO         5759    i._DrawBitmap       STemWin528_CM4_Keil.lib(guidrv_lin_32.o)
    0x08007ac4   0x000002a4   Code   RO         6148    i._DrawBitmap       STemWin528_CM4_Keil.lib(guidev_32.o)
    0x08007d68   0x0000000a   Code   RO         5760    i._DrawHLine        STemWin528_CM4_Keil.lib(guidrv_lin_32.o)
    0x08007d72   0x0000000a   Code   RO         6149    i._DrawHLine        STemWin528_CM4_Keil.lib(guidev_32.o)
    0x08007d7c   0x0000000c   Code   RO         5761    i._DrawVLine        STemWin528_CM4_Keil.lib(guidrv_lin_32.o)
    0x08007d88   0x000000ac   Code   RO         6150    i._DrawVLine        STemWin528_CM4_Keil.lib(guidev_32.o)
    0x08007e34   0x00000006   Code   RO         6007    i._Encode           STemWin528_CM4_Keil.lib(gui_uc_encodenone.o)
    0x08007e3a   0x00000002   PAD
    0x08007e3c   0x00000098   Code   RO         5387    i._EnlargeBlocks    STemWin528_CM4_Keil.lib(gui_alloc.o)
    0x08007ed4   0x00000028   Code   RO         5762    i._FillRect         STemWin528_CM4_Keil.lib(guidrv_lin_32.o)
    0x08007efc   0x000000a4   Code   RO         6151    i._FillRect         STemWin528_CM4_Keil.lib(guidev_32.o)
    0x08007fa0   0x000000d4   Code   RO         5763    i._FillRectOpt32    STemWin528_CM4_Keil.lib(guidrv_lin_32.o)
    0x08008074   0x00000148   Code   RO         6222    i._FindNext_IVR     STemWin528_CM4_Keil.lib(wm.o)
    0x080081bc   0x0000007c   Code   RO         6223    i._Findx0           STemWin528_CM4_Keil.lib(wm.o)
    0x08008238   0x00000072   Code   RO         6224    i._Findx1           STemWin528_CM4_Keil.lib(wm.o)
    0x080082aa   0x000000a6   Code   RO         6225    i._Findy1           STemWin528_CM4_Keil.lib(wm.o)
    0x08008350   0x00000074   Code   RO         6836    i._FlushBuffer      STemWin528_CM4_Keil.lib(gui_sprite.o)
    0x080083c4   0x0000006c   Code   RO         6837    i._GetBkIndex       STemWin528_CM4_Keil.lib(gui_sprite.o)
    0x08008430   0x00000080   Code   RO         6838    i._GetBkIndexAlpha  STemWin528_CM4_Keil.lib(gui_sprite.o)
    0x080084b0   0x00000004   Code   RO         6008    i._GetCharCode      STemWin528_CM4_Keil.lib(gui_uc_encodenone.o)
    0x080084b4   0x00000004   Code   RO         6009    i._GetCharSize      STemWin528_CM4_Keil.lib(gui_uc_encodenone.o)
    0x080084b8   0x00000010   Code   RO         5764    i._GetDevData       STemWin528_CM4_Keil.lib(guidrv_lin_32.o)
    0x080084c8   0x00000010   Code   RO         6152    i._GetDevData       STemWin528_CM4_Keil.lib(guidev_32.o)
    0x080084d8   0x000000dc   Code   RO         5765    i._GetDevFunc       STemWin528_CM4_Keil.lib(guidrv_lin_32.o)
    0x080085b4   0x00000010   Code   RO         6153    i._GetDevFunc       STemWin528_CM4_Keil.lib(guidev_32.o)
    0x080085c4   0x0000001e   Code   RO         5663    i._GetDevProp       STemWin528_CM4_Keil.lib(lcd_getex.o)
    0x080085e2   0x0000003c   Code   RO         5766    i._GetDevProp       STemWin528_CM4_Keil.lib(guidrv_lin_32.o)
    0x0800861e   0x0000000c   Code   RO         6154    i._GetDevProp       STemWin528_CM4_Keil.lib(guidev_32.o)
    0x0800862a   0x00000002   PAD
    0x0800862c   0x00000040   Code   RO         6844    i._GetDeviceRect    STemWin528_CM4_Keil.lib(gui_sprite.o)
    0x0800866c   0x00000052   Code   RO         6019    i._GetIndexMask_0   STemWin528_CM4_Keil.lib(guicc_0.o)
    0x080086be   0x00000004   Code   RO         5933    i._GetIndexMask_16  STemWin528_CM4_Keil.lib(guicc_16.o)
    0x080086c2   0x00000004   Code   RO         5270    i._GetIndexMask_1616I  STemWin528_CM4_Keil.lib(guicc_1616i.o)
    0x080086c6   0x00000004   Code   RO         5281    i._GetIndexMask_8666  STemWin528_CM4_Keil.lib(guicc_8666.o)
    0x080086ca   0x00000006   Code   RO         5288    i._GetIndexMask_88666I  STemWin528_CM4_Keil.lib(guicc_88666i.o)
    0x080086d0   0x00000006   Code   RO         5300    i._GetIndexMask_M1555I  STemWin528_CM4_Keil.lib(guicc_m1555i.o)
    0x080086d6   0x00000006   Code   RO         5314    i._GetIndexMask_M4444I  STemWin528_CM4_Keil.lib(guicc_m4444i.o)
    0x080086dc   0x00000006   Code   RO         5551    i._GetIndexMask_M565  STemWin528_CM4_Keil.lib(guicc_m565.o)
    0x080086e2   0x00000006   Code   RO         5564    i._GetIndexMask_M888  STemWin528_CM4_Keil.lib(guicc_m888.o)
    0x080086e8   0x00000006   Code   RO         5328    i._GetIndexMask_M8888I  STemWin528_CM4_Keil.lib(guicc_m8888i.o)
    0x080086ee   0x0000001e   Code   RO         5664    i._GetMaxValue      STemWin528_CM4_Keil.lib(lcd_getex.o)
    0x0800870c   0x0000001c   Code   RO         5388    i._GetMinIndex      STemWin528_CM4_Keil.lib(gui_alloc.o)
    0x08008728   0x00000010   Code   RO         5767    i._GetPixelIndex    STemWin528_CM4_Keil.lib(guidrv_lin_32.o)
    0x08008738   0x0000000e   Code   RO         6155    i._GetPixelIndex    STemWin528_CM4_Keil.lib(guidev_32.o)
    0x08008746   0x0000001c   Code   RO         5768    i._GetPos           STemWin528_CM4_Keil.lib(guidrv_lin_32.o)
    0x08008762   0x00000016   Code   RO         5769    i._GetRect          STemWin528_CM4_Keil.lib(guidrv_lin_32.o)
    0x08008778   0x00000030   Code   RO         6156    i._GetRect          STemWin528_CM4_Keil.lib(guidev_32.o)
    0x080087a8   0x00000010   Code   RO         5974    i._GotoX            STemWin528_CM4_Keil.lib(gui_goto.o)
    0x080087b8   0x00000010   Code   RO         5975    i._GotoY            STemWin528_CM4_Keil.lib(gui_goto.o)
    0x080087c8   0x00000014   Code   RO         5988    i._IncPointer       STemWin528_CM4_Keil.lib(gui_pid.o)
    0x080087dc   0x00000058   Code   RO         5552    i._Index2ColorBulk  STemWin528_CM4_Keil.lib(guicc_m565.o)
    0x08008834   0x00000034   Code   RO         5565    i._Index2ColorBulk  STemWin528_CM4_Keil.lib(guicc_m888.o)
    0x08008868   0x0000004c   Code   RO         5271    i._Index2ColorBulk_1616I  STemWin528_CM4_Keil.lib(guicc_1616i.o)
    0x080088b4   0x00000044   Code   RO         5289    i._Index2ColorBulk_88666I  STemWin528_CM4_Keil.lib(guicc_88666i.o)
    0x080088f8   0x0000005c   Code   RO         5301    i._Index2ColorBulk_M1555I  STemWin528_CM4_Keil.lib(guicc_m1555i.o)
    0x08008954   0x0000005c   Code   RO         5315    i._Index2ColorBulk_M4444I  STemWin528_CM4_Keil.lib(guicc_m4444i.o)
    0x080089b0   0x00000044   Code   RO         5329    i._Index2ColorBulk_M8888I  STemWin528_CM4_Keil.lib(guicc_m8888i.o)
    0x080089f4   0x00000020   Code   RO         6020    i._Index2Color_0    STemWin528_CM4_Keil.lib(guicc_0.o)
    0x08008a14   0x00000036   Code   RO         5934    i._Index2Color_16   STemWin528_CM4_Keil.lib(guicc_16.o)
    0x08008a4a   0x00000002   PAD
    0x08008a4c   0x00000028   Code   RO         5272    i._Index2Color_1616I  STemWin528_CM4_Keil.lib(guicc_1616i.o)
    0x08008a74   0x00000020   Code   RO         5290    i._Index2Color_88666I  STemWin528_CM4_Keil.lib(guicc_88666i.o)
    0x08008a94   0x00000030   Code   RO         5302    i._Index2Color_M1555I  STemWin528_CM4_Keil.lib(guicc_m1555i.o)
    0x08008ac4   0x00000030   Code   RO         5316    i._Index2Color_M4444I  STemWin528_CM4_Keil.lib(guicc_m4444i.o)
    0x08008af4   0x00000020   Code   RO         5330    i._Index2Color_M8888I  STemWin528_CM4_Keil.lib(guicc_m8888i.o)
    0x08008b14   0x00000018   Code   RO         5770    i._Init             STemWin528_CM4_Keil.lib(guidrv_lin_32.o)
    0x08008b2c   0x00000070   Code   RO         5444    i._InitContext      STemWin528_CM4_Keil.lib(gui_core.o)
    0x08008b9c   0x000000a8   Code   RO         5389    i._InitOnce         STemWin528_CM4_Keil.lib(gui_alloc.o)
    0x08008c44   0x00000024   Code   RO         5771    i._InitOnce         STemWin528_CM4_Keil.lib(guidrv_lin_32.o)
    0x08008c68   0x00000080   Code   RO         6226    i._Invalidate1Abs   STemWin528_CM4_Keil.lib(wm.o)
    0x08008ce8   0x0000005c   Code   RO         1231    i._LCD_GetpPalConvTable  lcdconf_stm32f429i_disco_mb1075.o
    0x08008d44   0x00000002   Code   RO         6329    i._Log2VisBuffered  STemWin528_CM4_Keil.lib(gui_charline.o)
    0x08008d46   0x0000000a   Code   RO         5772    i._Off              STemWin528_CM4_Keil.lib(guidrv_lin_32.o)
    0x08008d50   0x0000000a   Code   RO         5773    i._On               STemWin528_CM4_Keil.lib(guidrv_lin_32.o)
    0x08008d5a   0x00000002   PAD
    0x08008d5c   0x00000028   Code   RO         5348    i._OnExit           STemWin528_CM4_Keil.lib(gui__alpha.o)
    0x08008d84   0x00000034   Code   RO         5390    i._OnExit           STemWin528_CM4_Keil.lib(gui_alloc.o)
    0x08008db8   0x0000002c   Code   RO         5445    i._OnExit           STemWin528_CM4_Keil.lib(gui_core.o)
    0x08008de4   0x00000014   Code   RO         5617    i._OnExit           STemWin528_CM4_Keil.lib(lcd_color.o)
    0x08008df8   0x00000034   Code   RO         6227    i._OnExit           STemWin528_CM4_Keil.lib(wm.o)
    0x08008e2c   0x00000040   Code   RO         5391    i._PopFreeBlock     STemWin528_CM4_Keil.lib(gui_alloc.o)
    0x08008e6c   0x00000028   Code   RO         5392    i._PushFreeBlock    STemWin528_CM4_Keil.lib(gui_alloc.o)
    0x08008e94   0x00000030   Code   RO         5774    i._ReadRect         STemWin528_CM4_Keil.lib(guidrv_lin_32.o)
    0x08008ec4   0x0000001c   Code   RO         6849    i._ReleaseBuffer    STemWin528_CM4_Keil.lib(gui_sprite.o)
    0x08008ee0   0x00000034   Code   RO         5393    i._RemoveFreeBlock  STemWin528_CM4_Keil.lib(gui_alloc.o)
    0x08008f14   0x000000a0   Code   RO         5394    i._RemoveHoles      STemWin528_CM4_Keil.lib(gui_alloc.o)
    0x08008fb4   0x0000005a   Code   RO         6791    i._Screen2hWin      STemWin528_CM4_Keil.lib(wm_screen2win.o)
    0x0800900e   0x00000002   PAD
    0x08009010   0x00000024   Code   RO         6792    i._Screen2hWinStop  STemWin528_CM4_Keil.lib(wm_screen2win.o)
    0x08009034   0x00000026   Code   RO         5775    i._SetAlpha         STemWin528_CM4_Keil.lib(guidrv_lin_32.o)
    0x0800905a   0x00000010   Code   RO         5776    i._SetAlphaMode     STemWin528_CM4_Keil.lib(guidrv_lin_32.o)
    0x0800906a   0x00000002   PAD
    0x0800906c   0x00000020   Code   RO         5587    i._SetBkColor       STemWin528_CM4_Keil.lib(lcd.o)
    0x0800908c   0x0000004a   Code   RO         6852    i._SetBkIndexBuffered  STemWin528_CM4_Keil.lib(gui_sprite.o)
    0x080090d6   0x00000012   Code   RO         5777    i._SetChroma        STemWin528_CM4_Keil.lib(guidrv_lin_32.o)
    0x080090e8   0x00000010   Code   RO         5778    i._SetChromaMode    STemWin528_CM4_Keil.lib(guidrv_lin_32.o)
    0x080090f8   0x0000004c   Code   RO         6231    i._SetClipRectUserIntersect  STemWin528_CM4_Keil.lib(wm.o)
    0x08009144   0x00000020   Code   RO         5588    i._SetColor         STemWin528_CM4_Keil.lib(lcd.o)
    0x08009164   0x00000044   Code   RO         5779    i._SetDevFunc       STemWin528_CM4_Keil.lib(guidrv_lin_32.o)
    0x080091a8   0x0000002c   Code   RO         5589    i._SetDrawMode      STemWin528_CM4_Keil.lib(lcd.o)
    0x080091d4   0x000000a4   Code   RO         5780    i._SetOrg           STemWin528_CM4_Keil.lib(guidrv_lin_32.o)
    0x08009278   0x00000008   Code   RO         6157    i._SetOrg           STemWin528_CM4_Keil.lib(guidev_32.o)
    0x08009280   0x00000012   Code   RO         5781    i._SetPixelIndex    STemWin528_CM4_Keil.lib(guidrv_lin_32.o)
    0x08009292   0x00000002   PAD
    0x08009294   0x00000048   Code   RO         6158    i._SetPixelIndex    STemWin528_CM4_Keil.lib(guidev_32.o)
    0x080092dc   0x0000002e   Code   RO         5782    i._SetPos           STemWin528_CM4_Keil.lib(guidrv_lin_32.o)
    0x0800930a   0x00000002   PAD
    0x0800930c   0x0000045c   Code   RO         6855    i._SetPosition      STemWin528_CM4_Keil.lib(gui_sprite.o)
    0x08009768   0x00000044   Code   RO         5783    i._SetSize          STemWin528_CM4_Keil.lib(guidrv_lin_32.o)
    0x080097ac   0x00000028   Code   RO         5784    i._SetVRAMAddr      STemWin528_CM4_Keil.lib(guidrv_lin_32.o)
    0x080097d4   0x0000002a   Code   RO         5785    i._SetVSize         STemWin528_CM4_Keil.lib(guidrv_lin_32.o)
    0x080097fe   0x00000026   Code   RO         5786    i._SetVis           STemWin528_CM4_Keil.lib(guidrv_lin_32.o)
    0x08009824   0x00000024   Code   RO         5787    i._ShowBuffer       STemWin528_CM4_Keil.lib(guidrv_lin_32.o)
    0x08009848   0x00000068   Code   RO         5989    i._StoreState       STemWin528_CM4_Keil.lib(gui_pid.o)
    0x080098b0   0x000000ea   Code   RO         5395    i._TestRAM          STemWin528_CM4_Keil.lib(gui_alloc.o)
    0x0800999a   0x00000002   PAD
    0x0800999c   0x00000030   Code   RO         5480    i._UnlinkDevice     STemWin528_CM4_Keil.lib(gui_device.o)
    0x080099cc   0x0000000e   Code   RO         5396    i._WriteTagData     STemWin528_CM4_Keil.lib(gui_alloc.o)
    0x080099da   0x00000002   PAD
    0x080099dc   0x0000003c   Code   RO         6159    i._XY2PTR           STemWin528_CM4_Keil.lib(guidev_32.o)
    0x08009a18   0x00000028   Code   RO         5788    i._XorPixel         STemWin528_CM4_Keil.lib(guidrv_lin_32.o)
    0x08009a40   0x00000058   Code   RO         6160    i._XorPixel         STemWin528_CM4_Keil.lib(guidev_32.o)
    0x08009a98   0x0000000e   Code   RO         6986    i.__scatterload_copy  mc_w.l(handlers.o)
    0x08009aa6   0x00000002   Code   RO         6987    i.__scatterload_null  mc_w.l(handlers.o)
    0x08009aa8   0x0000000e   Code   RO         6988    i.__scatterload_zeroinit  mc_w.l(handlers.o)
    0x08009ab6   0x00000002   PAD
    0x08009ab8   0x00000050   Code   RO         6233    i.cbBackWin         STemWin528_CM4_Keil.lib(wm.o)
    0x08009b08   0x0000008a   Code   RO         5590    i.emWin_LCD_Init    STemWin528_CM4_Keil.lib(lcd.o)
    0x08009b92   0x00000292   Code   RO         1054    i.ili9341_Init      ili9341.o
    0x08009e24   0x00000098   Code   RO         1574    i.main              main.o
    0x08009ebc   0x0000000a   Code   RO          839    i.stmpe811_ClearGlobalIT  stmpe811.o
    0x08009ec6   0x0000001c   Code   RO          840    i.stmpe811_DisableGlobalIT  stmpe811.o
    0x08009ee2   0x0000001e   Code   RO          841    i.stmpe811_DisableITSource  stmpe811.o
    0x08009f00   0x0000001c   Code   RO          842    i.stmpe811_EnableGlobalIT  stmpe811.o
    0x08009f1c   0x0000001e   Code   RO          843    i.stmpe811_EnableITSource  stmpe811.o
    0x08009f3a   0x00000002   PAD
    0x08009f3c   0x0000001c   Code   RO          844    i.stmpe811_GetInstance  stmpe811.o
    0x08009f58   0x0000001e   Code   RO          851    i.stmpe811_IO_EnableAF  stmpe811.o
    0x08009f76   0x00000002   PAD
    0x08009f78   0x00000030   Code   RO          860    i.stmpe811_Init     stmpe811.o
    0x08009fa8   0x00000020   Code   RO          862    i.stmpe811_ReadID   stmpe811.o
    0x08009fc8   0x00000028   Code   RO          863    i.stmpe811_Reset    stmpe811.o
    0x08009ff0   0x00000006   Code   RO          866    i.stmpe811_TS_ClearIT  stmpe811.o
    0x08009ff6   0x00000036   Code   RO          867    i.stmpe811_TS_DetectTouch  stmpe811.o
    0x0800a02c   0x00000014   Code   RO          868    i.stmpe811_TS_DisableIT  stmpe811.o
    0x0800a040   0x0000001a   Code   RO          869    i.stmpe811_TS_EnableIT  stmpe811.o
    0x0800a05a   0x0000003e   Code   RO          870    i.stmpe811_TS_GetXY  stmpe811.o
    0x0800a098   0x00000010   Code   RO          871    i.stmpe811_TS_ITStatus  stmpe811.o
    0x0800a0a8   0x000000a2   Code   RO          872    i.stmpe811_TS_Start  stmpe811.o
    0x0800a14a   0x00000008   Data   RO          238    .constdata          stm32f429i_discovery.o
    0x0800a152   0x00000010   Data   RO         4210    .constdata          stm32f4xx_hal_rcc.o
    0x0800a162   0x00000008   Data   RO         5199    .constdata          stm32f4xx_hal_dma.o
    0x0800a16a   0x00000002   PAD
    0x0800a16c   0x00000018   Data   RO         5273    .constdata          STemWin528_CM4_Keil.lib(guicc_1616i.o)
    0x0800a184   0x00000018   Data   RO         5282    .constdata          STemWin528_CM4_Keil.lib(guicc_8666.o)
    0x0800a19c   0x00000018   Data   RO         5291    .constdata          STemWin528_CM4_Keil.lib(guicc_88666i.o)
    0x0800a1b4   0x00000018   Data   RO         5303    .constdata          STemWin528_CM4_Keil.lib(guicc_m1555i.o)
    0x0800a1cc   0x00000018   Data   RO         5317    .constdata          STemWin528_CM4_Keil.lib(guicc_m4444i.o)
    0x0800a1e4   0x00000018   Data   RO         5331    .constdata          STemWin528_CM4_Keil.lib(guicc_m8888i.o)
    0x0800a1fc   0x00000008   Data   RO         5447    .constdata          STemWin528_CM4_Keil.lib(gui_core.o)
    0x0800a204   0x00000018   Data   RO         5553    .constdata          STemWin528_CM4_Keil.lib(guicc_m565.o)
    0x0800a21c   0x00000018   Data   RO         5566    .constdata          STemWin528_CM4_Keil.lib(guicc_m888.o)
    0x0800a234   0x0000000c   Data   RO         5591    .constdata          STemWin528_CM4_Keil.lib(lcd.o)
    0x0800a240   0x00000034   Data   RO         5789    .constdata          STemWin528_CM4_Keil.lib(guidrv_lin_32.o)
    0x0800a274   0x00000518   Data   RO         5825    .constdata          STemWin528_CM4_Keil.lib(f6x8.o)
    0x0800a78c   0x000001c0   Data   RO         5826    .constdata          STemWin528_CM4_Keil.lib(f6x8.o)
    0x0800a94c   0x00000008   Data   RO         5827    .constdata          STemWin528_CM4_Keil.lib(f6x8.o)
    0x0800a954   0x00000014   Data   RO         5828    .constdata          STemWin528_CM4_Keil.lib(f6x8.o)
    0x0800a968   0x00000024   Data   RO         5829    .constdata          STemWin528_CM4_Keil.lib(f6x8.o)
    0x0800a98c   0x00000014   Data   RO         5831    .constdata          STemWin528_CM4_Keil.lib(f20_1.o)
    0x0800a9a0   0x00000014   Data   RO         5832    .constdata          STemWin528_CM4_Keil.lib(f20_1.o)
    0x0800a9b4   0x00000028   Data   RO         5833    .constdata          STemWin528_CM4_Keil.lib(f20_1.o)
    0x0800a9dc   0x00000028   Data   RO         5834    .constdata          STemWin528_CM4_Keil.lib(f20_1.o)
    0x0800aa04   0x00000028   Data   RO         5835    .constdata          STemWin528_CM4_Keil.lib(f20_1.o)
    0x0800aa2c   0x00000028   Data   RO         5836    .constdata          STemWin528_CM4_Keil.lib(f20_1.o)
    0x0800aa54   0x00000014   Data   RO         5837    .constdata          STemWin528_CM4_Keil.lib(f20_1.o)
    0x0800aa68   0x00000028   Data   RO         5838    .constdata          STemWin528_CM4_Keil.lib(f20_1.o)
    0x0800aa90   0x00000014   Data   RO         5839    .constdata          STemWin528_CM4_Keil.lib(f20_1.o)
    0x0800aaa4   0x00000028   Data   RO         5840    .constdata          STemWin528_CM4_Keil.lib(f20_1.o)
    0x0800aacc   0x00000014   Data   RO         5841    .constdata          STemWin528_CM4_Keil.lib(f20_1.o)
    0x0800aae0   0x00000028   Data   RO         5842    .constdata          STemWin528_CM4_Keil.lib(f20_1.o)
    0x0800ab08   0x00000028   Data   RO         5843    .constdata          STemWin528_CM4_Keil.lib(f20_1.o)
    0x0800ab30   0x00000014   Data   RO         5844    .constdata          STemWin528_CM4_Keil.lib(f20_1.o)
    0x0800ab44   0x00000028   Data   RO         5845    .constdata          STemWin528_CM4_Keil.lib(f20_1.o)
    0x0800ab6c   0x00000028   Data   RO         5846    .constdata          STemWin528_CM4_Keil.lib(f20_1.o)
    0x0800ab94   0x00000014   Data   RO         5847    .constdata          STemWin528_CM4_Keil.lib(f20_1.o)
    0x0800aba8   0x00000028   Data   RO         5848    .constdata          STemWin528_CM4_Keil.lib(f20_1.o)
    0x0800abd0   0x00000014   Data   RO         5849    .constdata          STemWin528_CM4_Keil.lib(f20_1.o)
    0x0800abe4   0x00000014   Data   RO         5850    .constdata          STemWin528_CM4_Keil.lib(f20_1.o)
    0x0800abf8   0x00000014   Data   RO         5851    .constdata          STemWin528_CM4_Keil.lib(f20_1.o)
    0x0800ac0c   0x00000028   Data   RO         5852    .constdata          STemWin528_CM4_Keil.lib(f20_1.o)
    0x0800ac34   0x00000028   Data   RO         5853    .constdata          STemWin528_CM4_Keil.lib(f20_1.o)
    0x0800ac5c   0x00000014   Data   RO         5854    .constdata          STemWin528_CM4_Keil.lib(f20_1.o)
    0x0800ac70   0x00000014   Data   RO         5855    .constdata          STemWin528_CM4_Keil.lib(f20_1.o)
    0x0800ac84   0x00000014   Data   RO         5856    .constdata          STemWin528_CM4_Keil.lib(f20_1.o)
    0x0800ac98   0x00000014   Data   RO         5857    .constdata          STemWin528_CM4_Keil.lib(f20_1.o)
    0x0800acac   0x00000028   Data   RO         5858    .constdata          STemWin528_CM4_Keil.lib(f20_1.o)
    0x0800acd4   0x00000028   Data   RO         5859    .constdata          STemWin528_CM4_Keil.lib(f20_1.o)
    0x0800acfc   0x00000028   Data   RO         5860    .constdata          STemWin528_CM4_Keil.lib(f20_1.o)
    0x0800ad24   0x00000028   Data   RO         5861    .constdata          STemWin528_CM4_Keil.lib(f20_1.o)
    0x0800ad4c   0x00000028   Data   RO         5862    .constdata          STemWin528_CM4_Keil.lib(f20_1.o)
    0x0800ad74   0x00000028   Data   RO         5863    .constdata          STemWin528_CM4_Keil.lib(f20_1.o)
    0x0800ad9c   0x00000028   Data   RO         5864    .constdata          STemWin528_CM4_Keil.lib(f20_1.o)
    0x0800adc4   0x00000028   Data   RO         5865    .constdata          STemWin528_CM4_Keil.lib(f20_1.o)
    0x0800adec   0x00000028   Data   RO         5866    .constdata          STemWin528_CM4_Keil.lib(f20_1.o)
    0x0800ae14   0x00000028   Data   RO         5867    .constdata          STemWin528_CM4_Keil.lib(f20_1.o)
    0x0800ae3c   0x00000028   Data   RO         5868    .constdata          STemWin528_CM4_Keil.lib(f20_1.o)
    0x0800ae64   0x0000003c   Data   RO         5869    .constdata          STemWin528_CM4_Keil.lib(f20_1.o)
    0x0800aea0   0x00000028   Data   RO         5870    .constdata          STemWin528_CM4_Keil.lib(f20_1.o)
    0x0800aec8   0x00000028   Data   RO         5871    .constdata          STemWin528_CM4_Keil.lib(f20_1.o)
    0x0800aef0   0x00000028   Data   RO         5872    .constdata          STemWin528_CM4_Keil.lib(f20_1.o)
    0x0800af18   0x00000028   Data   RO         5873    .constdata          STemWin528_CM4_Keil.lib(f20_1.o)
    0x0800af40   0x00000028   Data   RO         5874    .constdata          STemWin528_CM4_Keil.lib(f20_1.o)
    0x0800af68   0x00000014   Data   RO         5875    .constdata          STemWin528_CM4_Keil.lib(f20_1.o)
    0x0800af7c   0x00000014   Data   RO         5876    .constdata          STemWin528_CM4_Keil.lib(f20_1.o)
    0x0800af90   0x00000014   Data   RO         5877    .constdata          STemWin528_CM4_Keil.lib(f20_1.o)
    0x0800afa4   0x00000014   Data   RO         5878    .constdata          STemWin528_CM4_Keil.lib(f20_1.o)
    0x0800afb8   0x00000028   Data   RO         5879    .constdata          STemWin528_CM4_Keil.lib(f20_1.o)
    0x0800afe0   0x00000028   Data   RO         5880    .constdata          STemWin528_CM4_Keil.lib(f20_1.o)
    0x0800b008   0x00000028   Data   RO         5881    .constdata          STemWin528_CM4_Keil.lib(f20_1.o)
    0x0800b030   0x00000028   Data   RO         5882    .constdata          STemWin528_CM4_Keil.lib(f20_1.o)
    0x0800b058   0x00000028   Data   RO         5883    .constdata          STemWin528_CM4_Keil.lib(f20_1.o)
    0x0800b080   0x00000028   Data   RO         5884    .constdata          STemWin528_CM4_Keil.lib(f20_1.o)
    0x0800b0a8   0x00000028   Data   RO         5885    .constdata          STemWin528_CM4_Keil.lib(f20_1.o)
    0x0800b0d0   0x00000028   Data   RO         5886    .constdata          STemWin528_CM4_Keil.lib(f20_1.o)
    0x0800b0f8   0x00000028   Data   RO         5887    .constdata          STemWin528_CM4_Keil.lib(f20_1.o)
    0x0800b120   0x00000028   Data   RO         5888    .constdata          STemWin528_CM4_Keil.lib(f20_1.o)
    0x0800b148   0x00000028   Data   RO         5889    .constdata          STemWin528_CM4_Keil.lib(f20_1.o)
    0x0800b170   0x00000028   Data   RO         5890    .constdata          STemWin528_CM4_Keil.lib(f20_1.o)
    0x0800b198   0x00000028   Data   RO         5891    .constdata          STemWin528_CM4_Keil.lib(f20_1.o)
    0x0800b1c0   0x00000028   Data   RO         5892    .constdata          STemWin528_CM4_Keil.lib(f20_1.o)
    0x0800b1e8   0x00000028   Data   RO         5893    .constdata          STemWin528_CM4_Keil.lib(f20_1.o)
    0x0800b210   0x00000028   Data   RO         5894    .constdata          STemWin528_CM4_Keil.lib(f20_1.o)
    0x0800b238   0x00000028   Data   RO         5895    .constdata          STemWin528_CM4_Keil.lib(f20_1.o)
    0x0800b260   0x00000028   Data   RO         5896    .constdata          STemWin528_CM4_Keil.lib(f20_1.o)
    0x0800b288   0x00000028   Data   RO         5897    .constdata          STemWin528_CM4_Keil.lib(f20_1.o)
    0x0800b2b0   0x00000028   Data   RO         5898    .constdata          STemWin528_CM4_Keil.lib(f20_1.o)
    0x0800b2d8   0x00000028   Data   RO         5899    .constdata          STemWin528_CM4_Keil.lib(f20_1.o)
    0x0800b300   0x00000028   Data   RO         5900    .constdata          STemWin528_CM4_Keil.lib(f20_1.o)
    0x0800b328   0x00000028   Data   RO         5901    .constdata          STemWin528_CM4_Keil.lib(f20_1.o)
    0x0800b350   0x00000028   Data   RO         5902    .constdata          STemWin528_CM4_Keil.lib(f20_1.o)
    0x0800b378   0x00000028   Data   RO         5903    .constdata          STemWin528_CM4_Keil.lib(f20_1.o)
    0x0800b3a0   0x00000028   Data   RO         5904    .constdata          STemWin528_CM4_Keil.lib(f20_1.o)
    0x0800b3c8   0x00000028   Data   RO         5905    .constdata          STemWin528_CM4_Keil.lib(f20_1.o)
    0x0800b3f0   0x00000028   Data   RO         5906    .constdata          STemWin528_CM4_Keil.lib(f20_1.o)
    0x0800b418   0x00000014   Data   RO         5907    .constdata          STemWin528_CM4_Keil.lib(f20_1.o)
    0x0800b42c   0x00000014   Data   RO         5908    .constdata          STemWin528_CM4_Keil.lib(f20_1.o)
    0x0800b440   0x00000014   Data   RO         5909    .constdata          STemWin528_CM4_Keil.lib(f20_1.o)
    0x0800b454   0x00000014   Data   RO         5910    .constdata          STemWin528_CM4_Keil.lib(f20_1.o)
    0x0800b468   0x00000028   Data   RO         5911    .constdata          STemWin528_CM4_Keil.lib(f20_1.o)
    0x0800b490   0x00000028   Data   RO         5912    .constdata          STemWin528_CM4_Keil.lib(f20_1.o)
    0x0800b4b8   0x00000028   Data   RO         5913    .constdata          STemWin528_CM4_Keil.lib(f20_1.o)
    0x0800b4e0   0x00000028   Data   RO         5914    .constdata          STemWin528_CM4_Keil.lib(f20_1.o)
    0x0800b508   0x00000028   Data   RO         5915    .constdata          STemWin528_CM4_Keil.lib(f20_1.o)
    0x0800b530   0x00000028   Data   RO         5916    .constdata          STemWin528_CM4_Keil.lib(f20_1.o)
    0x0800b558   0x00000028   Data   RO         5917    .constdata          STemWin528_CM4_Keil.lib(f20_1.o)
    0x0800b580   0x00000028   Data   RO         5918    .constdata          STemWin528_CM4_Keil.lib(f20_1.o)
    0x0800b5a8   0x00000028   Data   RO         5919    .constdata          STemWin528_CM4_Keil.lib(f20_1.o)
    0x0800b5d0   0x00000028   Data   RO         5920    .constdata          STemWin528_CM4_Keil.lib(f20_1.o)
    0x0800b5f8   0x00000028   Data   RO         5921    .constdata          STemWin528_CM4_Keil.lib(f20_1.o)
    0x0800b620   0x00000028   Data   RO         5922    .constdata          STemWin528_CM4_Keil.lib(f20_1.o)
    0x0800b648   0x00000028   Data   RO         5923    .constdata          STemWin528_CM4_Keil.lib(f20_1.o)
    0x0800b670   0x00000028   Data   RO         5924    .constdata          STemWin528_CM4_Keil.lib(f20_1.o)
    0x0800b698   0x00000028   Data   RO         5925    .constdata          STemWin528_CM4_Keil.lib(f20_1.o)
    0x0800b6c0   0x00000028   Data   RO         5926    .constdata          STemWin528_CM4_Keil.lib(f20_1.o)
    0x0800b6e8   0x00000300   Data   RO         5927    .constdata          STemWin528_CM4_Keil.lib(f20_1.o)
    0x0800b9e8   0x0000000c   Data   RO         5928    .constdata          STemWin528_CM4_Keil.lib(f20_1.o)
    0x0800b9f4   0x00000024   Data   RO         5929    .constdata          STemWin528_CM4_Keil.lib(f20_1.o)
    0x0800ba18   0x00000018   Data   RO         5935    .constdata          STemWin528_CM4_Keil.lib(guicc_16.o)
    0x0800ba30   0x00000010   Data   RO         5939    .constdata          STemWin528_CM4_Keil.lib(gui__divtbl_15_255.o)
    0x0800ba40   0x00000020   Data   RO         5940    .constdata          STemWin528_CM4_Keil.lib(gui__divtbl_31_255.o)
    0x0800ba60   0x00000040   Data   RO         5941    .constdata          STemWin528_CM4_Keil.lib(gui__divtbl_63_255.o)
    0x0800baa0   0x00000100   Data   RO         5942    .constdata          STemWin528_CM4_Keil.lib(gui__divtbl_255_15.o)
    0x0800bba0   0x00000100   Data   RO         5943    .constdata          STemWin528_CM4_Keil.lib(gui__divtbl_255_31.o)
    0x0800bca0   0x00000100   Data   RO         5944    .constdata          STemWin528_CM4_Keil.lib(gui__divtbl_255_63.o)
    0x0800bda0   0x00000010   Data   RO         6010    .constdata          STemWin528_CM4_Keil.lib(gui_uc_encodenone.o)
    0x0800bdb0   0x00000018   Data   RO         6021    .constdata          STemWin528_CM4_Keil.lib(guicc_0.o)
    0x0800bdc8   0x00000100   Data   RO         6035    .constdata          STemWin528_CM4_Keil.lib(lcd_mirror.o)
    0x0800bec8   0x00000014   Data   RO         6046    .constdata          STemWin528_CM4_Keil.lib(f20_ascii.o)
    0x0800bedc   0x00000014   Data   RO         6047    .constdata          STemWin528_CM4_Keil.lib(f20_ascii.o)
    0x0800bef0   0x00000014   Data   RO         6048    .constdata          STemWin528_CM4_Keil.lib(f20_ascii.o)
    0x0800bf04   0x00000028   Data   RO         6049    .constdata          STemWin528_CM4_Keil.lib(f20_ascii.o)
    0x0800bf2c   0x00000028   Data   RO         6050    .constdata          STemWin528_CM4_Keil.lib(f20_ascii.o)
    0x0800bf54   0x00000028   Data   RO         6051    .constdata          STemWin528_CM4_Keil.lib(f20_ascii.o)
    0x0800bf7c   0x00000028   Data   RO         6052    .constdata          STemWin528_CM4_Keil.lib(f20_ascii.o)
    0x0800bfa4   0x00000014   Data   RO         6053    .constdata          STemWin528_CM4_Keil.lib(f20_ascii.o)
    0x0800bfb8   0x00000014   Data   RO         6054    .constdata          STemWin528_CM4_Keil.lib(f20_ascii.o)
    0x0800bfcc   0x00000014   Data   RO         6055    .constdata          STemWin528_CM4_Keil.lib(f20_ascii.o)
    0x0800bfe0   0x00000014   Data   RO         6056    .constdata          STemWin528_CM4_Keil.lib(f20_ascii.o)
    0x0800bff4   0x00000028   Data   RO         6057    .constdata          STemWin528_CM4_Keil.lib(f20_ascii.o)
    0x0800c01c   0x00000014   Data   RO         6058    .constdata          STemWin528_CM4_Keil.lib(f20_ascii.o)
    0x0800c030   0x00000014   Data   RO         6059    .constdata          STemWin528_CM4_Keil.lib(f20_ascii.o)
    0x0800c044   0x00000014   Data   RO         6060    .constdata          STemWin528_CM4_Keil.lib(f20_ascii.o)
    0x0800c058   0x00000014   Data   RO         6061    .constdata          STemWin528_CM4_Keil.lib(f20_ascii.o)
    0x0800c06c   0x00000028   Data   RO         6062    .constdata          STemWin528_CM4_Keil.lib(f20_ascii.o)
    0x0800c094   0x00000028   Data   RO         6063    .constdata          STemWin528_CM4_Keil.lib(f20_ascii.o)
    0x0800c0bc   0x00000028   Data   RO         6064    .constdata          STemWin528_CM4_Keil.lib(f20_ascii.o)
    0x0800c0e4   0x00000028   Data   RO         6065    .constdata          STemWin528_CM4_Keil.lib(f20_ascii.o)
    0x0800c10c   0x00000028   Data   RO         6066    .constdata          STemWin528_CM4_Keil.lib(f20_ascii.o)
    0x0800c134   0x00000028   Data   RO         6067    .constdata          STemWin528_CM4_Keil.lib(f20_ascii.o)
    0x0800c15c   0x00000028   Data   RO         6068    .constdata          STemWin528_CM4_Keil.lib(f20_ascii.o)
    0x0800c184   0x00000028   Data   RO         6069    .constdata          STemWin528_CM4_Keil.lib(f20_ascii.o)
    0x0800c1ac   0x00000028   Data   RO         6070    .constdata          STemWin528_CM4_Keil.lib(f20_ascii.o)
    0x0800c1d4   0x00000028   Data   RO         6071    .constdata          STemWin528_CM4_Keil.lib(f20_ascii.o)
    0x0800c1fc   0x00000014   Data   RO         6072    .constdata          STemWin528_CM4_Keil.lib(f20_ascii.o)
    0x0800c210   0x00000014   Data   RO         6073    .constdata          STemWin528_CM4_Keil.lib(f20_ascii.o)
    0x0800c224   0x00000028   Data   RO         6074    .constdata          STemWin528_CM4_Keil.lib(f20_ascii.o)
    0x0800c24c   0x00000028   Data   RO         6075    .constdata          STemWin528_CM4_Keil.lib(f20_ascii.o)
    0x0800c274   0x00000028   Data   RO         6076    .constdata          STemWin528_CM4_Keil.lib(f20_ascii.o)
    0x0800c29c   0x00000028   Data   RO         6077    .constdata          STemWin528_CM4_Keil.lib(f20_ascii.o)
    0x0800c2c4   0x0000003c   Data   RO         6078    .constdata          STemWin528_CM4_Keil.lib(f20_ascii.o)
    0x0800c300   0x00000028   Data   RO         6079    .constdata          STemWin528_CM4_Keil.lib(f20_ascii.o)
    0x0800c328   0x00000028   Data   RO         6080    .constdata          STemWin528_CM4_Keil.lib(f20_ascii.o)
    0x0800c350   0x00000028   Data   RO         6081    .constdata          STemWin528_CM4_Keil.lib(f20_ascii.o)
    0x0800c378   0x00000028   Data   RO         6082    .constdata          STemWin528_CM4_Keil.lib(f20_ascii.o)
    0x0800c3a0   0x00000028   Data   RO         6083    .constdata          STemWin528_CM4_Keil.lib(f20_ascii.o)
    0x0800c3c8   0x00000028   Data   RO         6084    .constdata          STemWin528_CM4_Keil.lib(f20_ascii.o)
    0x0800c3f0   0x00000028   Data   RO         6085    .constdata          STemWin528_CM4_Keil.lib(f20_ascii.o)
    0x0800c418   0x00000028   Data   RO         6086    .constdata          STemWin528_CM4_Keil.lib(f20_ascii.o)
    0x0800c440   0x00000014   Data   RO         6087    .constdata          STemWin528_CM4_Keil.lib(f20_ascii.o)
    0x0800c454   0x00000028   Data   RO         6088    .constdata          STemWin528_CM4_Keil.lib(f20_ascii.o)
    0x0800c47c   0x00000028   Data   RO         6089    .constdata          STemWin528_CM4_Keil.lib(f20_ascii.o)
    0x0800c4a4   0x00000028   Data   RO         6090    .constdata          STemWin528_CM4_Keil.lib(f20_ascii.o)
    0x0800c4cc   0x00000028   Data   RO         6091    .constdata          STemWin528_CM4_Keil.lib(f20_ascii.o)
    0x0800c4f4   0x00000028   Data   RO         6092    .constdata          STemWin528_CM4_Keil.lib(f20_ascii.o)
    0x0800c51c   0x00000028   Data   RO         6093    .constdata          STemWin528_CM4_Keil.lib(f20_ascii.o)
    0x0800c544   0x00000028   Data   RO         6094    .constdata          STemWin528_CM4_Keil.lib(f20_ascii.o)
    0x0800c56c   0x00000028   Data   RO         6095    .constdata          STemWin528_CM4_Keil.lib(f20_ascii.o)
    0x0800c594   0x00000028   Data   RO         6096    .constdata          STemWin528_CM4_Keil.lib(f20_ascii.o)
    0x0800c5bc   0x00000028   Data   RO         6097    .constdata          STemWin528_CM4_Keil.lib(f20_ascii.o)
    0x0800c5e4   0x00000028   Data   RO         6098    .constdata          STemWin528_CM4_Keil.lib(f20_ascii.o)
    0x0800c60c   0x00000028   Data   RO         6099    .constdata          STemWin528_CM4_Keil.lib(f20_ascii.o)
    0x0800c634   0x00000028   Data   RO         6100    .constdata          STemWin528_CM4_Keil.lib(f20_ascii.o)
    0x0800c65c   0x0000003c   Data   RO         6101    .constdata          STemWin528_CM4_Keil.lib(f20_ascii.o)
    0x0800c698   0x00000028   Data   RO         6102    .constdata          STemWin528_CM4_Keil.lib(f20_ascii.o)
    0x0800c6c0   0x00000028   Data   RO         6103    .constdata          STemWin528_CM4_Keil.lib(f20_ascii.o)
    0x0800c6e8   0x00000028   Data   RO         6104    .constdata          STemWin528_CM4_Keil.lib(f20_ascii.o)
    0x0800c710   0x00000014   Data   RO         6105    .constdata          STemWin528_CM4_Keil.lib(f20_ascii.o)
    0x0800c724   0x00000014   Data   RO         6106    .constdata          STemWin528_CM4_Keil.lib(f20_ascii.o)
    0x0800c738   0x00000014   Data   RO         6107    .constdata          STemWin528_CM4_Keil.lib(f20_ascii.o)
    0x0800c74c   0x00000014   Data   RO         6108    .constdata          STemWin528_CM4_Keil.lib(f20_ascii.o)
    0x0800c760   0x00000028   Data   RO         6109    .constdata          STemWin528_CM4_Keil.lib(f20_ascii.o)
    0x0800c788   0x00000014   Data   RO         6110    .constdata          STemWin528_CM4_Keil.lib(f20_ascii.o)
    0x0800c79c   0x00000028   Data   RO         6111    .constdata          STemWin528_CM4_Keil.lib(f20_ascii.o)
    0x0800c7c4   0x00000028   Data   RO         6112    .constdata          STemWin528_CM4_Keil.lib(f20_ascii.o)
    0x0800c7ec   0x00000028   Data   RO         6113    .constdata          STemWin528_CM4_Keil.lib(f20_ascii.o)
    0x0800c814   0x00000028   Data   RO         6114    .constdata          STemWin528_CM4_Keil.lib(f20_ascii.o)
    0x0800c83c   0x00000028   Data   RO         6115    .constdata          STemWin528_CM4_Keil.lib(f20_ascii.o)
    0x0800c864   0x00000014   Data   RO         6116    .constdata          STemWin528_CM4_Keil.lib(f20_ascii.o)
    0x0800c878   0x00000028   Data   RO         6117    .constdata          STemWin528_CM4_Keil.lib(f20_ascii.o)
    0x0800c8a0   0x00000028   Data   RO         6118    .constdata          STemWin528_CM4_Keil.lib(f20_ascii.o)
    0x0800c8c8   0x00000014   Data   RO         6119    .constdata          STemWin528_CM4_Keil.lib(f20_ascii.o)
    0x0800c8dc   0x00000014   Data   RO         6120    .constdata          STemWin528_CM4_Keil.lib(f20_ascii.o)
    0x0800c8f0   0x00000028   Data   RO         6121    .constdata          STemWin528_CM4_Keil.lib(f20_ascii.o)
    0x0800c918   0x00000014   Data   RO         6122    .constdata          STemWin528_CM4_Keil.lib(f20_ascii.o)
    0x0800c92c   0x00000028   Data   RO         6123    .constdata          STemWin528_CM4_Keil.lib(f20_ascii.o)
    0x0800c954   0x00000028   Data   RO         6124    .constdata          STemWin528_CM4_Keil.lib(f20_ascii.o)
    0x0800c97c   0x00000028   Data   RO         6125    .constdata          STemWin528_CM4_Keil.lib(f20_ascii.o)
    0x0800c9a4   0x00000028   Data   RO         6126    .constdata          STemWin528_CM4_Keil.lib(f20_ascii.o)
    0x0800c9cc   0x00000028   Data   RO         6127    .constdata          STemWin528_CM4_Keil.lib(f20_ascii.o)
    0x0800c9f4   0x00000014   Data   RO         6128    .constdata          STemWin528_CM4_Keil.lib(f20_ascii.o)
    0x0800ca08   0x00000028   Data   RO         6129    .constdata          STemWin528_CM4_Keil.lib(f20_ascii.o)
    0x0800ca30   0x00000014   Data   RO         6130    .constdata          STemWin528_CM4_Keil.lib(f20_ascii.o)
    0x0800ca44   0x00000028   Data   RO         6131    .constdata          STemWin528_CM4_Keil.lib(f20_ascii.o)
    0x0800ca6c   0x00000028   Data   RO         6132    .constdata          STemWin528_CM4_Keil.lib(f20_ascii.o)
    0x0800ca94   0x00000028   Data   RO         6133    .constdata          STemWin528_CM4_Keil.lib(f20_ascii.o)
    0x0800cabc   0x00000014   Data   RO         6134    .constdata          STemWin528_CM4_Keil.lib(f20_ascii.o)
    0x0800cad0   0x00000028   Data   RO         6135    .constdata          STemWin528_CM4_Keil.lib(f20_ascii.o)
    0x0800caf8   0x00000014   Data   RO         6136    .constdata          STemWin528_CM4_Keil.lib(f20_ascii.o)
    0x0800cb0c   0x00000014   Data   RO         6137    .constdata          STemWin528_CM4_Keil.lib(f20_ascii.o)
    0x0800cb20   0x00000014   Data   RO         6138    .constdata          STemWin528_CM4_Keil.lib(f20_ascii.o)
    0x0800cb34   0x00000014   Data   RO         6139    .constdata          STemWin528_CM4_Keil.lib(f20_ascii.o)
    0x0800cb48   0x00000028   Data   RO         6140    .constdata          STemWin528_CM4_Keil.lib(f20_ascii.o)
    0x0800cb70   0x000002f8   Data   RO         6141    .constdata          STemWin528_CM4_Keil.lib(f20_ascii.o)
    0x0800ce68   0x0000000c   Data   RO         6142    .constdata          STemWin528_CM4_Keil.lib(f20_ascii.o)
    0x0800ce74   0x00000074   Data   RO         6161    .constdata          STemWin528_CM4_Keil.lib(guidev_32.o)
    0x0800cee8   0x00000020   Data   RO         6984    Region$$Table       anon$$obj.o


    Execution Region RW_IRAM1 (Base: 0x20000000, Size: 0x0002a060, Max: 0x00030000, ABSOLUTE, COMPRESSED[0x00000078])

    Base Addr    Size         Type   Attr      Idx    E Section Name        Object

    0x20000000   0x00000018   Data   RW          239    .data               stm32f429i_discovery.o
    0x20000018   0x00000010   Data   RW          714    .data               stm32f429i_discovery_ts.o
    0x20000028   0x00000028   Data   RW          873    .data               stmpe811.o
    0x20000050   0x00000002   Data   RW          875    .data               stmpe811.o
    0x20000052   0x00000002   PAD
    0x20000054   0x00000004   Data   RW         1125    .data               gui_x.o
    0x20000058   0x00000004   Data   RW         1233    .data               lcdconf_stm32f429i_disco_mb1075.o
    0x2000005c   0x00000014   Data   RW         1447    .data               system_stm32f4xx.o
    0x20000070   0x00000010   Data   RW         1576    .data               main.o
    0x20000080   0x00000004   Data   RW         1950    .data               stm32f4xx_hal.o
    0x20000084   0x00000008   Data   RW         5304    .data               STemWin528_CM4_Keil.lib(guicc_m1555i.o)
    0x2000008c   0x00000008   Data   RW         5318    .data               STemWin528_CM4_Keil.lib(guicc_m4444i.o)
    0x20000094   0x00000008   Data   RW         5332    .data               STemWin528_CM4_Keil.lib(guicc_m8888i.o)
    0x2000009c   0x00000028   Data   RW         5349    .data               STemWin528_CM4_Keil.lib(gui__alpha.o)
    0x200000c4   0x00000008   Data   RW         5398    .data               STemWin528_CM4_Keil.lib(gui_alloc.o)
    0x200000cc   0x0000002c   Data   RW         5448    .data               STemWin528_CM4_Keil.lib(gui_core.o)
    0x200000f8   0x00000004   Data   RW         5452    .data               STemWin528_CM4_Keil.lib(gui_core.o)
    0x200000fc   0x00000004   Data   RW         5453    .data               STemWin528_CM4_Keil.lib(gui_core.o)
    0x20000100   0x00000004   Data   RW         5454    .data               STemWin528_CM4_Keil.lib(gui_core.o)
    0x20000104   0x00000002   Data   RW         5456    .data               STemWin528_CM4_Keil.lib(gui_core.o)
    0x20000106   0x00000002   PAD
    0x20000108   0x00000004   Data   RW         5457    .data               STemWin528_CM4_Keil.lib(gui_core.o)
    0x2000010c   0x00000002   Data   RW         5458    .data               STemWin528_CM4_Keil.lib(gui_core.o)
    0x2000010e   0x00000002   Data   RW         5459    .data               STemWin528_CM4_Keil.lib(gui_core.o)
    0x20000110   0x00000024   Data   RW         5509    .data               STemWin528_CM4_Keil.lib(gui_multibuf.o)
    0x20000134   0x00000008   Data   RW         5530    .data               STemWin528_CM4_Keil.lib(gui_selectlayer.o)
    0x2000013c   0x00000008   Data   RW         5554    .data               STemWin528_CM4_Keil.lib(guicc_m565.o)
    0x20000144   0x00000008   Data   RW         5567    .data               STemWin528_CM4_Keil.lib(guicc_m888.o)
    0x2000014c   0x00000004   Data   RW         5592    .data               STemWin528_CM4_Keil.lib(lcd.o)
    0x20000150   0x00000010   Data   RW         5618    .data               STemWin528_CM4_Keil.lib(lcd_color.o)
    0x20000160   0x0000000c   Data   RW         5991    .data               STemWin528_CM4_Keil.lib(gui_pid.o)
    0x2000016c   0x00000064   Data   RW         6236    .data               STemWin528_CM4_Keil.lib(wm.o)
    0x200001d0   0x00000001   Data   RW         6237    .data               STemWin528_CM4_Keil.lib(wm.o)
    0x200001d1   0x00000003   PAD
    0x200001d4   0x00000014   Data   RW         6303    .data               STemWin528_CM4_Keil.lib(gui__managecache.o)
    0x200001e8   0x00000004   Data   RW         6330    .data               STemWin528_CM4_Keil.lib(gui_charline.o)
    0x200001ec   0x00000010   Data   RW         6360    .data               STemWin528_CM4_Keil.lib(gui_onkey.o)
    0x200001fc   0x0000000c   Data   RW         6405    .data               STemWin528_CM4_Keil.lib(gui_waitevent.o)
    0x20000208   0x00000004   Data   RW         6473    .data               STemWin528_CM4_Keil.lib(wm__sendmessage.o)
    0x2000020c   0x0000000c   Data   RW         6515    .data               STemWin528_CM4_Keil.lib(wm_touch.o)
    0x20000218   0x00000094   Zero   RW          237    .bss                stm32f429i_discovery.o
    0x200002ac   0x000000b8   Zero   RW          771    .bss                stm32f429i_discovery_sdram.o
    0x20000364   0x00003234   Zero   RW         1232    .bss                lcdconf_stm32f429i_disco_mb1075.o
    0x20003598   0x00025800   Zero   RW         1430    .bss                guiconf.o
    0x20028d98   0x0000003c   Zero   RW         1575    .bss                main.o
    0x20028dd4   0x000000cc   Zero   RW         5397    .bss                STemWin528_CM4_Keil.lib(gui_alloc.o)
    0x20028ea0   0x00000070   Zero   RW         5446    .bss                STemWin528_CM4_Keil.lib(gui_core.o)
    0x20028f10   0x0000000c   Zero   RW         5544    .bss                STemWin528_CM4_Keil.lib(gui_touch.o)
    0x20028f1c   0x00000048   Zero   RW         5990    .bss                STemWin528_CM4_Keil.lib(gui_pid.o)
    0x20028f64   0x00000018   Zero   RW         6234    .bss                STemWin528_CM4_Keil.lib(wm.o)
    0x20028f7c   0x00000058   Zero   RW         6359    .bss                STemWin528_CM4_Keil.lib(gui_onkey.o)
    0x20028fd4   0x00000048   Zero   RW         6514    .bss                STemWin528_CM4_Keil.lib(wm_touch.o)
    0x2002901c   0x00000028   Zero   RW         6545    .bss                STemWin528_CM4_Keil.lib(gui_curs1.o)
    0x20029044   0x00000018   Zero   RW         6785    .bss                STemWin528_CM4_Keil.lib(wm_pid__getprevstate.o)
    0x2002905c   0x00000004   PAD
    0x20029060   0x00001000   Zero   RW          832    STACK               startup_stm32f429xx.o

